Archive member included to satisfy reference by file (symbol)

F:/ST/STM32CubeIDE_2.1.0/STM32CubeIDE/plugins/com.st.stm32cube.ide.mcu.externaltools.gnu-tools-for-stm32.14.3.rel1.win32_1.0.100.202602081740/tools/bin/../lib/gcc/arm-none-eabi/14.3.1/../../../../arm-none-eabi/lib/thumb/v7-m/nofp\libc_nano.a(libc_a-exit.o)
                              F:/ST/STM32CubeIDE_2.1.0/STM32CubeIDE/plugins/com.st.stm32cube.ide.mcu.externaltools.gnu-tools-for-stm32.14.3.rel1.win32_1.0.100.202602081740/tools/bin/../lib/gcc/arm-none-eabi/14.3.1/../../../../arm-none-eabi/lib/thumb/v7-m/nofp/crt0.o (exit)
F:/ST/STM32CubeIDE_2.1.0/STM32CubeIDE/plugins/com.st.stm32cube.ide.mcu.externaltools.gnu-tools-for-stm32.14.3.rel1.win32_1.0.100.202602081740/tools/bin/../lib/gcc/arm-none-eabi/14.3.1/../../../../arm-none-eabi/lib/thumb/v7-m/nofp\libc_nano.a(libc_a-findfp.o)
                              F:/ST/STM32CubeIDE_2.1.0/STM32CubeIDE/plugins/com.st.stm32cube.ide.mcu.externaltools.gnu-tools-for-stm32.14.3.rel1.win32_1.0.100.202602081740/tools/bin/../lib/gcc/arm-none-eabi/14.3.1/../../../../arm-none-eabi/lib/thumb/v7-m/nofp\libc_nano.a(libc_a-exit.o) (__stdio_exit_handler)
F:/ST/STM32CubeIDE_2.1.0/STM32CubeIDE/plugins/com.st.stm32cube.ide.mcu.externaltools.gnu-tools-for-stm32.14.3.rel1.win32_1.0.100.202602081740/tools/bin/../lib/gcc/arm-none-eabi/14.3.1/../../../../arm-none-eabi/lib/thumb/v7-m/nofp\libc_nano.a(libc_a-fwalk.o)
                              F:/ST/STM32CubeIDE_2.1.0/STM32CubeIDE/plugins/com.st.stm32cube.ide.mcu.externaltools.gnu-tools-for-stm32.14.3.rel1.win32_1.0.100.202602081740/tools/bin/../lib/gcc/arm-none-eabi/14.3.1/../../../../arm-none-eabi/lib/thumb/v7-m/nofp\libc_nano.a(libc_a-findfp.o) (_fwalk_sglue)
F:/ST/STM32CubeIDE_2.1.0/STM32CubeIDE/plugins/com.st.stm32cube.ide.mcu.externaltools.gnu-tools-for-stm32.14.3.rel1.win32_1.0.100.202602081740/tools/bin/../lib/gcc/arm-none-eabi/14.3.1/../../../../arm-none-eabi/lib/thumb/v7-m/nofp\libc_nano.a(libc_a-stdio.o)
                              F:/ST/STM32CubeIDE_2.1.0/STM32CubeIDE/plugins/com.st.stm32cube.ide.mcu.externaltools.gnu-tools-for-stm32.14.3.rel1.win32_1.0.100.202602081740/tools/bin/../lib/gcc/arm-none-eabi/14.3.1/../../../../arm-none-eabi/lib/thumb/v7-m/nofp\libc_nano.a(libc_a-findfp.o) (__sread)
F:/ST/STM32CubeIDE_2.1.0/STM32CubeIDE/plugins/com.st.stm32cube.ide.mcu.externaltools.gnu-tools-for-stm32.14.3.rel1.win32_1.0.100.202602081740/tools/bin/../lib/gcc/arm-none-eabi/14.3.1/../../../../arm-none-eabi/lib/thumb/v7-m/nofp\libc_nano.a(libc_a-memcmp.o)
                              build/Drivers/flash/flash_storage.o (memcmp)
F:/ST/STM32CubeIDE_2.1.0/STM32CubeIDE/plugins/com.st.stm32cube.ide.mcu.externaltools.gnu-tools-for-stm32.14.3.rel1.win32_1.0.100.202602081740/tools/bin/../lib/gcc/arm-none-eabi/14.3.1/../../../../arm-none-eabi/lib/thumb/v7-m/nofp\libc_nano.a(libc_a-memset.o)
                              F:/ST/STM32CubeIDE_2.1.0/STM32CubeIDE/plugins/com.st.stm32cube.ide.mcu.externaltools.gnu-tools-for-stm32.14.3.rel1.win32_1.0.100.202602081740/tools/bin/../lib/gcc/arm-none-eabi/14.3.1/../../../../arm-none-eabi/lib/thumb/v7-m/nofp/crt0.o (memset)
F:/ST/STM32CubeIDE_2.1.0/STM32CubeIDE/plugins/com.st.stm32cube.ide.mcu.externaltools.gnu-tools-for-stm32.14.3.rel1.win32_1.0.100.202602081740/tools/bin/../lib/gcc/arm-none-eabi/14.3.1/../../../../arm-none-eabi/lib/thumb/v7-m/nofp\libc_nano.a(libc_a-closer.o)
                              F:/ST/STM32CubeIDE_2.1.0/STM32CubeIDE/plugins/com.st.stm32cube.ide.mcu.externaltools.gnu-tools-for-stm32.14.3.rel1.win32_1.0.100.202602081740/tools/bin/../lib/gcc/arm-none-eabi/14.3.1/../../../../arm-none-eabi/lib/thumb/v7-m/nofp\libc_nano.a(libc_a-stdio.o) (_close_r)
F:/ST/STM32CubeIDE_2.1.0/STM32CubeIDE/plugins/com.st.stm32cube.ide.mcu.externaltools.gnu-tools-for-stm32.14.3.rel1.win32_1.0.100.202602081740/tools/bin/../lib/gcc/arm-none-eabi/14.3.1/../../../../arm-none-eabi/lib/thumb/v7-m/nofp\libc_nano.a(libc_a-reent.o)
                              F:/ST/STM32CubeIDE_2.1.0/STM32CubeIDE/plugins/com.st.stm32cube.ide.mcu.externaltools.gnu-tools-for-stm32.14.3.rel1.win32_1.0.100.202602081740/tools/bin/../lib/gcc/arm-none-eabi/14.3.1/../../../../arm-none-eabi/lib/thumb/v7-m/nofp\libc_nano.a(libc_a-closer.o) (errno)
F:/ST/STM32CubeIDE_2.1.0/STM32CubeIDE/plugins/com.st.stm32cube.ide.mcu.externaltools.gnu-tools-for-stm32.14.3.rel1.win32_1.0.100.202602081740/tools/bin/../lib/gcc/arm-none-eabi/14.3.1/../../../../arm-none-eabi/lib/thumb/v7-m/nofp\libc_nano.a(libc_a-impure.o)
                              F:/ST/STM32CubeIDE_2.1.0/STM32CubeIDE/plugins/com.st.stm32cube.ide.mcu.externaltools.gnu-tools-for-stm32.14.3.rel1.win32_1.0.100.202602081740/tools/bin/../lib/gcc/arm-none-eabi/14.3.1/../../../../arm-none-eabi/lib/thumb/v7-m/nofp\libc_nano.a(libc_a-reent.o) (_impure_ptr)
[...]
Memory Configuration

Name             Origin             Length             Attributes
FLASH            0x08000000         0x0007f000         xr
RAM              0x20000000         0x00010000         xrw
*default*        0x00000000         0xffffffff

Linker script and memory map

LOAD F:/ST/STM32CubeIDE_2.1.0/STM32CubeIDE/plugins/com.st.stm32cube.ide.mcu.externaltools.gnu-tools-for-stm32.14.3.rel1.win32_1.0.100.202602081740/tools/bin/../lib/gcc/arm-none-eabi/14.3.1/thumb/v7-m/nofp/crti.o
LOAD F:/ST/STM32CubeIDE_2.1.0/STM32CubeIDE/plugins/com.st.stm32cube.ide.mcu.externaltools.gnu-tools-for-stm32.14.3.rel1.win32_1.0.100.202602081740/tools/bin/../lib/gcc/arm-none-eabi/14.3.1/thumb/v7-m/nofp/crtbegin.o
LOAD F:/ST/STM32CubeIDE_2.1.0/STM32CubeIDE/plugins/com.st.stm32cube.ide.mcu.externaltools.gnu-tools-for-stm32.14.3.rel1.win32_1.0.100.202602081740/tools/bin/../lib/gcc/arm-none-eabi/14.3.1/../../../../arm-none-eabi/lib/thumb/v7-m/nofp/crt0.o
LOAD build/main.o
LOAD build/App/main_app.o
LOAD build/App/data/app_data.o
LOAD build/App/tasks/tasks.o
LOAD build/App/freertos_hooks.o
LOAD build/App/safety/safety.o
LOAD build/App/safety/post.o
LOAD build/App/safety/sensor_sanity.o
LOAD build/Protocol/common/protocol_frame.o
LOAD build/Protocol/ipad/ipad_protocol.o
LOAD build/Protocol/screen/screen_protocol.o
LOAD build/Sensors/co2/co2_sensor.o
LOAD build/Sensors/o2/o2_sensor.o
LOAD build/Sensors/ntc/ntc_sensor.o
LOAD build/Sensors/jfc103/jfc103_sensor.o
LOAD build/Control/temp/temp_control.o
LOAD build/Control/humidity/humidity_control.o
LOAD build/Control/oxygen/oxygen_control.o
LOAD build/Control/timers/control_timers.o
LOAD build/Control/interlocks/interlock.o
LOAD build/Control/lights/light_ctrl.o
LOAD build/Drivers/uart/uart_driver.o
LOAD build/Drivers/adc/adc_driver.o
LOAD build/Drivers/pwm/pwm_driver.o
LOAD build/Drivers/gpio/relay_driver.o
LOAD build/Drivers/flash/flash_storage.o
LOAD build/Lib/STM32F1xx_HAL_Driver/Src/stm32f1xx_hal.o
LOAD build/Lib/STM32F1xx_HAL_Driver/Src/stm32f1xx_hal_cortex.o
LOAD build/Lib/STM32F1xx_HAL_Driver/Src/stm32f1xx_hal_rcc.o
LOAD build/Lib/STM32F1xx_HAL_Driver/Src/stm32f1xx_hal_rcc_ex.o
LOAD build/Lib/STM32F1xx_HAL_Driver/Src/stm32f1xx_hal_gpio.o
LOAD build/Lib/STM32F1xx_HAL_Driver/Src/stm32f1xx_hal_uart.o
LOAD build/Lib/STM32F1xx_HAL_Driver/Src/stm32f1xx_hal_adc.o
LOAD build/Lib/STM32F1xx_HAL_Driver/Src/stm32f1xx_hal_adc_ex.o
LOAD build/Lib/STM32F1xx_HAL_Driver/Src/stm32f1xx_hal_tim.o
LOAD build/Lib/STM32F1xx_HAL_Driver/Src/stm32f1xx_hal_tim_ex.o
LOAD build/Lib/STM32F1xx_HAL_Driver/Src/stm32f1xx_hal_flash.o
LOAD build/Lib/STM32F1xx_HAL_Driver/Src/stm32f1xx_hal_flash_ex.o
LOAD build/Lib/STM32F1xx_HAL_Driver/Src/stm32f1xx_hal_dma.o
LOAD build/Lib/system_stm32f1xx.o
LOAD build/Lib/FreeRTOS/Source/tasks.o
LOAD build/Lib/FreeRTOS/Source/queue.o
LOAD build/Lib/FreeRTOS/Source/list.o
LOAD build/Lib/FreeRTOS/Source/timers.o
LOAD build/Lib/FreeRTOS/Source/portable/GCC/ARM_CM3/port.o
LOAD build/Lib/FreeRTOS/Source/portable/MemMang/heap_1.o
LOAD build/startup_stm32f103xe.o
LOAD F:/ST/STM32CubeIDE_2.1.0/STM32CubeIDE/plugins/com.st.stm32cube.ide.mcu.externaltools.gnu-tools-for-stm32.14.3.rel1.win32_1.0.100.202602081740/tools/bin/../lib/gcc/arm-none-eabi/14.3.1/../../../../arm-none-eabi/lib/thumb/v7-m/nofp\libc_nano.a
LOAD F:/ST/STM32CubeIDE_2.1.0/STM32CubeIDE/plugins/com.st.stm32cube.ide.mcu.externaltools.gnu-tools-for-stm32.14.3.rel1.win32_1.0.100.202602081740/tools/bin/../lib/gcc/arm-none-eabi/14.3.1/../../../../arm-none-eabi/lib/thumb/v7-m/nofp\libm.a
LOAD F:/ST/STM32CubeIDE_2.1.0/STM32CubeIDE/plugins/com.st.stm32cube.ide.mcu.externaltools.gnu-tools-for-stm32.14.3.rel1.win32_1.0.100.202602081740/tools/bin/../lib/gcc/arm-none-eabi/14.3.1/../../../../arm-none-eabi/lib/thumb/v7-m/nofp\libnosys.a
START GROUP
LOAD F:/ST/STM32CubeIDE_2.1.0/STM32CubeIDE/plugins/com.st.stm32cube.ide.mcu.externaltools.gnu-tools-for-stm32.14.3.rel1.win32_1.0.100.202602081740/tools/bin/../lib/gcc/arm-none-eabi/14.3.1/thumb/v7-m/nofp\libgcc.a
LOAD F:/ST/STM32CubeIDE_2.1.0/STM32CubeIDE/plugins/com.st.stm32cube.ide.mcu.externaltools.gnu-tools-for-stm32.14.3.rel1.win32_1.0.100.202602081740/tools/bin/../lib/gcc/arm-none-eabi/14.3.1/../../../../arm-none-eabi/lib/thumb/v7-m/nofp\libc_nano.a
END GROUP
START GROUP
LOAD F:/ST/STM32CubeIDE_2.1.0/STM32CubeIDE/plugins/com.st.stm32cube.ide.mcu.externaltools.gnu-tools-for-stm32.14.3.rel1.win32_1.0.100.202602081740/tools/bin/../lib/gcc/arm-none-eabi/14.3.1/thumb/v7-m/nofp\libgcc.a
LOAD F:/ST/STM32CubeIDE_2.1.0/STM32CubeIDE/plugins/com.st.stm32cube.ide.mcu.externaltools.gnu-tools-for-stm32.14.3.rel1.win32_1.0.100.202602081740/tools/bin/../lib/gcc/arm-none-eabi/14.3.1/../../../../arm-none-eabi/lib/thumb/v7-m/nofp\libc_nano.a
END GROUP
LOAD F:/ST/STM32CubeIDE_2.1.0/STM32CubeIDE/plugins/com.st.stm32cube.ide.mcu.externaltools.gnu-tools-for-stm32.14.3.rel1.win32_1.0.100.202602081740/tools/bin/../lib/gcc/arm-none-eabi/14.3.1/thumb/v7-m/nofp/crtend.o
LOAD F:/ST/STM32CubeIDE_2.1.0/STM32CubeIDE/plugins/com.st.stm32cube.ide.mcu.externaltools.gnu-tools-for-stm32.14.3.rel1.win32_1.0.100.202602081740/tools/bin/../lib/gcc/arm-none-eabi/14.3.1/thumb/v7-m/nofp/crtn.o
                0x20010000                        _estack = (ORIGIN (RAM) + LENGTH (RAM))
                0x00000400                        _Min_Heap_Size = 0x400
                0x00000400                        _Min_Stack_Size = 0x400

.isr_vector     0x08000000      0x130
                0x08000000                        . = ALIGN (0x4)
 *(.isr_vector)
 .isr_vector    0x08000000      0x130 build/startup_stm32f103xe.o
                0x08000000                g_pfnVectors
                0x08000130                        . = ALIGN (0x4)

.text           0x08000130     0x69e8
                0x08000130                        . = ALIGN (0x4)
 *(.text)
 .text          0x08000130      0x21c F:/ST/STM32CubeIDE_2.1.0/STM32CubeIDE/plugins/com.st.stm32cube.ide.mcu.externaltools.gnu-tools-for-stm32.14.3.rel1.win32_1.0.100.202602081740/tools/bin/../lib/gcc/arm-none-eabi/14.3.1/thumb/v7-m/nofp\libgcc.a(_arm_addsubsf3.o)
                0x08000130                __aeabi_frsub
                0x08000138                __subsf3
                0x08000138                __aeabi_fsub
                0x0800013c                __aeabi_fadd
                0x0800013c                __addsf3
                0x0800029c                __aeabi_ui2f
                0x0800029c                __floatunsisf
                0x080002a4                __aeabi_i2f
                0x080002a4                __floatsisf
                0x080002c0                __aeabi_ul2f
                0x080002c0                __floatundisf
                0x080002d0                __aeabi_l2f
                0x080002d0                __floatdisf
 .text          0x0800034c      0x2a0 F:/ST/STM32CubeIDE_2.1.0/STM32CubeIDE/plugins/com.st.stm32cube.ide.mcu.externaltools.gnu-tools-for-stm32.14.3.rel1.win32_1.0.100.202602081740/tools/bin/../lib/gcc/arm-none-eabi/14.3.1/thumb/v7-m/nofp\libgcc.a(_arm_muldivsf3.o)
                0x0800034c                __mulsf3
                0x0800034c                __aeabi_fmul
                0x080004b4                __aeabi_fdiv
                0x080004b4                __divsf3
 .text          0x080005ec       0xec F:/ST/STM32CubeIDE_2.1.0/STM32CubeIDE/plugins/com.st.stm32cube.ide.mcu.externaltools.gnu-tools-for-stm32.14.3.rel1.win32_1.0.100.202602081740/tools/bin/../lib/gcc/arm-none-eabi/14.3.1/thumb/v7-m/nofp\libgcc.a(_arm_cmpsf2.o)
                0x080005ec                __gesf2
                0x080005ec                __gtsf2
                0x080005f4                __lesf2
                0x080005f4                __ltsf2
                0x080005fc                __nesf2
                0x080005fc                __eqsf2
                0x080005fc                __cmpsf2
                0x0800065c                __aeabi_cfrcmple
                0x08000664                __aeabi_cfcmpeq
                0x08000664                __aeabi_cfcmple
                0x08000674                __aeabi_fcmpeq
                0x08000688                __aeabi_fcmplt
                0x0800069c                __aeabi_fcmple
                0x080006b0                __aeabi_fcmpge
                0x080006c4                __aeabi_fcmpgt
 .text          0x080006d8       0x2c F:/ST/STM32CubeIDE_2.1.0/STM32CubeIDE/plugins/com.st.stm32cube.ide.mcu.externaltools.gnu-tools-for-stm32.14.3.rel1.win32_1.0.100.202602081740/tools/bin/../lib/gcc/arm-none-eabi/14.3.1/thumb/v7-m/nofp\libgcc.a(_arm_unordsf2.o)
                0x080006d8                __unordsf2
                0x080006d8                __aeabi_fcmpun
 .text          0x08000704       0x4c F:/ST/STM32CubeIDE_2.1.0/STM32CubeIDE/plugins/com.st.stm32cube.ide.mcu.externaltools.gnu-tools-for-stm32.14.3.rel1.win32_1.0.100.202602081740/tools/bin/../lib/gcc/arm-none-eabi/14.3.1/thumb/v7-m/nofp\libgcc.a(_arm_fixsfsi.o)
                0x08000704                __aeabi_f2iz
                0x08000704                __fixsfsi
 *(.text*)
 .text.startup.main
                0x08000750       0xc4 build/main.o
                0x08000750                main
 .text.app_init
                0x08000814      0x1ec build/App/main_app.o
                0x08000814                app_init
 .text.uart_rx_callback
                0x08000a00       0x78 build/App/main_app.o
                0x08000a00                uart_rx_callback
 .text.app_data_get
                0x08000a78        0x8 build/App/data/app_data.o
                0x08000a78                app_data_get
 .text.app_data_init
                0x08000a80       0x58 build/App/data/app_data.o
                0x08000a80                app_data_init
 .text.app_data_lock
                0x08000ad8        0x4 build/App/data/app_data.o
                0x08000ad8                app_data_lock
 .text.app_data_unlock
                0x08000adc        0x4 build/App/data/app_data.o
                0x08000adc                app_data_unlock
 .text.SystemTask
                0x08000ae0       0x50 build/App/tasks/tasks.o
 .text.CommIPadTask
                0x08000b30       0x40 build/App/tasks/tasks.o
 .text.CommScreenTask
                0x08000b70      0x1bc build/App/tasks/tasks.o
 .text.AlarmTask
                0x08000d2c      0x224 build/App/tasks/tasks.o
 .text.ControlTask
                0x08000f50      0x17c build/App/tasks/tasks.o
 .text.SensorTask
                0x080010cc      0x18c build/App/tasks/tasks.o
 .text.tasks_create_all
                0x08001258       0xc8 build/App/tasks/tasks.o
                0x08001258                tasks_create_all
 .text.SysTick_Handler
                0x08001320       0x18 build/App/freertos_hooks.o
                0x08001320                SysTick_Handler
 .text.vApplicationStackOverflowHook
                0x08001338        0x8 build/App/freertos_hooks.o
                0x08001338                vApplicationStackOverflowHook
 .text.vApplicationMallocFailedHook
                0x08001340        0x8 build/App/freertos_hooks.o
                0x08001340                vApplicationMallocFailedHook
 .text.NMI_Handler
                0x08001348        0x8 build/App/freertos_hooks.o
                0x08001348                NMI_Handler
 .text.HardFault_Handler
                0x08001350        0x8 build/App/freertos_hooks.o
                0x08001350                HardFault_Handler
 .text.MemManage_Handler
                0x08001358        0x8 build/App/freertos_hooks.o
                0x08001358                MemManage_Handler
 .text.BusFault_Handler
                0x08001360        0x8 build/App/freertos_hooks.o
                0x08001360                BusFault_Handler
 .text.UsageFault_Handler
                0x08001368        0x8 build/App/freertos_hooks.o
                0x08001368                UsageFault_Handler
 .text.busy_delay_ms
                0x08001370       0x1a build/App/safety/safety.o
 *fill*         0x0800138a        0x2 
 .text.safety_fatal
                0x0800138c       0xd4 build/App/safety/safety.o
                0x0800138c                safety_fatal
 .text.safety_record
                0x08001460       0x40 build/App/safety/safety.o
                0x08001460                safety_record
 .text.safety_assert_fail
                0x080014a0       0x10 build/App/safety/safety.o
                0x080014a0                safety_assert_fail
 .text.post_run
                0x080014b0       0xc8 build/App/safety/post.o
                0x080014b0                post_run
 .text.sensor_sanity_init
                0x08001578       0x2c build/App/safety/sensor_sanity.o
                0x08001578                sensor_sanity_init
 .text.sensor_sanity_check_temp
                0x080015a4       0x68 build/App/safety/sensor_sanity.o
                0x080015a4                sensor_sanity_check_temp
 .text.sensor_sanity_check_humid
                0x0800160c       0x54 build/App/safety/sensor_sanity.o
                0x0800160c                sensor_sanity_check_humid
 .text.sensor_sanity_check_o2
                0x08001660       0x54 build/App/safety/sensor_sanity.o
                0x08001660                sensor_sanity_check_o2
 .text.sensor_sanity_check_co2
                0x080016b4       0x58 build/App/safety/sensor_sanity.o
                0x080016b4                sensor_sanity_check_co2
 .text.frame_parser_init
                0x0800170c       0x14 build/Protocol/common/protocol_frame.o
                0x0800170c                frame_parser_init
 .text.frame_parser_feed
                0x08001720       0xba build/Protocol/common/protocol_frame.o
                0x08001720                frame_parser_feed
 .text.frame_build_ipad
                0x080017da       0x38 build/Protocol/common/protocol_frame.o
                0x080017da                frame_build_ipad
 .text.frame_build_screen
                0x08001812       0x38 build/Protocol/common/protocol_frame.o
                0x08001812                frame_build_screen
 *fill*         0x0800184a        0x2 
 .text.send_error_response.constprop.0
                0x0800184c       0x28 build/Protocol/ipad/ipad_protocol.o
 .text.ipad_protocol_init
                0x08001874       0x24 build/Protocol/ipad/ipad_protocol.o
                0x08001874                ipad_protocol_init
 .text.ipad_protocol_rx_byte
                0x08001898      0x640 build/Protocol/ipad/ipad_protocol.o
                0x08001898                ipad_protocol_rx_byte
 .text.ipad_protocol_tick
                0x08001ed8       0x24 build/Protocol/ipad/ipad_protocol.o
                0x08001ed8                ipad_protocol_tick
 .text.screen_send_display_data
                0x08001efc      0x158 build/Protocol/screen/screen_protocol.o
                0x08001efc                screen_send_display_data
 .text.screen_send_heartbeat
                0x08002054       0x34 build/Protocol/screen/screen_protocol.o
                0x08002054                screen_send_heartbeat
 .text.screen_protocol_init
                0x08002088       0x24 build/Protocol/screen/screen_protocol.o
                0x08002088                screen_protocol_init
 .text.screen_protocol_rx_byte
                0x080020ac      0x2c0 build/Protocol/screen/screen_protocol.o
                0x080020ac                screen_protocol_rx_byte
 .text.screen_protocol_tick
                0x0800236c       0x34 build/Protocol/screen/screen_protocol.o
                0x0800236c                screen_protocol_tick
 .text.screen_protocol_is_connected
                0x080023a0        0xc build/Protocol/screen/screen_protocol.o
                0x080023a0                screen_protocol_is_connected
 .text.screen_protocol_last_frame_tick
                0x080023ac        0xc build/Protocol/screen/screen_protocol.o
                0x080023ac                screen_protocol_last_frame_tick
 .text.screen_send_encoder_event
                0x080023b8       0x28 build/Protocol/screen/screen_protocol.o
                0x080023b8                screen_send_encoder_event
 .text.co2_sensor_init
                0x080023e0       0x30 build/Sensors/co2/co2_sensor.o
                0x080023e0                co2_sensor_init
 .text.co2_sensor_rx_byte
                0x08002410       0x78 build/Sensors/co2/co2_sensor.o
                0x08002410                co2_sensor_rx_byte
 .text.co2_sensor_get_ppm
                0x08002488        0xc build/Sensors/co2/co2_sensor.o
                0x08002488                co2_sensor_get_ppm
 .text.co2_sensor_is_valid
                0x08002494       0x2c build/Sensors/co2/co2_sensor.o
                0x08002494                co2_sensor_is_valid
 .text.o2_sensor_init
                0x080024c0       0x2c build/Sensors/o2/o2_sensor.o
                0x080024c0                o2_sensor_init
 .text.o2_sensor_rx_byte
                0x080024ec       0xac build/Sensors/o2/o2_sensor.o
                0x080024ec                o2_sensor_rx_byte
 .text.o2_sensor_get_data
                0x08002598       0x10 build/Sensors/o2/o2_sensor.o
                0x08002598                o2_sensor_get_data
 .text.o2_sensor_is_valid
                0x080025a8       0x2c build/Sensors/o2/o2_sensor.o
                0x080025a8                o2_sensor_is_valid
 .text.ntc_filter_init
                0x080025d4       0x50 build/Sensors/ntc/ntc_sensor.o
                0x080025d4                ntc_filter_init
 .text.ntc_adc_to_temp_x10
                0x08002624       0x90 build/Sensors/ntc/ntc_sensor.o
                0x08002624                ntc_adc_to_temp_x10
 .text.ntc_calc_average
                0x080026b4       0xec build/Sensors/ntc/ntc_sensor.o
                0x080026b4                ntc_calc_average
 .text.jfc103_sensor_init
                0x080027a0       0x5c build/Sensors/jfc103/jfc103_sensor.o
                0x080027a0                jfc103_sensor_init
 .text.jfc103_sensor_start
                0x080027fc       0x14 build/Sensors/jfc103/jfc103_sensor.o
                0x080027fc                jfc103_sensor_start
 .text.jfc103_sensor_tick
                0x08002810       0x5c build/Sensors/jfc103/jfc103_sensor.o
                0x08002810                jfc103_sensor_tick
 .text.jfc103_sensor_rx_byte
                0x0800286c       0xa0 build/Sensors/jfc103/jfc103_sensor.o
                0x0800286c                jfc103_sensor_rx_byte
 .text.jfc103_get_heart_rate
                0x0800290c        0xc build/Sensors/jfc103/jfc103_sensor.o
                0x0800290c                jfc103_get_heart_rate
 .text.jfc103_get_spo2
                0x08002918        0xc build/Sensors/jfc103/jfc103_sensor.o
                0x08002918                jfc103_get_spo2
 .text.jfc103_is_valid
                0x08002924       0x2c build/Sensors/jfc103/jfc103_sensor.o
                0x08002924                jfc103_is_valid
 .text.temp_control_update
                0x08002950       0x98 build/Control/temp/temp_control.o
                0x08002950                temp_control_update
 .text.humidity_control_update
                0x080029e8       0xca build/Control/humidity/humidity_control.o
                0x080029e8                humidity_control_update
 .text.oxygen_control_update
                0x08002ab2       0x96 build/Control/oxygen/oxygen_control.o
                0x08002ab2                oxygen_control_update
 .text.control_timers_tick_1s
                0x08002b48       0x6c build/Control/timers/control_timers.o
                0x08002b48                control_timers_tick_1s
 .text.control_timers_start_fog
                0x08002bb4       0x3e build/Control/timers/control_timers.o
                0x08002bb4                control_timers_start_fog
 .text.control_timers_start_disinfect
                0x08002bf2       0x3e build/Control/timers/control_timers.o
                0x08002bf2                control_timers_start_disinfect
 .text.control_timers_reset_o2_accum
                0x08002c30       0x10 build/Control/timers/control_timers.o
                0x08002c30                control_timers_reset_o2_accum
 .text.interlock_apply
                0x08002c40      0x10a build/Control/interlocks/interlock.o
                0x08002c40                interlock_apply
 .text.interlock_can_start_fogging
                0x08002d4a       0x12 build/Control/interlocks/interlock.o
                0x08002d4a                interlock_can_start_fogging
 .text.interlock_can_start_uv
                0x08002d5c       0x12 build/Control/interlocks/interlock.o
                0x08002d5c                interlock_can_start_uv
 .text.light_ctrl_normalize
                0x08002d6e       0x16 build/Control/lights/light_ctrl.o
                0x08002d6e                light_ctrl_normalize
 .text.uart_driver_init
                0x08002d84      0x148 build/Drivers/uart/uart_driver.o
                0x08002d84                uart_driver_init
 .text.uart_driver_start_rx
                0x08002ecc       0x48 build/Drivers/uart/uart_driver.o
                0x08002ecc                uart_driver_start_rx
 .text.uart_driver_send
                0x08002f14       0x40 build/Drivers/uart/uart_driver.o
                0x08002f14                uart_driver_send
 .text.HAL_UART_ErrorCallback
                0x08002f54       0x98 build/Drivers/uart/uart_driver.o
                0x08002f54                HAL_UART_ErrorCallback
 .text.HAL_UART_RxCpltCallback
                0x08002fec       0x78 build/Drivers/uart/uart_driver.o
                0x08002fec                HAL_UART_RxCpltCallback
 .text.uart_driver_recover_screen
                0x08003064       0x6c build/Drivers/uart/uart_driver.o
                0x08003064                uart_driver_recover_screen
 .text.uart_driver_recover_ipad
                0x080030d0       0x70 build/Drivers/uart/uart_driver.o
                0x080030d0                uart_driver_recover_ipad
 .text.USART1_IRQHandler
                0x08003140        0xc build/Drivers/uart/uart_driver.o
                0x08003140                USART1_IRQHandler
 .text.USART2_IRQHandler
                0x0800314c        0xc build/Drivers/uart/uart_driver.o
                0x0800314c                USART2_IRQHandler
 .text.USART3_IRQHandler
                0x08003158        0xc build/Drivers/uart/uart_driver.o
                0x08003158                USART3_IRQHandler
 .text.UART4_IRQHandler
                0x08003164        0xc build/Drivers/uart/uart_driver.o
                0x08003164                UART4_IRQHandler
 .text.UART5_IRQHandler
                0x08003170        0xc build/Drivers/uart/uart_driver.o
                0x08003170                UART5_IRQHandler
 .text.bsp_uart_screen_send
                0x0800317c        0xa build/Drivers/uart/uart_driver.o
                0x0800317c                bsp_uart_screen_send
 *fill*         0x08003186        0x2 
 .text.bsp_uart_ipad_send
                0x08003188       0x10 build/Drivers/uart/uart_driver.o
                0x08003188                bsp_uart_ipad_send
 .text.bsp_uart_jfc103_send
                0x08003198       0x10 build/Drivers/uart/uart_driver.o
                0x08003198                bsp_uart_jfc103_send
 .text.adc_driver_init
                0x080031a8       0x84 build/Drivers/adc/adc_driver.o
                0x080031a8                adc_driver_init
 .text.adc_driver_read_channel
                0x0800322c       0x54 build/Drivers/adc/adc_driver.o
                0x0800322c                adc_driver_read_channel
 .text.adc_driver_read_all
                0x08003280       0x18 build/Drivers/adc/adc_driver.o
                0x08003280                adc_driver_read_all
 .text.ADC1_2_IRQHandler
                0x08003298        0xc build/Drivers/adc/adc_driver.o
                0x08003298                ADC1_2_IRQHandler
 .text.ADC3_IRQHandler
                0x080032a4       0x24 build/Drivers/adc/adc_driver.o
                0x080032a4                ADC3_IRQHandler
 .text.pwm_driver_init
                0x080032c8      0x120 build/Drivers/pwm/pwm_driver.o
                0x080032c8                pwm_driver_init
 .text.pwm_set_fan2_duty
                0x080033e8       0x28 build/Drivers/pwm/pwm_driver.o
                0x080033e8                pwm_set_fan2_duty
 .text.pwm_set_ptc_arbiter
                0x08003410       0x16 build/Drivers/pwm/pwm_driver.o
                0x08003410                pwm_set_ptc_arbiter
 *fill*         0x08003426        0x2 
 .text.relay_driver_init
                0x08003428       0x70 build/Drivers/gpio/relay_driver.o
                0x08003428                relay_driver_init
 .text.relay_driver_apply
                0x08003498       0x30 build/Drivers/gpio/relay_driver.o
                0x08003498                relay_driver_apply
 .text.erase_page
                0x080034c8       0x2a build/Drivers/flash/flash_storage.o
 .text.write_words
                0x080034f2       0x26 build/Drivers/flash/flash_storage.o
 .text.flash_storage_init
                0x08003518      0x18c build/Drivers/flash/flash_storage.o
                0x08003518                flash_storage_init
 .text.flash_storage_save
                0x080036a4       0xa8 build/Drivers/flash/flash_storage.o
                0x080036a4                flash_storage_save
 .text.flash_storage_get_runtime
                0x0800374c        0xc build/Drivers/flash/flash_storage.o
                0x0800374c                flash_storage_get_runtime
 .text.flash_storage_save_config
                0x08003758       0xf0 build/Drivers/flash/flash_storage.o
                0x08003758                flash_storage_save_config
 .text.flash_storage_load_config
                0x08003848       0x48 build/Drivers/flash/flash_storage.o
                0x08003848                flash_storage_load_config
 .text.flash_storage_has_config
                0x08003890        0xc build/Drivers/flash/flash_storage.o
                0x08003890                flash_storage_has_config
 .text.flash_storage_erase_config
                0x0800389c       0x5c build/Drivers/flash/flash_storage.o
                0x0800389c                flash_storage_erase_config
 .text.HAL_MspInit
                0x080038f8        0x2 build/Lib/STM32F1xx_HAL_Driver/Src/stm32f1xx_hal.o
                0x080038f8                HAL_MspInit
 *fill*         0x080038fa        0x2 
 .text.HAL_InitTick
                0x080038fc       0x48 build/Lib/STM32F1xx_HAL_Driver/Src/stm32f1xx_hal.o
                0x080038fc                HAL_InitTick
 .text.HAL_Init
                0x08003944       0x24 build/Lib/STM32F1xx_HAL_Driver/Src/stm32f1xx_hal.o
                0x08003944                HAL_Init
 .text.HAL_IncTick
                0x08003968       0x18 build/Lib/STM32F1xx_HAL_Driver/Src/stm32f1xx_hal.o
                0x08003968                HAL_IncTick
 .text.HAL_GetTick
                0x08003980        0xc build/Lib/STM32F1xx_HAL_Driver/Src/stm32f1xx_hal.o
                0x08003980                HAL_GetTick
 .text.HAL_NVIC_SetPriorityGrouping
                0x0800398c       0x24 build/Lib/STM32F1xx_HAL_Driver/Src/stm32f1xx_hal_cortex.o
                0x0800398c                HAL_NVIC_SetPriorityGrouping
 .text.HAL_NVIC_SetPriority
                0x080039b0       0x60 build/Lib/STM32F1xx_HAL_Driver/Src/stm32f1xx_hal_cortex.o
                0x080039b0                HAL_NVIC_SetPriority
 .text.HAL_NVIC_EnableIRQ
                0x08003a10       0x1c build/Lib/STM32F1xx_HAL_Driver/Src/stm32f1xx_hal_cortex.o
                0x08003a10                HAL_NVIC_EnableIRQ
 .text.HAL_NVIC_DisableIRQ
                0x08003a2c       0x24 build/Lib/STM32F1xx_HAL_Driver/Src/stm32f1xx_hal_cortex.o
                0x08003a2c                HAL_NVIC_DisableIRQ
 .text.HAL_SYSTICK_Config
                0x08003a50       0x28 build/Lib/STM32F1xx_HAL_Driver/Src/stm32f1xx_hal_cortex.o
                0x08003a50                HAL_SYSTICK_Config
 .text.HAL_RCC_OscConfig
                0x08003a78      0x338 build/Lib/STM32F1xx_HAL_Driver/Src/stm32f1xx_hal_rcc.o
                0x08003a78                HAL_RCC_OscConfig
 .text.HAL_RCC_GetSysClockFreq
                0x08003db0       0x74 build/Lib/STM32F1xx_HAL_Driver/Src/stm32f1xx_hal_rcc.o
                0x08003db0                HAL_RCC_GetSysClockFreq
 .text.HAL_RCC_ClockConfig
                0x08003e24      0x138 build/Lib/STM32F1xx_HAL_Driver/Src/stm32f1xx_hal_rcc.o
                0x08003e24                HAL_RCC_ClockConfig
 .text.HAL_RCC_GetPCLK1Freq
                0x08003f5c       0x20 build/Lib/STM32F1xx_HAL_Driver/Src/stm32f1xx_hal_rcc.o
                0x08003f5c                HAL_RCC_GetPCLK1Freq
 .text.HAL_RCC_GetPCLK2Freq
                0x08003f7c       0x20 build/Lib/STM32F1xx_HAL_Driver/Src/stm32f1xx_hal_rcc.o
                0x08003f7c                HAL_RCC_GetPCLK2Freq
 .text.HAL_RCCEx_GetPeriphCLKFreq
                0x08003f9c      0x100 build/Lib/STM32F1xx_HAL_Driver/Src/stm32f1xx_hal_rcc_ex.o
                0x08003f9c                HAL_RCCEx_GetPeriphCLKFreq
 .text.HAL_GPIO_Init
                0x0800409c      0x1c0 build/Lib/STM32F1xx_HAL_Driver/Src/stm32f1xx_hal_gpio.o
                0x0800409c                HAL_GPIO_Init
 .text.HAL_GPIO_ReadPin
                0x0800425c        0xc build/Lib/STM32F1xx_HAL_Driver/Src/stm32f1xx_hal_gpio.o
                0x0800425c                HAL_GPIO_ReadPin
 .text.HAL_GPIO_WritePin
                0x08004268        0xa build/Lib/STM32F1xx_HAL_Driver/Src/stm32f1xx_hal_gpio.o
                0x08004268                HAL_GPIO_WritePin
 .text.UART_EndRxTransfer
                0x08004272       0x1a build/Lib/STM32F1xx_HAL_Driver/Src/stm32f1xx_hal_uart.o
 .text.UART_SetConfig
                0x0800428c       0x74 build/Lib/STM32F1xx_HAL_Driver/Src/stm32f1xx_hal_uart.o
 .text.UART_WaitOnFlagUntilTimeout.constprop.0
                0x08004300       0x50 build/Lib/STM32F1xx_HAL_Driver/Src/stm32f1xx_hal_uart.o
 .text.HAL_UART_MspInit
                0x08004350        0x2 build/Lib/STM32F1xx_HAL_Driver/Src/stm32f1xx_hal_uart.o
                0x08004350                HAL_UART_MspInit
 .text.HAL_UART_Init
                0x08004352       0x5c build/Lib/STM32F1xx_HAL_Driver/Src/stm32f1xx_hal_uart.o
                0x08004352                HAL_UART_Init
 .text.HAL_UART_MspDeInit
                0x080043ae        0x2 build/Lib/STM32F1xx_HAL_Driver/Src/stm32f1xx_hal_uart.o
                0x080043ae                HAL_UART_MspDeInit
 .text.HAL_UART_DeInit
                0x080043b0       0x30 build/Lib/STM32F1xx_HAL_Driver/Src/stm32f1xx_hal_uart.o
                0x080043b0                HAL_UART_DeInit
 .text.HAL_UART_Transmit
                0x080043e0       0xb6 build/Lib/STM32F1xx_HAL_Driver/Src/stm32f1xx_hal_uart.o
                0x080043e0                HAL_UART_Transmit
 .text.HAL_UART_Receive_IT
                0x08004496       0x4e build/Lib/STM32F1xx_HAL_Driver/Src/stm32f1xx_hal_uart.o
                0x08004496                HAL_UART_Receive_IT
 .text.HAL_UART_TxCpltCallback
                0x080044e4        0x2 build/Lib/STM32F1xx_HAL_Driver/Src/stm32f1xx_hal_uart.o
                0x080044e4                HAL_UART_TxCpltCallback
 .text.UART_Receive_IT.isra.0
                0x080044e6       0x70 build/Lib/STM32F1xx_HAL_Driver/Src/stm32f1xx_hal_uart.o
 *fill*         0x08004556        0x2 
 .text.HAL_UART_IRQHandler
                0x08004558      0x140 build/Lib/STM32F1xx_HAL_Driver/Src/stm32f1xx_hal_uart.o
                0x08004558                HAL_UART_IRQHandler
 .text.UART_DMAAbortOnError
                0x08004698       0x10 build/Lib/STM32F1xx_HAL_Driver/Src/stm32f1xx_hal_uart.o
 .text.HAL_UART_AbortReceiveCpltCallback
                0x080046a8        0x2 build/Lib/STM32F1xx_HAL_Driver/Src/stm32f1xx_hal_uart.o
                0x080046a8                HAL_UART_AbortReceiveCpltCallback
 *fill*         0x080046aa        0x2 
 .text.HAL_UART_AbortReceive_IT
                0x080046ac       0x58 build/Lib/STM32F1xx_HAL_Driver/Src/stm32f1xx_hal_uart.o
                0x080046ac                HAL_UART_AbortReceive_IT
 .text.UART_DMARxOnlyAbortCallback
                0x08004704       0x14 build/Lib/STM32F1xx_HAL_Driver/Src/stm32f1xx_hal_uart.o
 .text.HAL_ADC_MspInit
                0x08004718        0x2 build/Lib/STM32F1xx_HAL_Driver/Src/stm32f1xx_hal_adc.o
                0x08004718                HAL_ADC_MspInit
 *fill*         0x0800471a        0x2 
 .text.HAL_ADC_PollForConversion
                0x0800471c      0x138 build/Lib/STM32F1xx_HAL_Driver/Src/stm32f1xx_hal_adc.o
                0x0800471c                HAL_ADC_PollForConversion
 .text.HAL_ADC_GetValue
                0x08004854        0x6 build/Lib/STM32F1xx_HAL_Driver/Src/stm32f1xx_hal_adc.o
                0x08004854                HAL_ADC_GetValue
 .text.HAL_ADC_ConvCpltCallback
                0x0800485a        0x2 build/Lib/STM32F1xx_HAL_Driver/Src/stm32f1xx_hal_adc.o
                0x0800485a                HAL_ADC_ConvCpltCallback
 .text.HAL_ADC_LevelOutOfWindowCallback
                0x0800485c        0x2 build/Lib/STM32F1xx_HAL_Driver/Src/stm32f1xx_hal_adc.o
                0x0800485c                HAL_ADC_LevelOutOfWindowCallback
 .text.HAL_ADC_IRQHandler
                0x0800485e       0xe8 build/Lib/STM32F1xx_HAL_Driver/Src/stm32f1xx_hal_adc.o
                0x0800485e                HAL_ADC_IRQHandler
 *fill*         0x08004946        0x2 
 .text.HAL_ADC_ConfigChannel
                0x08004948       0xfc build/Lib/STM32F1xx_HAL_Driver/Src/stm32f1xx_hal_adc.o
                0x08004948                HAL_ADC_ConfigChannel
 .text.ADC_Enable
                0x08004a44       0x70 build/Lib/STM32F1xx_HAL_Driver/Src/stm32f1xx_hal_adc.o
                0x08004a44                ADC_Enable
 .text.HAL_ADC_Start
                0x08004ab4       0xc4 build/Lib/STM32F1xx_HAL_Driver/Src/stm32f1xx_hal_adc.o
                0x08004ab4                HAL_ADC_Start
 .text.ADC_ConversionStop_Disable
                0x08004b78       0x44 build/Lib/STM32F1xx_HAL_Driver/Src/stm32f1xx_hal_adc.o
                0x08004b78                ADC_ConversionStop_Disable
 .text.HAL_ADC_Init
                0x08004bbc      0x11c build/Lib/STM32F1xx_HAL_Driver/Src/stm32f1xx_hal_adc.o
                0x08004bbc                HAL_ADC_Init
 .text.HAL_ADC_Stop
                0x08004cd8       0x34 build/Lib/STM32F1xx_HAL_Driver/Src/stm32f1xx_hal_adc.o
                0x08004cd8                HAL_ADC_Stop
 .text.HAL_ADCEx_Calibration_Start
                0x08004d0c       0xd0 build/Lib/STM32F1xx_HAL_Driver/Src/stm32f1xx_hal_adc_ex.o
                0x08004d0c                HAL_ADCEx_Calibration_Start
 .text.HAL_ADCEx_InjectedConvCpltCallback
                0x08004ddc        0x2 build/Lib/STM32F1xx_HAL_Driver/Src/stm32f1xx_hal_adc_ex.o
                0x08004ddc                HAL_ADCEx_InjectedConvCpltCallback
 *fill*         0x08004dde        0x2 
 .text.TIM_OC1_SetConfig
                0x08004de0       0x58 build/Lib/STM32F1xx_HAL_Driver/Src/stm32f1xx_hal_tim.o
 .text.TIM_OC3_SetConfig
                0x08004e38       0x5c build/Lib/STM32F1xx_HAL_Driver/Src/stm32f1xx_hal_tim.o
 .text.TIM_OC4_SetConfig
                0x08004e94       0x4c build/Lib/STM32F1xx_HAL_Driver/Src/stm32f1xx_hal_tim.o
 .text.HAL_TIM_PWM_MspInit
                0x08004ee0        0x2 build/Lib/STM32F1xx_HAL_Driver/Src/stm32f1xx_hal_tim.o
                0x08004ee0                HAL_TIM_PWM_MspInit
 *fill*         0x08004ee2        0x2 
 .text.TIM_Base_SetConfig
                0x08004ee4       0x6c build/Lib/STM32F1xx_HAL_Driver/Src/stm32f1xx_hal_tim.o
                0x08004ee4                TIM_Base_SetConfig
 .text.HAL_TIM_PWM_Init
                0x08004f50       0x34 build/Lib/STM32F1xx_HAL_Driver/Src/stm32f1xx_hal_tim.o
                0x08004f50                HAL_TIM_PWM_Init
 .text.TIM_OC2_SetConfig
                0x08004f84       0x60 build/Lib/STM32F1xx_HAL_Driver/Src/stm32f1xx_hal_tim.o
                0x08004f84                TIM_OC2_SetConfig
 .text.HAL_TIM_PWM_ConfigChannel
                0x08004fe4       0xb8 build/Lib/STM32F1xx_HAL_Driver/Src/stm32f1xx_hal_tim.o
                0x08004fe4                HAL_TIM_PWM_ConfigChannel
 .text.TIM_CCxChannelCmd
                0x0800509c       0x1c build/Lib/STM32F1xx_HAL_Driver/Src/stm32f1xx_hal_tim.o
                0x0800509c                TIM_CCxChannelCmd
 .text.HAL_TIM_OC_Start
                0x080050b8       0x3c build/Lib/STM32F1xx_HAL_Driver/Src/stm32f1xx_hal_tim.o
                0x080050b8                HAL_TIM_OC_Start
 .text.HAL_TIM_PWM_Start
                0x080050f4        0x4 build/Lib/STM32F1xx_HAL_Driver/Src/stm32f1xx_hal_tim.o
                0x080050f4                HAL_TIM_PWM_Start
 .text.FLASH_SetErrorCode
                0x080050f8       0x50 build/Lib/STM32F1xx_HAL_Driver/Src/stm32f1xx_hal_flash.o
 .text.HAL_FLASH_Unlock
                0x08005148       0x24 build/Lib/STM32F1xx_HAL_Driver/Src/stm32f1xx_hal_flash.o
                0x08005148                HAL_FLASH_Unlock
 .text.HAL_FLASH_Lock
                0x0800516c       0x14 build/Lib/STM32F1xx_HAL_Driver/Src/stm32f1xx_hal_flash.o
                0x0800516c                HAL_FLASH_Lock
 .text.FLASH_WaitForLastOperation
                0x08005180       0x54 build/Lib/STM32F1xx_HAL_Driver/Src/stm32f1xx_hal_flash.o
                0x08005180                FLASH_WaitForLastOperation
 .text.HAL_FLASH_Program
                0x080051d4       0xa4 build/Lib/STM32F1xx_HAL_Driver/Src/stm32f1xx_hal_flash.o
                0x080051d4                HAL_FLASH_Program
 .text.FLASH_PageErase
                0x08005278       0x24 build/Lib/STM32F1xx_HAL_Driver/Src/stm32f1xx_hal_flash_ex.o
                0x08005278                FLASH_PageErase
 .text.HAL_FLASHEx_Erase
                0x0800529c       0xa8 build/Lib/STM32F1xx_HAL_Driver/Src/stm32f1xx_hal_flash_ex.o
                0x0800529c                HAL_FLASHEx_Erase
 .text.HAL_DMA_Abort_IT
                0x08005344       0xd4 build/Lib/STM32F1xx_HAL_Driver/Src/stm32f1xx_hal_dma.o
                0x08005344                HAL_DMA_Abort_IT
 .text.SystemInit
                0x08005418       0x44 build/Lib/system_stm32f1xx.o
                0x08005418                SystemInit
 .text.prvIdleTask
                0x0800545c       0x24 build/Lib/FreeRTOS/Source/tasks.o
 .text.prvAddCurrentTaskToDelayedList
                0x08005480       0x70 build/Lib/FreeRTOS/Source/tasks.o
 .text.prvResetNextTaskUnblockTime
                0x080054f0       0x24 build/Lib/FreeRTOS/Source/tasks.o
 .text.xTaskCreate
                0x08005514      0x1a4 build/Lib/FreeRTOS/Source/tasks.o
                0x08005514                xTaskCreate
 .text.vTaskStartScheduler
                0x080056b8       0x74 build/Lib/FreeRTOS/Source/tasks.o
                0x080056b8                vTaskStartScheduler
 .text.vTaskSuspendAll
                0x0800572c       0x10 build/Lib/FreeRTOS/Source/tasks.o
                0x0800572c                vTaskSuspendAll
 .text.xTaskGetTickCount
                0x0800573c        0xc build/Lib/FreeRTOS/Source/tasks.o
                0x0800573c                xTaskGetTickCount
 .text.xTaskIncrementTick
                0x08005748      0x124 build/Lib/FreeRTOS/Source/tasks.o
                0x08005748                xTaskIncrementTick
 .text.xTaskResumeAll
                0x0800586c       0xe0 build/Lib/FreeRTOS/Source/tasks.o
                0x0800586c                xTaskResumeAll
 .text.vTaskDelay
                0x0800594c       0x40 build/Lib/FreeRTOS/Source/tasks.o
                0x0800594c                vTaskDelay
 .text.vTaskSwitchContext
                0x0800598c       0x94 build/Lib/FreeRTOS/Source/tasks.o
                0x0800598c                vTaskSwitchContext
 .text.vTaskPlaceOnEventList
                0x08005a20       0x28 build/Lib/FreeRTOS/Source/tasks.o
                0x08005a20                vTaskPlaceOnEventList
 .text.vTaskPlaceOnEventListRestricted
                0x08005a48       0x34 build/Lib/FreeRTOS/Source/tasks.o
                0x08005a48                vTaskPlaceOnEventListRestricted
 .text.xTaskRemoveFromEventList
                0x08005a7c       0x78 build/Lib/FreeRTOS/Source/tasks.o
                0x08005a7c                xTaskRemoveFromEventList
 .text.vTaskInternalSetTimeOutState
                0x08005af4       0x18 build/Lib/FreeRTOS/Source/tasks.o
                0x08005af4                vTaskInternalSetTimeOutState
 .text.xTaskCheckForTimeOut
                0x08005b0c       0x64 build/Lib/FreeRTOS/Source/tasks.o
                0x08005b0c                xTaskCheckForTimeOut
 .text.vTaskMissedYield
                0x08005b70        0xc build/Lib/FreeRTOS/Source/tasks.o
                0x08005b70                vTaskMissedYield
 .text.xTaskGetSchedulerState
                0x08005b7c       0x20 build/Lib/FreeRTOS/Source/tasks.o
                0x08005b7c                xTaskGetSchedulerState
 .text.xTaskPriorityDisinherit
                0x08005b9c       0x6c build/Lib/FreeRTOS/Source/tasks.o
                0x08005b9c                xTaskPriorityDisinherit
 .text.prvIsQueueEmpty
                0x08005c08       0x16 build/Lib/FreeRTOS/Source/queue.o
 .text.prvCopyDataToQueue
                0x08005c1e       0x66 build/Lib/FreeRTOS/Source/queue.o
 .text.prvCopyDataFromQueue
                0x08005c84       0x26 build/Lib/FreeRTOS/Source/queue.o
 .text.prvUnlockQueue
                0x08005caa       0x6c build/Lib/FreeRTOS/Source/queue.o
 .text.xQueueGenericReset
                0x08005d16       0x72 build/Lib/FreeRTOS/Source/queue.o
                0x08005d16                xQueueGenericReset
 .text.xQueueGenericCreate
                0x08005d88       0x38 build/Lib/FreeRTOS/Source/queue.o
                0x08005d88                xQueueGenericCreate
 .text.xQueueGenericSend
                0x08005dc0      0x136 build/Lib/FreeRTOS/Source/queue.o
                0x08005dc0                xQueueGenericSend
 .text.xQueueGenericSendFromISR
                0x08005ef6       0x96 build/Lib/FreeRTOS/Source/queue.o
                0x08005ef6                xQueueGenericSendFromISR
 .text.xQueueReceive
                0x08005f8c      0x11c build/Lib/FreeRTOS/Source/queue.o
                0x08005f8c                xQueueReceive
 .text.vQueueAddToRegistry
                0x080060a8       0x24 build/Lib/FreeRTOS/Source/queue.o
                0x080060a8                vQueueAddToRegistry
 .text.vQueueWaitForMessageRestricted
                0x080060cc       0x46 build/Lib/FreeRTOS/Source/queue.o
                0x080060cc                vQueueWaitForMessageRestricted
 .text.vListInitialise
                0x08006112       0x16 build/Lib/FreeRTOS/Source/list.o
                0x08006112                vListInitialise
 .text.vListInitialiseItem
                0x08006128        0x6 build/Lib/FreeRTOS/Source/list.o
                0x08006128                vListInitialiseItem
 .text.vListInsertEnd
                0x0800612e       0x16 build/Lib/FreeRTOS/Source/list.o
                0x0800612e                vListInsertEnd
 .text.vListInsert
                0x08006144       0x2e build/Lib/FreeRTOS/Source/list.o
                0x08006144                vListInsert
 .text.uxListRemove
                0x08006172       0x20 build/Lib/FreeRTOS/Source/list.o
                0x08006172                uxListRemove
 *fill*         0x08006192        0x2 
 .text.prvInsertTimerInActiveList
                0x08006194       0x3c build/Lib/FreeRTOS/Source/timers.o
 .text.prvCheckForValidListAndQueue
                0x080061d0       0x58 build/Lib/FreeRTOS/Source/timers.o
 .text.xTimerCreateTimerTask
                0x08006228       0x44 build/Lib/FreeRTOS/Source/timers.o
                0x08006228                xTimerCreateTimerTask
 .text.xTimerGenericCommand
                0x0800626c       0x50 build/Lib/FreeRTOS/Source/timers.o
                0x0800626c                xTimerGenericCommand
 .text.prvSwitchTimerLists
                0x080062bc       0x68 build/Lib/FreeRTOS/Source/timers.o
 .text.prvTimerTask
                0x08006324      0x1a0 build/Lib/FreeRTOS/Source/timers.o
 .text.prvPortStartFirstTask
                0x080064c4       0x20 build/Lib/FreeRTOS/Source/portable/GCC/ARM_CM3/port.o
 .text.prvTaskExitError
                0x080064e4       0x34 build/Lib/FreeRTOS/Source/portable/GCC/ARM_CM3/port.o
 .text.pxPortInitialiseStack
                0x08006518       0x24 build/Lib/FreeRTOS/Source/portable/GCC/ARM_CM3/port.o
                0x08006518                pxPortInitialiseStack
 *fill*         0x0800653c        0x4 
 .text.SVC_Handler
                0x08006540       0x24 build/Lib/FreeRTOS/Source/portable/GCC/ARM_CM3/port.o
                0x08006540                SVC_Handler
 .text.vPortEnterCritical
                0x08006564       0x38 build/Lib/FreeRTOS/Source/portable/GCC/ARM_CM3/port.o
                0x08006564                vPortEnterCritical
 .text.vPortExitCritical
                0x0800659c       0x20 build/Lib/FreeRTOS/Source/portable/GCC/ARM_CM3/port.o
                0x0800659c                vPortExitCritical
 *fill*         0x080065bc        0x4 
 .text.PendSV_Handler
                0x080065c0       0x44 build/Lib/FreeRTOS/Source/portable/GCC/ARM_CM3/port.o
                0x080065c0                PendSV_Handler
 .text.xPortSysTickHandler
                0x08006604       0x2c build/Lib/FreeRTOS/Source/portable/GCC/ARM_CM3/port.o
                0x08006604                xPortSysTickHandler
 .text.vPortSetupTimerInterrupt
                0x08006630       0x24 build/Lib/FreeRTOS/Source/portable/GCC/ARM_CM3/port.o
                0x08006630                vPortSetupTimerInterrupt
 .text.xPortStartScheduler
                0x08006654       0xa8 build/Lib/FreeRTOS/Source/portable/GCC/ARM_CM3/port.o
                0x08006654                xPortStartScheduler
 .text.vPortValidateInterruptPriority
                0x080066fc       0x48 build/Lib/FreeRTOS/Source/portable/GCC/ARM_CM3/port.o
                0x080066fc                vPortValidateInterruptPriority
 .text.pvPortMalloc
                0x08006744       0x5c build/Lib/FreeRTOS/Source/portable/MemMang/heap_1.o
                0x08006744                pvPortMalloc
 .text.vPortFree
                0x080067a0        0xc build/Lib/FreeRTOS/Source/portable/MemMang/heap_1.o
                0x080067a0                vPortFree
 .text.Reset_Handler
                0x080067ac       0x44 build/startup_stm32f103xe.o
                0x080067ac                Reset_Handler
 .text.Default_Handler
                0x080067f0        0x4 build/startup_stm32f103xe.o
                0x080067f0                RTC_Alarm_IRQHandler
                0x080067f0                EXTI2_IRQHandler
                0x080067f0                TIM8_TRG_COM_IRQHandler
                0x080067f0                TIM8_CC_IRQHandler
                0x080067f0                DebugMon_Handler
                0x080067f0                TIM1_CC_IRQHandler
                0x080067f0                TIM6_IRQHandler
                0x080067f0                PVD_IRQHandler
                0x080067f0                SDIO_IRQHandler
                0x080067f0                EXTI3_IRQHandler
                0x080067f0                EXTI0_IRQHandler
                0x080067f0                I2C2_EV_IRQHandler
                0x080067f0                SPI1_IRQHandler
                0x080067f0                TAMPER_IRQHandler
                0x080067f0                TIM8_UP_IRQHandler
                0x080067f0                DMA2_Channel2_IRQHandler
                0x080067f0                DMA1_Channel4_IRQHandler
                0x080067f0                RTC_IRQHandler
                0x080067f0                DMA1_Channel7_IRQHandler
                0x080067f0                CAN1_RX1_IRQHandler
                0x080067f0                TIM4_IRQHandler
                0x080067f0                DMA2_Channel1_IRQHandler
                0x080067f0                I2C1_EV_IRQHandler
                0x080067f0                DMA1_Channel6_IRQHandler
                0x080067f0                TIM3_IRQHandler
                0x080067f0                RCC_IRQHandler
                0x080067f0                TIM1_TRG_COM_IRQHandler
                0x080067f0                DMA1_Channel1_IRQHandler
                0x080067f0                Default_Handler
                0x080067f0                EXTI15_10_IRQHandler
                0x080067f0                TIM7_IRQHandler
                0x080067f0                TIM5_IRQHandler
                0x080067f0                EXTI9_5_IRQHandler
                0x080067f0                SPI2_IRQHandler
                0x080067f0                DMA1_Channel5_IRQHandler
                0x080067f0                EXTI4_IRQHandler
                0x080067f0                USB_LP_CAN1_RX0_IRQHandler
                0x080067f0                USB_HP_CAN1_TX_IRQHandler
                0x080067f0                DMA1_Channel3_IRQHandler
                0x080067f0                FSMC_IRQHandler
                0x080067f0                TIM1_UP_IRQHandler
                0x080067f0                WWDG_IRQHandler
                0x080067f0                TIM2_IRQHandler
                0x080067f0                TIM1_BRK_IRQHandler
                0x080067f0                EXTI1_IRQHandler
                0x080067f0                DMA2_Channel4_5_IRQHandler
                0x080067f0                I2C2_ER_IRQHandler
                0x080067f0                DMA1_Channel2_IRQHandler
                0x080067f0                TIM8_BRK_IRQHandler
                0x080067f0                CAN1_SCE_IRQHandler
                0x080067f0                FLASH_IRQHandler
                0x080067f0                SPI3_IRQHandler
                0x080067f0                I2C1_ER_IRQHandler
                0x080067f0                USBWakeUp_IRQHandler
                0x080067f0                DMA2_Channel3_IRQHandler
 .text.memcmp   0x080067f4       0x20 F:/ST/STM32CubeIDE_2.1.0/STM32CubeIDE/plugins/com.st.stm32cube.ide.mcu.externaltools.gnu-tools-for-stm32.14.3.rel1.win32_1.0.100.202602081740/tools/bin/../lib/gcc/arm-none-eabi/14.3.1/../../../../arm-none-eabi/lib/thumb/v7-m/nofp\libc_nano.a(libc_a-memcmp.o)
                0x080067f4                memcmp
 .text.memset   0x08006814       0x10 F:/ST/STM32CubeIDE_2.1.0/STM32CubeIDE/plugins/com.st.stm32cube.ide.mcu.externaltools.gnu-tools-for-stm32.14.3.rel1.win32_1.0.100.202602081740/tools/bin/../lib/gcc/arm-none-eabi/14.3.1/../../../../arm-none-eabi/lib/thumb/v7-m/nofp\libc_nano.a(libc_a-memset.o)
                0x08006814                memset
 .text.memcpy   0x08006824       0x1c F:/ST/STM32CubeIDE_2.1.0/STM32CubeIDE/plugins/com.st.stm32cube.ide.mcu.externaltools.gnu-tools-for-stm32.14.3.rel1.win32_1.0.100.202602081740/tools/bin/../lib/gcc/arm-none-eabi/14.3.1/../../../../arm-none-eabi/lib/thumb/v7-m/nofp\libc_nano.a(libc_a-memcpy-stub.o)
                0x08006824                memcpy
 .text.logf     0x08006840       0x54 F:/ST/STM32CubeIDE_2.1.0/STM32CubeIDE/plugins/com.st.stm32cube.ide.mcu.externaltools.gnu-tools-for-stm32.14.3.rel1.win32_1.0.100.202602081740/tools/bin/../lib/gcc/arm-none-eabi/14.3.1/../../../../arm-none-eabi/lib/thumb/v7-m/nofp\libm.a(libm_a-wf_log.o)
                0x08006840                logf
 .text.nanf     0x08006894        0x8 F:/ST/STM32CubeIDE_2.1.0/STM32CubeIDE/plugins/com.st.stm32cube.ide.mcu.externaltools.gnu-tools-for-stm32.14.3.rel1.win32_1.0.100.202602081740/tools/bin/../lib/gcc/arm-none-eabi/14.3.1/../../../../arm-none-eabi/lib/thumb/v7-m/nofp\libm.a(libm_a-sf_nan.o)
                0x08006894                nanf
 .text.__ieee754_logf
                0x0800689c      0x258 F:/ST/STM32CubeIDE_2.1.0/STM32CubeIDE/plugins/com.st.stm32cube.ide.mcu.externaltools.gnu-tools-for-stm32.14.3.rel1.win32_1.0.100.202602081740/tools/bin/../lib/gcc/arm-none-eabi/14.3.1/../../../../arm-none-eabi/lib/thumb/v7-m/nofp\libm.a(libm_a-ef_log.o)
                0x0800689c                __ieee754_logf
 .text.__errno  0x08006af4        0xc F:/ST/STM32CubeIDE_2.1.0/STM32CubeIDE/plugins/com.st.stm32cube.ide.mcu.externaltools.gnu-tools-for-stm32.14.3.rel1.win32_1.0.100.202602081740/tools/bin/../lib/gcc/arm-none-eabi/14.3.1/../../../../arm-none-eabi/lib/thumb/v7-m/nofp\libc_nano.a(libc_a-errno.o)
                0x08006af4                __errno
 *(.glue_7)
 .glue_7        0x08006b00        0x0 linker stubs
 *(.glue_7t)
 .glue_7t       0x08006b00        0x0 linker stubs
 *(.init)
 .init          0x08006b00        0x4 F:/ST/STM32CubeIDE_2.1.0/STM32CubeIDE/plugins/com.st.stm32cube.ide.mcu.externaltools.gnu-tools-for-stm32.14.3.rel1.win32_1.0.100.202602081740/tools/bin/../lib/gcc/arm-none-eabi/14.3.1/thumb/v7-m/nofp/crti.o
                0x08006b00                _init
 .init          0x08006b04        0x8 F:/ST/STM32CubeIDE_2.1.0/STM32CubeIDE/plugins/com.st.stm32cube.ide.mcu.externaltools.gnu-tools-for-stm32.14.3.rel1.win32_1.0.100.202602081740/tools/bin/../lib/gcc/arm-none-eabi/14.3.1/thumb/v7-m/nofp/crtn.o
 *(.fini)
 .fini          0x08006b0c        0x4 F:/ST/STM32CubeIDE_2.1.0/STM32CubeIDE/plugins/com.st.stm32cube.ide.mcu.externaltools.gnu-tools-for-stm32.14.3.rel1.win32_1.0.100.202602081740/tools/bin/../lib/gcc/arm-none-eabi/14.3.1/thumb/v7-m/nofp/crti.o
                0x08006b0c                _fini
 .fini          0x08006b10        0x8 F:/ST/STM32CubeIDE_2.1.0/STM32CubeIDE/plugins/com.st.stm32cube.ide.mcu.externaltools.gnu-tools-for-stm32.14.3.rel1.win32_1.0.100.202602081740/tools/bin/../lib/gcc/arm-none-eabi/14.3.1/thumb/v7-m/nofp/crtn.o
                0x08006b18                        . = ALIGN (0x4)
                0x08006b18                        _etext = .

.vfp11_veneer   0x08006b18        0x0
 .vfp11_veneer  0x08006b18        0x0 linker stubs

.v4_bx          0x08006b18        0x0
 .v4_bx         0x08006b18        0x0 linker stubs

.iplt           0x08006b18        0x0
 .iplt          0x08006b18        0x0 build/main.o

.rodata         0x08006b18      0x160
                0x08006b18                        . = ALIGN (0x4)
 *(.rodata)
 .rodata        0x08006b18       0x10 build/App/safety/safety.o
 *(.rodata*)
 .rodata.tasks_create_all.str1.1
                0x08006b28       0x50 build/App/tasks/tasks.o
                                 0x2d (size before relaxing)
 .rodata.enc_table.8
                0x08006b78       0x10 build/App/tasks/tasks.o
 .rodata.s_uart_config
                0x08006b88       0x78 build/Drivers/uart/uart_driver.o
 .rodata.s_channels
                0x08006c00       0x10 build/Drivers/adc/adc_driver.o
 .rodata.pwm_fan_level_duty
                0x08006c10        0x4 build/Drivers/pwm/pwm_driver.o
                0x08006c10                pwm_fan_level_duty
 .rodata.s_relay_map
                0x08006c14       0x48 build/Drivers/gpio/relay_driver.o
 .rodata.HAL_RCC_GetSysClockFreq.str1.1
                0x08006c5c       0x11 build/Lib/STM32F1xx_HAL_Driver/Src/stm32f1xx_hal_rcc.o
 .rodata.HAL_RCCEx_GetPeriphCLKFreq.str1.1
                0x08006c5c       0x11 build/Lib/STM32F1xx_HAL_Driver/Src/stm32f1xx_hal_rcc_ex.o
 .rodata.APBPrescTable
                0x08006c5c        0x8 build/Lib/system_stm32f1xx.o
                0x08006c5c                APBPrescTable
 .rodata.AHBPrescTable
                0x08006c64       0x10 build/Lib/system_stm32f1xx.o
                0x08006c64                AHBPrescTable
 .rodata.vTaskStartScheduler.str1.1
                0x08006c74        0x5 build/Lib/FreeRTOS/Source/tasks.o
 .rodata.prvCheckForValidListAndQueue.str1.1
                0x08006c74        0x5 build/Lib/FreeRTOS/Source/timers.o
 .rodata.xTimerCreateTimerTask.str1.1
                0x08006c74        0x8 build/Lib/FreeRTOS/Source/timers.o
 .rodata.logf.str1.4
                0x08006c74        0x1 F:/ST/STM32CubeIDE_2.1.0/STM32CubeIDE/plugins/com.st.stm32cube.ide.mcu.externaltools.gnu-tools-for-stm32.14.3.rel1.win32_1.0.100.202602081740/tools/bin/../lib/gcc/arm-none-eabi/14.3.1/../../../../arm-none-eabi/lib/thumb/v7-m/nofp\libm.a(libm_a-wf_log.o)
                0x08006c7c                        . = ALIGN (0x4)
 *fill*         0x08006c75        0x3 

.rel.dyn        0x08006c78        0x0
 .rel.iplt      0x08006c78        0x0 build/main.o

.ARM.extab
 *(.ARM.extab* .gnu.linkonce.armextab.*)

.ARM            0x08006c78        0x0
                0x08006c78                        __exidx_start = .
 *(.ARM.exidx*)
                0x08006c78                        __exidx_end = .
                0x08006c78                        _sidata = LOADADDR (.data)

.data           0x20000000       0x68 load address 0x08006c78
                0x20000000                        . = ALIGN (0x4)
                0x20000000                        _sdata = .
 *(.data)
 *(.data*)
 .data.enc_last.9
                0x20000000        0x1 build/App/tasks/tasks.o
 *fill*         0x20000001        0x1 
 .data.s_prev_co2
                0x20000002        0x2 build/App/safety/sensor_sanity.o
 .data.s_prev_o2
                0x20000004        0x2 build/App/safety/sensor_sanity.o
 .data.s_prev_humid
                0x20000006        0x2 build/App/safety/sensor_sanity.o
 .data.s_prev_temp
                0x20000008        0x2 build/App/safety/sensor_sanity.o
 .data.uwTickFreq
                0x2000000a        0x1 build/Lib/STM32F1xx_HAL_Driver/Src/stm32f1xx_hal.o
                0x2000000a                uwTickFreq
 *fill*         0x2000000b        0x1 
 .data.uwTickPrio
                0x2000000c        0x4 build/Lib/STM32F1xx_HAL_Driver/Src/stm32f1xx_hal.o
                0x2000000c                uwTickPrio
 .data.SystemCoreClock
                0x20000010        0x4 build/Lib/system_stm32f1xx.o
                0x20000010                SystemCoreClock
 .data.uxCriticalNesting
                0x20000014        0x4 build/Lib/FreeRTOS/Source/portable/GCC/ARM_CM3/port.o
 .data._impure_ptr
                0x20000018        0x4 F:/ST/STM32CubeIDE_2.1.0/STM32CubeIDE/plugins/com.st.stm32cube.ide.mcu.externaltools.gnu-tools-for-stm32.14.3.rel1.win32_1.0.100.202602081740/tools/bin/../lib/gcc/arm-none-eabi/14.3.1/../../../../arm-none-eabi/lib/thumb/v7-m/nofp\libc_nano.a(libc_a-impure.o)
                0x20000018                _impure_ptr
 .data._impure_data
                0x2000001c       0x4c F:/ST/STM32CubeIDE_2.1.0/STM32CubeIDE/plugins/com.st.stm32cube.ide.mcu.externaltools.gnu-tools-for-stm32.14.3.rel1.win32_1.0.100.202602081740/tools/bin/../lib/gcc/arm-none-eabi/14.3.1/../../../../arm-none-eabi/lib/thumb/v7-m/nofp\libc_nano.a(libc_a-impure.o)
                0x2000001c                _impure_data
                0x20000068                        . = ALIGN (0x4)
                0x20000068                        _edata = .

.igot.plt       0x20000068        0x0 load address 0x08006ce0
 .igot.plt      0x20000068        0x0 build/main.o

.bss            0x20000068     0x8bf8 load address 0x08006ce0
                0x20000068                        . = ALIGN (0x4)
                0x20000068                        _sbss = .
                0x20000068                        __bss_start__ = _sbss
 *(.bss)
 *(.bss*)
 .bss.g_screen_rx_queue
                0x20000068        0x4 build/App/main_app.o
                0x20000068                g_screen_rx_queue
 .bss.g_ipad_rx_queue
                0x2000006c        0x4 build/App/main_app.o
                0x2000006c                g_ipad_rx_queue
 .bss.g_app_data
                0x20000070       0x74 build/App/data/app_data.o
 .bss.pb6_cnt.0
                0x200000e4        0x1 build/App/tasks/tasks.o
 .bss.pd8_cnt.1
                0x200000e5        0x1 build/App/tasks/tasks.o
 .bss.buzzer_blink_cnt.2
                0x200000e6        0x1 build/App/tasks/tasks.o
 *fill*         0x200000e7        0x1 
 .bss.push_tick.3
                0x200000e8        0x4 build/App/tasks/tasks.o
 .bss.push_long_sent.4
                0x200000ec        0x1 build/App/tasks/tasks.o
 .bss.push_debounce.5
                0x200000ed        0x1 build/App/tasks/tasks.o
 .bss.push_state.6
                0x200000ee        0x1 build/App/tasks/tasks.o
 .bss.enc_accum.7
                0x200000ef        0x1 build/App/tasks/tasks.o
 .bss.s_in_fatal.0
                0x200000f0        0x1 build/App/safety/safety.o
 .bss.s_last_evt
                0x200000f1        0x1 build/App/safety/safety.o
 *fill*         0x200000f2        0x2 
 .bss.s_log_count
                0x200000f4        0x4 build/App/safety/safety.o
 .bss.s_log_head
                0x200000f8        0x4 build/App/safety/safety.o
 .bss.s_post_ram_scratch
                0x200000fc      0x200 build/App/safety/post.o
 .bss.s_tx_buf  0x200002fc      0x100 build/Protocol/ipad/ipad_protocol.o
 .bss.s_connected
                0x200003fc        0x1 build/Protocol/ipad/ipad_protocol.o
 *fill*         0x200003fd        0x3 
 .bss.s_last_rx_time_ms
                0x20000400        0x4 build/Protocol/ipad/ipad_protocol.o
 .bss.s_parser  0x20000404       0x87 build/Protocol/ipad/ipad_protocol.o
 .bss.s_tx_buf  0x2000048b       0x40 build/Protocol/screen/screen_protocol.o
 .bss.s_connected
                0x200004cb        0x1 build/Protocol/screen/screen_protocol.o
 .bss.s_last_rx_time_ms
                0x200004cc        0x4 build/Protocol/screen/screen_protocol.o
 .bss.s_parser  0x200004d0       0x87 build/Protocol/screen/screen_protocol.o
 .bss.s_valid   0x20000557        0x1 build/Sensors/co2/co2_sensor.o
 .bss.s_last_valid_tick
                0x20000558        0x4 build/Sensors/co2/co2_sensor.o
 .bss.s_co2_ppm
                0x2000055c        0x2 build/Sensors/co2/co2_sensor.o
 .bss.s_idx     0x2000055e        0x1 build/Sensors/co2/co2_sensor.o
 .bss.s_buf     0x2000055f        0x9 build/Sensors/co2/co2_sensor.o
 .bss.s_valid   0x20000568        0x1 build/Sensors/o2/o2_sensor.o
 *fill*         0x20000569        0x3 
 .bss.s_last_valid_tick
                0x2000056c        0x4 build/Sensors/o2/o2_sensor.o
 .bss.s_data    0x20000570        0x8 build/Sensors/o2/o2_sensor.o
 .bss.s_idx     0x20000578        0x1 build/Sensors/o2/o2_sensor.o
 .bss.s_buf     0x20000579        0xc build/Sensors/o2/o2_sensor.o
 .bss.s_filt_warmup
                0x20000585        0x1 build/Sensors/ntc/ntc_sensor.o
 .bss.s_filt_idx
                0x20000586        0x1 build/Sensors/ntc/ntc_sensor.o
 *fill*         0x20000587        0x1 
 .bss.s_filt_avg
                0x20000588       0x3c build/Sensors/ntc/ntc_sensor.o
 .bss.s_filt_ch
                0x200005c4       0xf0 build/Sensors/ntc/ntc_sensor.o
 .bss.s_data_flowing
                0x200006b4        0x1 build/Sensors/jfc103/jfc103_sensor.o
 .bss.s_synced  0x200006b5        0x1 build/Sensors/jfc103/jfc103_sensor.o
 .bss.s_valid   0x200006b6        0x1 build/Sensors/jfc103/jfc103_sensor.o
 *fill*         0x200006b7        0x1 
 .bss.s_last_send_tick
                0x200006b8        0x4 build/Sensors/jfc103/jfc103_sensor.o
 .bss.s_last_frame_tick
                0x200006bc        0x4 build/Sensors/jfc103/jfc103_sensor.o
 .bss.s_last_valid_tick
                0x200006c0        0x4 build/Sensors/jfc103/jfc103_sensor.o
 .bss.s_spo2    0x200006c4        0x1 build/Sensors/jfc103/jfc103_sensor.o
 .bss.s_heart_rate
                0x200006c5        0x1 build/Sensors/jfc103/jfc103_sensor.o
 .bss.s_idx     0x200006c6        0x1 build/Sensors/jfc103/jfc103_sensor.o
 .bss.s_buf     0x200006c7       0x58 build/Sensors/jfc103/jfc103_sensor.o
 .bss.g_uart_ipad_recover_pending
                0x2000071f        0x1 build/Drivers/uart/uart_driver.o
                0x2000071f                g_uart_ipad_recover_pending
 .bss.g_uart_screen_recover_pending
                0x20000720        0x1 build/Drivers/uart/uart_driver.o
                0x20000720                g_uart_screen_recover_pending
 *fill*         0x20000721        0x3 
 .bss.g_uart_last_errcode
                0x20000724       0x14 build/Drivers/uart/uart_driver.o
                0x20000724                g_uart_last_errcode
 .bss.g_uart_rx_rearm_fail
                0x20000738       0x14 build/Drivers/uart/uart_driver.o
                0x20000738                g_uart_rx_rearm_fail
 .bss.g_uart_rx_err
                0x2000074c       0x14 build/Drivers/uart/uart_driver.o
                0x2000074c                g_uart_rx_err
 .bss.g_uart_rx_ok
                0x20000760       0x14 build/Drivers/uart/uart_driver.o
                0x20000760                g_uart_rx_ok
 .bss.s_rx_byte
                0x20000774        0x5 build/Drivers/uart/uart_driver.o
 *fill*         0x20000779        0x3 
 .bss.s_huart   0x2000077c      0x140 build/Drivers/uart/uart_driver.o
 .bss.s_hadc1   0x200008bc       0x30 build/Drivers/adc/adc_driver.o
 .bss.s_htim1   0x200008ec       0x40 build/Drivers/pwm/pwm_driver.o
 .bss.s_current_bitmap
                0x2000092c        0x2 build/Drivers/gpio/relay_driver.o
 .bss.s_config_valid
                0x2000092e        0x1 build/Drivers/flash/flash_storage.o
 .bss.s_config_next_page
                0x2000092f        0x1 build/Drivers/flash/flash_storage.o
 .bss.s_config_current
                0x20000930       0x24 build/Drivers/flash/flash_storage.o
 .bss.s_runtime_next_page
                0x20000954        0x1 build/Drivers/flash/flash_storage.o
 *fill*         0x20000955        0x3 
 .bss.s_runtime_current
                0x20000958        0xc build/Drivers/flash/flash_storage.o
 .bss.uwTick    0x20000964        0x4 build/Lib/STM32F1xx_HAL_Driver/Src/stm32f1xx_hal.o
                0x20000964                uwTick
 .bss.pFlash    0x20000968       0x20 build/Lib/STM32F1xx_HAL_Driver/Src/stm32f1xx_hal_flash.o
                0x20000968                pFlash
 .bss.uxSchedulerSuspended
                0x20000988        0x4 build/Lib/FreeRTOS/Source/tasks.o
 .bss.xIdleTaskHandle
                0x2000098c        0x4 build/Lib/FreeRTOS/Source/tasks.o
 .bss.xNextTaskUnblockTime
                0x20000990        0x4 build/Lib/FreeRTOS/Source/tasks.o
 .bss.uxTaskNumber
                0x20000994        0x4 build/Lib/FreeRTOS/Source/tasks.o
 .bss.xNumOfOverflows
                0x20000998        0x4 build/Lib/FreeRTOS/Source/tasks.o
 .bss.xYieldPending
                0x2000099c        0x4 build/Lib/FreeRTOS/Source/tasks.o
 .bss.uxPendedTicks
                0x200009a0        0x4 build/Lib/FreeRTOS/Source/tasks.o
 .bss.xSchedulerRunning
                0x200009a4        0x4 build/Lib/FreeRTOS/Source/tasks.o
 .bss.uxTopReadyPriority
                0x200009a8        0x4 build/Lib/FreeRTOS/Source/tasks.o
 .bss.xTickCount
                0x200009ac        0x4 build/Lib/FreeRTOS/Source/tasks.o
 .bss.uxCurrentNumberOfTasks
                0x200009b0        0x4 build/Lib/FreeRTOS/Source/tasks.o
 .bss.xSuspendedTaskList
                0x200009b4       0x14 build/Lib/FreeRTOS/Source/tasks.o
 .bss.xPendingReadyList
                0x200009c8       0x14 build/Lib/FreeRTOS/Source/tasks.o
 .bss.pxOverflowDelayedTaskList
                0x200009dc        0x4 build/Lib/FreeRTOS/Source/tasks.o
 .bss.pxDelayedTaskList
                0x200009e0        0x4 build/Lib/FreeRTOS/Source/tasks.o
 .bss.xDelayedTaskList2
                0x200009e4       0x14 build/Lib/FreeRTOS/Source/tasks.o
 .bss.xDelayedTaskList1
                0x200009f8       0x14 build/Lib/FreeRTOS/Source/tasks.o
 .bss.pxReadyTasksLists
                0x20000a0c       0x8c build/Lib/FreeRTOS/Source/tasks.o
 .bss.pxCurrentTCB
                0x20000a98        0x4 build/Lib/FreeRTOS/Source/tasks.o
                0x20000a98                pxCurrentTCB
 .bss.xQueueRegistry
                0x20000a9c       0x40 build/Lib/FreeRTOS/Source/queue.o
                0x20000a9c                xQueueRegistry
 .bss.xLastTime.0
                0x20000adc        0x4 build/Lib/FreeRTOS/Source/timers.o
 .bss.xTimerTaskHandle
                0x20000ae0        0x4 build/Lib/FreeRTOS/Source/timers.o
 .bss.xTimerQueue
                0x20000ae4        0x4 build/Lib/FreeRTOS/Source/timers.o
 .bss.pxOverflowTimerList
                0x20000ae8        0x4 build/Lib/FreeRTOS/Source/timers.o
 .bss.pxCurrentTimerList
                0x20000aec        0x4 build/Lib/FreeRTOS/Source/timers.o
 .bss.xActiveTimerList2
                0x20000af0       0x14 build/Lib/FreeRTOS/Source/timers.o
 .bss.xActiveTimerList1
                0x20000b04       0x14 build/Lib/FreeRTOS/Source/timers.o
 .bss.ulMaxPRIGROUPValue
                0x20000b18        0x4 build/Lib/FreeRTOS/Source/portable/GCC/ARM_CM3/port.o
 .bss.ucMaxSysCallPriority
                0x20000b1c        0x1 build/Lib/FreeRTOS/Source/portable/GCC/ARM_CM3/port.o
 *fill*         0x20000b1d        0x3 
 .bss.pucAlignedHeap.0
                0x20000b20        0x4 build/Lib/FreeRTOS/Source/portable/MemMang/heap_1.o
 .bss.xNextFreeByte
                0x20000b24        0x4 build/Lib/FreeRTOS/Source/portable/MemMang/heap_1.o
 .bss.ucHeap    0x20000b28     0x8000 build/Lib/FreeRTOS/Source/portable/MemMang/heap_1.o
 .bss.__sf      0x20008b28      0x138 F:/ST/STM32CubeIDE_2.1.0/STM32CubeIDE/plugins/com.st.stm32cube.ide.mcu.externaltools.gnu-tools-for-stm32.14.3.rel1.win32_1.0.100.202602081740/tools/bin/../lib/gcc/arm-none-eabi/14.3.1/../../../../arm-none-eabi/lib/thumb/v7-m/nofp\libc_nano.a(libc_a-findfp.o)
                0x20008b28                __sf
 *(COMMON)
                0x20008c60                        . = ALIGN (0x4)
                0x20008c60                        _ebss = .
                0x20008c60                        __bss_end__ = _ebss

._user_heap_stack
                0x20008c60      0x800 load address 0x08006ce0
                0x20008c60                        . = ALIGN (0x8)
                0x20008c60                        PROVIDE (end = .)
                [!provide]                        PROVIDE (_end = .)
                0x20009060                        . = (. + _Min_Heap_Size)
 *fill*         0x20008c60      0x400 
                0x20009460                        . = (. + _Min_Stack_Size)
 *fill*         0x20009060      0x400 
                0x20009460                        . = ALIGN (0x8)

/DISCARD/
 libc.a(*)
 libm.a(*)
 libgcc.a(*)
OUTPUT(build/firmware.elf elf32-littlearm)
LOAD linker stubs
LOAD F:/ST/STM32CubeIDE_2.1.0/STM32CubeIDE/plugins/com.st.stm32cube.ide.mcu.externaltools.gnu-tools-for-stm32.14.3.rel1.win32_1.0.100.202602081740/tools/bin/../lib/gcc/arm-none-eabi/14.3.1/../../../../arm-none-eabi/lib/thumb/v7-m/nofp\libc.a
LOAD F:/ST/STM32CubeIDE_2.1.0/STM32CubeIDE/plugins/com.st.stm32cube.ide.mcu.externaltools.gnu-tools-for-stm32.14.3.rel1.win32_1.0.100.202602081740/tools/bin/../lib/gcc/arm-none-eabi/14.3.1/../../../../arm-none-eabi/lib/thumb/v7-m/nofp\libm.a
LOAD F:/ST/STM32CubeIDE_2.1.0/STM32CubeIDE/plugins/com.st.stm32cube.ide.mcu.externaltools.gnu-tools-for-stm32.14.3.rel1.win32_1.0.100.202602081740/tools/bin/../lib/gcc/arm-none-eabi/14.3.1/thumb/v7-m/nofp\libgcc.a

.ARM.attributes
                0x00000000       0x29
 .ARM.attributes
                0x00000000       0x1d F:/ST/STM32CubeIDE_2.1.0/STM32CubeIDE/plugins/com.st.stm32cube.ide.mcu.externaltools.gnu-tools-for-stm32.14.3.rel1.win32_1.0.100.202602081740/tools/bin/../lib/gcc/arm-none-eabi/14.3.1/thumb/v7-m/nofp/crti.o
 .ARM.attributes
                0x0000001d       0x2d build/main.o
 .ARM.attributes
                0x0000004a       0x2d build/App/main_app.o
 .ARM.attributes
                0x00000077       0x2d build/App/data/app_data.o
 .ARM.attributes
                0x000000a4       0x2d build/App/tasks/tasks.o
 .ARM.attributes
                0x000000d1       0x2d build/App/freertos_hooks.o
 .ARM.attributes
                0x000000fe       0x2d build/App/safety/safety.o
 .ARM.attributes
                0x0000012b       0x2d build/App/safety/post.o
 .ARM.attributes
                0x00000158       0x2d build/App/safety/sensor_sanity.o
 .ARM.attributes
                0x00000185       0x2d build/Protocol/common/protocol_frame.o
 .ARM.attributes
                0x000001b2       0x2d build/Protocol/ipad/ipad_protocol.o
 .ARM.attributes
                0x000001df       0x2d build/Protocol/screen/screen_protocol.o
 .ARM.attributes
                0x0000020c       0x2d build/Sensors/co2/co2_sensor.o
 .ARM.attributes
                0x00000239       0x2d build/Sensors/o2/o2_sensor.o
 .ARM.attributes
                0x00000266       0x2d build/Sensors/ntc/ntc_sensor.o
 .ARM.attributes
                0x00000293       0x2d build/Sensors/jfc103/jfc103_sensor.o
 .ARM.attributes
                0x000002c0       0x2d build/Control/temp/temp_control.o
 .ARM.attributes
                0x000002ed       0x2d build/Control/humidity/humidity_control.o
 .ARM.attributes
                0x0000031a       0x2d build/Control/oxygen/oxygen_control.o
 .ARM.attributes
                0x00000347       0x2d build/Control/timers/control_timers.o
 .ARM.attributes
                0x00000374       0x2d build/Control/interlocks/interlock.o
 .ARM.attributes
                0x000003a1       0x2d build/Control/lights/light_ctrl.o
 .ARM.attributes
                0x000003ce       0x2d build/Drivers/uart/uart_driver.o
 .ARM.attributes
                0x000003fb       0x2d build/Drivers/adc/adc_driver.o
 .ARM.attributes
                0x00000428       0x2d build/Drivers/pwm/pwm_driver.o
 .ARM.attributes
                0x00000455       0x2d build/Drivers/gpio/relay_driver.o
 .ARM.attributes
                0x00000482       0x2d build/Drivers/flash/flash_storage.o
 .ARM.attributes
                0x000004af       0x2d build/Lib/STM32F1xx_HAL_Driver/Src/stm32f1xx_hal.o
 .ARM.attributes
                0x000004dc       0x2d build/Lib/STM32F1xx_HAL_Driver/Src/stm32f1xx_hal_cortex.o
 .ARM.attributes
                0x00000509       0x2d build/Lib/STM32F1xx_HAL_Driver/Src/stm32f1xx_hal_rcc.o
 .ARM.attributes
                0x00000536       0x2d build/Lib/STM32F1xx_HAL_Driver/Src/stm32f1xx_hal_rcc_ex.o
 .ARM.attributes
                0x00000563       0x2d build/Lib/STM32F1xx_HAL_Driver/Src/stm32f1xx_hal_gpio.o
 .ARM.attributes
                0x00000590       0x2d build/Lib/STM32F1xx_HAL_Driver/Src/stm32f1xx_hal_uart.o
 .ARM.attributes
                0x000005bd       0x2d build/Lib/STM32F1xx_HAL_Driver/Src/stm32f1xx_hal_adc.o
 .ARM.attributes
                0x000005ea       0x2d build/Lib/STM32F1xx_HAL_Driver/Src/stm32f1xx_hal_adc_ex.o
 .ARM.attributes
                0x00000617       0x2d build/Lib/STM32F1xx_HAL_Driver/Src/stm32f1xx_hal_tim.o
 .ARM.attributes
                0x00000644       0x2d build/Lib/STM32F1xx_HAL_Driver/Src/stm32f1xx_hal_flash.o
 .ARM.attributes
                0x00000671       0x2d build/Lib/STM32F1xx_HAL_Driver/Src/stm32f1xx_hal_flash_ex.o
 .ARM.attributes
                0x0000069e       0x2d build/Lib/STM32F1xx_HAL_Driver/Src/stm32f1xx_hal_dma.o
 .ARM.attributes
                0x000006cb       0x2d build/Lib/system_stm32f1xx.o
 .ARM.attributes
                0x000006f8       0x2d build/Lib/FreeRTOS/Source/tasks.o
 .ARM.attributes
                0x00000725       0x2d build/Lib/FreeRTOS/Source/queue.o
 .ARM.attributes
                0x00000752       0x2d build/Lib/FreeRTOS/Source/list.o
 .ARM.attributes
                0x0000077f       0x2d build/Lib/FreeRTOS/Source/timers.o
 .ARM.attributes
                0x000007ac       0x2d build/Lib/FreeRTOS/Source/portable/GCC/ARM_CM3/port.o
 .ARM.attributes
                0x000007d9       0x2d build/Lib/FreeRTOS/Source/portable/MemMang/heap_1.o
 .ARM.attributes
                0x00000806       0x21 build/startup_stm32f103xe.o
 .ARM.attributes
                0x00000827       0x2d F:/ST/STM32CubeIDE_2.1.0/STM32CubeIDE/plugins/com.st.stm32cube.ide.mcu.externaltools.gnu-tools-for-stm32.14.3.rel1.win32_1.0.100.202602081740/tools/bin/../lib/gcc/arm-none-eabi/14.3.1/../../../../arm-none-eabi/lib/thumb/v7-m/nofp\libc_nano.a(libc_a-findfp.o)
 .ARM.attributes
                0x00000854       0x2d F:/ST/STM32CubeIDE_2.1.0/STM32CubeIDE/plugins/com.st.stm32cube.ide.mcu.externaltools.gnu-tools-for-stm32.14.3.rel1.win32_1.0.100.202602081740/tools/bin/../lib/gcc/arm-none-eabi/14.3.1/../../../../arm-none-eabi/lib/thumb/v7-m/nofp\libc_nano.a(libc_a-memcmp.o)
 .ARM.attributes
                0x00000881       0x2d F:/ST/STM32CubeIDE_2.1.0/STM32CubeIDE/plugins/com.st.stm32cube.ide.mcu.externaltools.gnu-tools-for-stm32.14.3.rel1.win32_1.0.100.202602081740/tools/bin/../lib/gcc/arm-none-eabi/14.3.1/../../../../arm-none-eabi/lib/thumb/v7-m/nofp\libc_nano.a(libc_a-memset.o)
 .ARM.attributes
                0x000008ae       0x2d F:/ST/STM32CubeIDE_2.1.0/STM32CubeIDE/plugins/com.st.stm32cube.ide.mcu.externaltools.gnu-tools-for-stm32.14.3.rel1.win32_1.0.100.202602081740/tools/bin/../lib/gcc/arm-none-eabi/14.3.1/../../../../arm-none-eabi/lib/thumb/v7-m/nofp\libc_nano.a(libc_a-impure.o)
 .ARM.attributes
                0x000008db       0x2d F:/ST/STM32CubeIDE_2.1.0/STM32CubeIDE/plugins/com.st.stm32cube.ide.mcu.externaltools.gnu-tools-for-stm32.14.3.rel1.win32_1.0.100.202602081740/tools/bin/../lib/gcc/arm-none-eabi/14.3.1/../../../../arm-none-eabi/lib/thumb/v7-m/nofp\libc_nano.a(libc_a-memcpy-stub.o)
 .ARM.attributes
                0x00000908       0x2d F:/ST/STM32CubeIDE_2.1.0/STM32CubeIDE/plugins/com.st.stm32cube.ide.mcu.externaltools.gnu-tools-for-stm32.14.3.rel1.win32_1.0.100.202602081740/tools/bin/../lib/gcc/arm-none-eabi/14.3.1/../../../../arm-none-eabi/lib/thumb/v7-m/nofp\libm.a(libm_a-wf_log.o)
 .ARM.attributes
                0x00000935       0x2d F:/ST/STM32CubeIDE_2.1.0/STM32CubeIDE/plugins/com.st.stm32cube.ide.mcu.externaltools.gnu-tools-for-stm32.14.3.rel1.win32_1.0.100.202602081740/tools/bin/../lib/gcc/arm-none-eabi/14.3.1/../../../../arm-none-eabi/lib/thumb/v7-m/nofp\libm.a(libm_a-sf_nan.o)
 .ARM.attributes
                0x00000962       0x2d F:/ST/STM32CubeIDE_2.1.0/STM32CubeIDE/plugins/com.st.stm32cube.ide.mcu.externaltools.gnu-tools-for-stm32.14.3.rel1.win32_1.0.100.202602081740/tools/bin/../lib/gcc/arm-none-eabi/14.3.1/../../../../arm-none-eabi/lib/thumb/v7-m/nofp\libm.a(libm_a-ef_log.o)
 .ARM.attributes
                0x0000098f       0x1d F:/ST/STM32CubeIDE_2.1.0/STM32CubeIDE/plugins/com.st.stm32cube.ide.mcu.externaltools.gnu-tools-for-stm32.14.3.rel1.win32_1.0.100.202602081740/tools/bin/../lib/gcc/arm-none-eabi/14.3.1/thumb/v7-m/nofp\libgcc.a(_arm_addsubsf3.o)
 .ARM.attributes
                0x000009ac       0x1d F:/ST/STM32CubeIDE_2.1.0/STM32CubeIDE/plugins/com.st.stm32cube.ide.mcu.externaltools.gnu-tools-for-stm32.14.3.rel1.win32_1.0.100.202602081740/tools/bin/../lib/gcc/arm-none-eabi/14.3.1/thumb/v7-m/nofp\libgcc.a(_arm_muldivsf3.o)
 .ARM.attributes
                0x000009c9       0x1d F:/ST/STM32CubeIDE_2.1.0/STM32CubeIDE/plugins/com.st.stm32cube.ide.mcu.externaltools.gnu-tools-for-stm32.14.3.rel1.win32_1.0.100.202602081740/tools/bin/../lib/gcc/arm-none-eabi/14.3.1/thumb/v7-m/nofp\libgcc.a(_arm_cmpsf2.o)
 .ARM.attributes
                0x000009e6       0x1d F:/ST/STM32CubeIDE_2.1.0/STM32CubeIDE/plugins/com.st.stm32cube.ide.mcu.externaltools.gnu-tools-for-stm32.14.3.rel1.win32_1.0.100.202602081740/tools/bin/../lib/gcc/arm-none-eabi/14.3.1/thumb/v7-m/nofp\libgcc.a(_arm_unordsf2.o)
 .ARM.attributes
                0x00000a03       0x1d F:/ST/STM32CubeIDE_2.1.0/STM32CubeIDE/plugins/com.st.stm32cube.ide.mcu.externaltools.gnu-tools-for-stm32.14.3.rel1.win32_1.0.100.202602081740/tools/bin/../lib/gcc/arm-none-eabi/14.3.1/thumb/v7-m/nofp\libgcc.a(_arm_fixsfsi.o)
 .ARM.attributes
                0x00000a20       0x2d F:/ST/STM32CubeIDE_2.1.0/STM32CubeIDE/plugins/com.st.stm32cube.ide.mcu.externaltools.gnu-tools-for-stm32.14.3.rel1.win32_1.0.100.202602081740/tools/bin/../lib/gcc/arm-none-eabi/14.3.1/../../../../arm-none-eabi/lib/thumb/v7-m/nofp\libc_nano.a(libc_a-errno.o)
 .ARM.attributes
                0x00000a4d       0x1d F:/ST/STM32CubeIDE_2.1.0/STM32CubeIDE/plugins/com.st.stm32cube.ide.mcu.externaltools.gnu-tools-for-stm32.14.3.rel1.win32_1.0.100.202602081740/tools/bin/../lib/gcc/arm-none-eabi/14.3.1/thumb/v7-m/nofp/crtn.o

.comment        0x00000000       0x43
 .comment       0x00000000       0x43 build/main.o
                                 0x44 (size before relaxing)
 .comment       0x00000043       0x44 build/App/main_app.o
 .comment       0x00000043       0x44 build/App/data/app_data.o
 .comment       0x00000043       0x44 build/App/tasks/tasks.o
 .comment       0x00000043       0x44 build/App/freertos_hooks.o
 .comment       0x00000043       0x44 build/App/safety/safety.o
 .comment       0x00000043       0x44 build/App/safety/post.o
 .comment       0x00000043       0x44 build/App/safety/sensor_sanity.o
 .comment       0x00000043       0x44 build/Protocol/common/protocol_frame.o
 .comment       0x00000043       0x44 build/Protocol/ipad/ipad_protocol.o
 .comment       0x00000043       0x44 build/Protocol/screen/screen_protocol.o
 .comment       0x00000043       0x44 build/Sensors/co2/co2_sensor.o
 .comment       0x00000043       0x44 build/Sensors/o2/o2_sensor.o
 .comment       0x00000043       0x44 build/Sensors/ntc/ntc_sensor.o
 .comment       0x00000043       0x44 build/Sensors/jfc103/jfc103_sensor.o
 .comment       0x00000043       0x44 build/Control/temp/temp_control.o
 .comment       0x00000043       0x44 build/Control/humidity/humidity_control.o
 .comment       0x00000043       0x44 build/Control/oxygen/oxygen_control.o
 .comment       0x00000043       0x44 build/Control/timers/control_timers.o
 .comment       0x00000043       0x44 build/Control/interlocks/interlock.o
 .comment       0x00000043       0x44 build/Control/lights/light_ctrl.o
 .comment       0x00000043       0x44 build/Drivers/uart/uart_driver.o
 .comment       0x00000043       0x44 build/Drivers/adc/adc_driver.o
 .comment       0x00000043       0x44 build/Drivers/pwm/pwm_driver.o
 .comment       0x00000043       0x44 build/Drivers/gpio/relay_driver.o
 .comment       0x00000043       0x44 build/Drivers/flash/flash_storage.o
 .comment       0x00000043       0x44 build/Lib/STM32F1xx_HAL_Driver/Src/stm32f1xx_hal.o
 .comment       0x00000043       0x44 build/Lib/STM32F1xx_HAL_Driver/Src/stm32f1xx_hal_cortex.o
 .comment       0x00000043       0x44 build/Lib/STM32F1xx_HAL_Driver/Src/stm32f1xx_hal_rcc.o
 .comment       0x00000043       0x44 build/Lib/STM32F1xx_HAL_Driver/Src/stm32f1xx_hal_rcc_ex.o
 .comment       0x00000043       0x44 build/Lib/STM32F1xx_HAL_Driver/Src/stm32f1xx_hal_gpio.o
 .comment       0x00000043       0x44 build/Lib/STM32F1xx_HAL_Driver/Src/stm32f1xx_hal_uart.o
 .comment       0x00000043       0x44 build/Lib/STM32F1xx_HAL_Driver/Src/stm32f1xx_hal_adc.o
 .comment       0x00000043       0x44 build/Lib/STM32F1xx_HAL_Driver/Src/stm32f1xx_hal_adc_ex.o
 .comment       0x00000043       0x44 build/Lib/STM32F1xx_HAL_Driver/Src/stm32f1xx_hal_tim.o
 .comment       0x00000043       0x44 build/Lib/STM32F1xx_HAL_Driver/Src/stm32f1xx_hal_flash.o
 .comment       0x00000043       0x44 build/Lib/STM32F1xx_HAL_Driver/Src/stm32f1xx_hal_flash_ex.o
 .comment       0x00000043       0x44 build/Lib/STM32F1xx_HAL_Driver/Src/stm32f1xx_hal_dma.o
 .comment       0x00000043       0x44 build/Lib/system_stm32f1xx.o
 .comment       0x00000043       0x44 build/Lib/FreeRTOS/Source/tasks.o
 .comment       0x00000043       0x44 build/Lib/FreeRTOS/Source/queue.o
 .comment       0x00000043       0x44 build/Lib/FreeRTOS/Source/list.o
 .comment       0x00000043       0x44 build/Lib/FreeRTOS/Source/timers.o
 .comment       0x00000043       0x44 build/Lib/FreeRTOS/Source/portable/GCC/ARM_CM3/port.o
 .comment       0x00000043       0x44 build/Lib/FreeRTOS/Source/portable/MemMang/heap_1.o

.debug_frame    0x00000000      0x3f4
 .debug_frame   0x00000000      0x144 F:/ST/STM32CubeIDE_2.1.0/STM32CubeIDE/plugins/com.st.stm32cube.ide.mcu.externaltools.gnu-tools-for-stm32.14.3.rel1.win32_1.0.100.202602081740/tools/bin/../lib/gcc/arm-none-eabi/14.3.1/../../../../arm-none-eabi/lib/thumb/v7-m/nofp\libc_nano.a(libc_a-findfp.o)
 .debug_frame   0x00000144       0x28 F:/ST/STM32CubeIDE_2.1.0/STM32CubeIDE/plugins/com.st.stm32cube.ide.mcu.externaltools.gnu-tools-for-stm32.14.3.rel1.win32_1.0.100.202602081740/tools/bin/../lib/gcc/arm-none-eabi/14.3.1/../../../../arm-none-eabi/lib/thumb/v7-m/nofp\libc_nano.a(libc_a-memcmp.o)
 .debug_frame   0x0000016c       0x20 F:/ST/STM32CubeIDE_2.1.0/STM32CubeIDE/plugins/com.st.stm32cube.ide.mcu.externaltools.gnu-tools-for-stm32.14.3.rel1.win32_1.0.100.202602081740/tools/bin/../lib/gcc/arm-none-eabi/14.3.1/../../../../arm-none-eabi/lib/thumb/v7-m/nofp\libc_nano.a(libc_a-memset.o)
 .debug_frame   0x0000018c       0x28 F:/ST/STM32CubeIDE_2.1.0/STM32CubeIDE/plugins/com.st.stm32cube.ide.mcu.externaltools.gnu-tools-for-stm32.14.3.rel1.win32_1.0.100.202602081740/tools/bin/../lib/gcc/arm-none-eabi/14.3.1/../../../../arm-none-eabi/lib/thumb/v7-m/nofp\libc_nano.a(libc_a-memcpy-stub.o)
 .debug_frame   0x000001b4       0x34 F:/ST/STM32CubeIDE_2.1.0/STM32CubeIDE/plugins/com.st.stm32cube.ide.mcu.externaltools.gnu-tools-for-stm32.14.3.rel1.win32_1.0.100.202602081740/tools/bin/../lib/gcc/arm-none-eabi/14.3.1/../../../../arm-none-eabi/lib/thumb/v7-m/nofp\libm.a(libm_a-wf_log.o)
 .debug_frame   0x000001e8       0x20 F:/ST/STM32CubeIDE_2.1.0/STM32CubeIDE/plugins/com.st.stm32cube.ide.mcu.externaltools.gnu-tools-for-stm32.14.3.rel1.win32_1.0.100.202602081740/tools/bin/../lib/gcc/arm-none-eabi/14.3.1/../../../../arm-none-eabi/lib/thumb/v7-m/nofp\libm.a(libm_a-sf_nan.o)
 .debug_frame   0x00000208       0x38 F:/ST/STM32CubeIDE_2.1.0/STM32CubeIDE/plugins/com.st.stm32cube.ide.mcu.externaltools.gnu-tools-for-stm32.14.3.rel1.win32_1.0.100.202602081740/tools/bin/../lib/gcc/arm-none-eabi/14.3.1/../../../../arm-none-eabi/lib/thumb/v7-m/nofp\libm.a(libm_a-ef_log.o)
 .debug_frame   0x00000240       0x4c F:/ST/STM32CubeIDE_2.1.0/STM32CubeIDE/plugins/com.st.stm32cube.ide.mcu.externaltools.gnu-tools-for-stm32.14.3.rel1.win32_1.0.100.202602081740/tools/bin/../lib/gcc/arm-none-eabi/14.3.1/thumb/v7-m/nofp\libgcc.a(_arm_addsubsf3.o)
 .debug_frame   0x0000028c       0x38 F:/ST/STM32CubeIDE_2.1.0/STM32CubeIDE/plugins/com.st.stm32cube.ide.mcu.externaltools.gnu-tools-for-stm32.14.3.rel1.win32_1.0.100.202602081740/tools/bin/../lib/gcc/arm-none-eabi/14.3.1/thumb/v7-m/nofp\libgcc.a(_arm_muldivsf3.o)
 .debug_frame   0x000002c4       0xc8 F:/ST/STM32CubeIDE_2.1.0/STM32CubeIDE/plugins/com.st.stm32cube.ide.mcu.externaltools.gnu-tools-for-stm32.14.3.rel1.win32_1.0.100.202602081740/tools/bin/../lib/gcc/arm-none-eabi/14.3.1/thumb/v7-m/nofp\libgcc.a(_arm_cmpsf2.o)
 .debug_frame   0x0000038c       0x24 F:/ST/STM32CubeIDE_2.1.0/STM32CubeIDE/plugins/com.st.stm32cube.ide.mcu.externaltools.gnu-tools-for-stm32.14.3.rel1.win32_1.0.100.202602081740/tools/bin/../lib/gcc/arm-none-eabi/14.3.1/thumb/v7-m/nofp\libgcc.a(_arm_unordsf2.o)
 .debug_frame   0x000003b0       0x24 F:/ST/STM32CubeIDE_2.1.0/STM32CubeIDE/plugins/com.st.stm32cube.ide.mcu.externaltools.gnu-tools-for-stm32.14.3.rel1.win32_1.0.100.202602081740/tools/bin/../lib/gcc/arm-none-eabi/14.3.1/thumb/v7-m/nofp\libgcc.a(_arm_fixsfsi.o)
 .debug_frame   0x000003d4       0x20 F:/ST/STM32CubeIDE_2.1.0/STM32CubeIDE/plugins/com.st.stm32cube.ide.mcu.externaltools.gnu-tools-for-stm32.14.3.rel1.win32_1.0.100.202602081740/tools/bin/../lib/gcc/arm-none-eabi/14.3.1/../../../../arm-none-eabi/lib/thumb/v7-m/nofp\libc_nano.a(libc_a-errno.o)

Cross Reference Table

Symbol                                            File
ADC1_2_IRQHandler                                 build/Drivers/adc/adc_driver.o
ADC3_IRQHandler                                   build/Drivers/adc/adc_driver.o
ADC_ConversionStop_Disable                        build/Lib/STM32F1xx_HAL_Driver/Src/stm32f1xx_hal_adc.o
                                                  build/Lib/STM32F1xx_HAL_Driver/Src/stm32f1xx_hal_adc_ex.o
ADC_DMAConvCplt                                   build/Lib/STM32F1xx_HAL_Driver/Src/stm32f1xx_hal_adc.o
                                                  build/Lib/STM32F1xx_HAL_Driver/Src/stm32f1xx_hal_adc_ex.o
ADC_DMAError                                      build/Lib/STM32F1xx_HAL_Driver/Src/stm32f1xx_hal_adc.o
                                                  build/Lib/STM32F1xx_HAL_Driver/Src/stm32f1xx_hal_adc_ex.o
ADC_DMAHalfConvCplt                               build/Lib/STM32F1xx_HAL_Driver/Src/stm32f1xx_hal_adc.o
                                                  build/Lib/STM32F1xx_HAL_Driver/Src/stm32f1xx_hal_adc_ex.o
ADC_Enable                                        build/Lib/STM32F1xx_HAL_Driver/Src/stm32f1xx_hal_adc.o
                                                  build/Lib/STM32F1xx_HAL_Driver/Src/stm32f1xx_hal_adc_ex.o
AHBPrescTable                                     build/Lib/system_stm32f1xx.o
                                                  build/Lib/STM32F1xx_HAL_Driver/Src/stm32f1xx_hal_rcc.o
APBPrescTable                                     build/Lib/system_stm32f1xx.o
                                                  build/Lib/STM32F1xx_HAL_Driver/Src/stm32f1xx_hal_rcc.o
BusFault_Handler                                  build/App/freertos_hooks.o
CAN1_RX1_IRQHandler                               build/startup_stm32f103xe.o
CAN1_SCE_IRQHandler                               build/startup_stm32f103xe.o
DMA1_Channel1_IRQHandler                          build/startup_stm32f103xe.o
DMA1_Channel2_IRQHandler                          build/startup_stm32f103xe.o
DMA1_Channel3_IRQHandler                          build/startup_stm32f103xe.o
DMA1_Channel4_IRQHandler                          build/startup_stm32f103xe.o
DMA1_Channel5_IRQHandler                          build/startup_stm32f103xe.o
DMA1_Channel6_IRQHandler                          build/startup_stm32f103xe.o
DMA1_Channel7_IRQHandler                          build/startup_stm32f103xe.o
DMA2_Channel1_IRQHandler                          build/startup_stm32f103xe.o
DMA2_Channel2_IRQHandler                          build/startup_stm32f103xe.o
DMA2_Channel3_IRQHandler                          build/startup_stm32f103xe.o
DMA2_Channel4_5_IRQHandler                        build/startup_stm32f103xe.o
DebugMon_Handler                                  build/startup_stm32f103xe.o
Default_Handler                                   build/startup_stm32f103xe.o
EXTI0_IRQHandler                                  build/startup_stm32f103xe.o
EXTI15_10_IRQHandler                              build/startup_stm32f103xe.o
EXTI1_IRQHandler                                  build/startup_stm32f103xe.o
EXTI2_IRQHandler                                  build/startup_stm32f103xe.o
EXTI3_IRQHandler                                  build/startup_stm32f103xe.o
EXTI4_IRQHandler                                  build/startup_stm32f103xe.o
EXTI9_5_IRQHandler                                build/startup_stm32f103xe.o
FLASH_IRQHandler                                  build/startup_stm32f103xe.o
FLASH_PageErase                                   build/Lib/STM32F1xx_HAL_Driver/Src/stm32f1xx_hal_flash_ex.o
                                                  build/Lib/STM32F1xx_HAL_Driver/Src/stm32f1xx_hal_flash.o
FLASH_WaitForLastOperation                        build/Lib/STM32F1xx_HAL_Driver/Src/stm32f1xx_hal_flash.o
                                                  build/Lib/STM32F1xx_HAL_Driver/Src/stm32f1xx_hal_flash_ex.o
FSMC_IRQHandler                                   build/startup_stm32f103xe.o
HAL_ADCEx_Calibration_Start                       build/Lib/STM32F1xx_HAL_Driver/Src/stm32f1xx_hal_adc_ex.o
                                                  build/Drivers/adc/adc_driver.o
HAL_ADCEx_InjectedConfigChannel                   build/Lib/STM32F1xx_HAL_Driver/Src/stm32f1xx_hal_adc_ex.o
HAL_ADCEx_InjectedConvCpltCallback                build/Lib/STM32F1xx_HAL_Driver/Src/stm32f1xx_hal_adc_ex.o
                                                  build/Lib/STM32F1xx_HAL_Driver/Src/stm32f1xx_hal_adc.o
HAL_ADCEx_InjectedGetValue                        build/Lib/STM32F1xx_HAL_Driver/Src/stm32f1xx_hal_adc_ex.o
HAL_ADCEx_InjectedPollForConversion               build/Lib/STM32F1xx_HAL_Driver/Src/stm32f1xx_hal_adc_ex.o
HAL_ADCEx_InjectedStart                           build/Lib/STM32F1xx_HAL_Driver/Src/stm32f1xx_hal_adc_ex.o
HAL_ADCEx_InjectedStart_IT                        build/Lib/STM32F1xx_HAL_Driver/Src/stm32f1xx_hal_adc_ex.o
HAL_ADCEx_InjectedStop                            build/Lib/STM32F1xx_HAL_Driver/Src/stm32f1xx_hal_adc_ex.o
HAL_ADCEx_InjectedStop_IT                         build/Lib/STM32F1xx_HAL_Driver/Src/stm32f1xx_hal_adc_ex.o
HAL_ADCEx_MultiModeConfigChannel                  build/Lib/STM32F1xx_HAL_Driver/Src/stm32f1xx_hal_adc_ex.o
HAL_ADCEx_MultiModeGetValue                       build/Lib/STM32F1xx_HAL_Driver/Src/stm32f1xx_hal_adc_ex.o
HAL_ADCEx_MultiModeStart_DMA                      build/Lib/STM32F1xx_HAL_Driver/Src/stm32f1xx_hal_adc_ex.o
HAL_ADCEx_MultiModeStop_DMA                       build/Lib/STM32F1xx_HAL_Driver/Src/stm32f1xx_hal_adc_ex.o
HAL_ADC_AnalogWDGConfig                           build/Lib/STM32F1xx_HAL_Driver/Src/stm32f1xx_hal_adc.o
HAL_ADC_ConfigChannel                             build/Lib/STM32F1xx_HAL_Driver/Src/stm32f1xx_hal_adc.o
                                                  build/Drivers/adc/adc_driver.o
HAL_ADC_ConvCpltCallback                          build/Lib/STM32F1xx_HAL_Driver/Src/stm32f1xx_hal_adc.o
HAL_ADC_ConvHalfCpltCallback                      build/Lib/STM32F1xx_HAL_Driver/Src/stm32f1xx_hal_adc.o
HAL_ADC_DeInit                                    build/Lib/STM32F1xx_HAL_Driver/Src/stm32f1xx_hal_adc.o
HAL_ADC_ErrorCallback                             build/Lib/STM32F1xx_HAL_Driver/Src/stm32f1xx_hal_adc.o
HAL_ADC_GetError                                  build/Lib/STM32F1xx_HAL_Driver/Src/stm32f1xx_hal_adc.o
HAL_ADC_GetState                                  build/Lib/STM32F1xx_HAL_Driver/Src/stm32f1xx_hal_adc.o
HAL_ADC_GetValue                                  build/Lib/STM32F1xx_HAL_Driver/Src/stm32f1xx_hal_adc.o
                                                  build/Drivers/adc/adc_driver.o
HAL_ADC_IRQHandler                                build/Lib/STM32F1xx_HAL_Driver/Src/stm32f1xx_hal_adc.o
                                                  build/Drivers/adc/adc_driver.o
HAL_ADC_Init                                      build/Lib/STM32F1xx_HAL_Driver/Src/stm32f1xx_hal_adc.o
                                                  build/Drivers/adc/adc_driver.o
HAL_ADC_LevelOutOfWindowCallback                  build/Lib/STM32F1xx_HAL_Driver/Src/stm32f1xx_hal_adc.o