T595C 000:000.367   SEGGER J-Link V7.82 Log File
T595C 000:000.490   DLL Compiled: Oct 13 2022 13:37:46
T595C 000:000.504   Logging started @ 2026-05-07 08:21
T595C 000:000.516 - 0.522ms
T595C 000:000.602 JLINK_SetWarnOutHandler(...)
T595C 000:000.619 - 0.023ms
T595C 000:000.635 JLINK_OpenEx(...)
T595C 000:005.152   Firmware: J-Link V9 compiled Jun  2 2222 22:22:22
T595C 000:005.649   Firmware: J-Link V9 compiled Jun  2 2222 22:22:22
T595C 000:005.792   Decompressing FW timestamp took 106 us
T595C 000:012.703   Hardware: V9.60
T595C 000:012.741   S/N: 59611001
T595C 000:012.759   OEM: SEGGER
T595C 000:012.776   Feature(s): GDB, RDI, FlashBP, FlashDL, JFlash, RDDI
T595C 000:014.022   TELNET listener socket opened on port 19021
T595C 000:014.360   WEBSRV WEBSRV_Init(): Starting webserver thread(s)
T595C 000:014.468   WEBSRV Webserver running on local port 19080
T595C 000:090.228 - 89.604ms returns "O.K."
T595C 000:090.318 JLINK_GetFirmwareString(...)
T595C 000:090.325 - 0.009ms
T595C 000:090.335 JLINK_GetHardwareVersion()
T595C 000:090.339 - 0.005ms returns 96000
T595C 000:090.349 JLINK_GetHWInfo(...)
T595C 000:090.570 - 0.226ms returns 0
T595C 000:090.587 JLINK_GetSN()
T595C 000:090.595 - 0.009ms returns 59611001
T595C 000:090.604 JLINK_GetOEMString(...)
T595C 000:090.613 JLINK_EMU_GetCurrConnectionInfo()
T595C 000:090.781 - 0.173ms returns 0
T595C 000:090.796 JLINK_EMU_HasCapEx(0x00000026)
T595C 000:090.800 - 0.006ms returns 0
T595C 000:090.805 JLINK_GetEmuCaps()
T595C 000:090.808 - 0.005ms returns 0xB9FF7BBF
T595C 000:090.812 JLINK_GetEmuCaps()
T595C 000:090.816 - 0.005ms returns 0xB9FF7BBF
T595C 000:090.820 JLINK_GetHWStatus(...)
T595C 000:090.985 - 0.170ms returns 0
T595C 000:090.995 JLINK_EMU_HasCapEx(0x00000044)
T595C 000:090.999 - 0.005ms returns 0
T595C 000:091.015 JLINK_TIF_GetAvailable(...)
T595C 000:091.180 - 0.171ms
T595C 000:091.218 JLINK_ExecCommand("device=STM32F103VE", ...). 
T595C 000:101.749   Device "STM32F103VE" selected.
T595C 000:102.011 - 10.788ms returns 0x00
T595C 000:102.023 JLINK_EnableLog(...)
T595C 000:102.027 - 0.005ms
T595C 000:102.036 JLINK_GetEmuCaps()
T595C 000:102.040 - 0.005ms returns 0xB9FF7BBF
T595C 000:102.044 JLINK_TIF_GetAvailable(...)
T595C 000:102.252 - 0.214ms
T595C 000:102.264 JLINK_TIF_Select(JLINKARM_TIF_SWD)
T595C 000:102.999 - 0.740ms returns 0x00
T595C 000:103.018 JLINK_IsConnected()
T595C 000:103.024 - 0.007ms returns FALSE
T595C 000:103.030 JLINK_SetSpeed(4000)
T595C 000:103.137 - 0.113ms
T595C 000:103.152 JLINK_Connect()
T595C 000:103.356   InitTarget() start
T595C 000:103.366    J-Link Script File: Executing InitTarget()
T595C 000:107.689   InitTarget() end
T595C 000:108.102   Found SW-DP with ID 0x2BA01477
T595C 000:109.064   Old FW that does not support reading DPIDR via DAP jobs
T595C 000:109.587   DPv0 detected
T595C 000:109.597   CoreSight SoC-400 or earlier
T595C 000:109.605   Scanning AP map to find all available APs
T595C 000:110.120   AP[1]: Stopped AP scan as end of AP map has been reached
T595C 000:110.133   AP[0]: AHB-AP (IDR: 0x24770011)
T595C 000:110.141   Iterating through AP map to find AHB-AP to use
T595C 000:110.953   AP[0]: Core found
T595C 000:110.968   AP[0]: AHB-AP ROM base: 0xE00FF000
T595C 000:111.483   CPUID register: 0x410FC241. Implementer code: 0x41 (ARM)
T595C 000:111.498   Found Cortex-M4 r0p1, Little endian.
T595C 000:111.513   Identified core does not match configuration. (Found: Cortex-M4, Configured: Cortex-M3)
T595C 000:111.794   -- Max. mem block: 0x00010F20
T595C 000:111.882   CPU_ReadMem(4 bytes @ 0xE000EDF0)
T595C 000:112.131   CPU_ReadMem(4 bytes @ 0xE0002000)
T595C 000:112.394   FPUnit: 6 code (BP) slots and 2 literal slots
T595C 000:112.400   CPU_ReadMem(4 bytes @ 0xE000EDFC)
T595C 000:112.608   CPU_WriteMem(4 bytes @ 0xE000EDFC)
T595C 000:112.817   CPU_ReadMem(4 bytes @ 0xE0001000)
T595C 000:113.058   CPU_WriteMem(4 bytes @ 0xE0001000)
T595C 000:113.296   CPU_ReadMem(4 bytes @ 0xE000ED88)
T595C 000:113.541   CPU_WriteMem(4 bytes @ 0xE000ED88)
T595C 000:113.751   CPU_ReadMem(4 bytes @ 0xE000ED88)
T595C 000:114.000   CPU_WriteMem(4 bytes @ 0xE000ED88)
T595C 000:114.210   CoreSight components:
T595C 000:114.221   ROMTbl[0] @ E00FF000
T595C 000:114.227   CPU_ReadMem(64 bytes @ 0xE00FF000)
T595C 000:114.803   CPU_ReadMem(32 bytes @ 0xE000EFE0)
T595C 000:115.190   [0][0]: E000E000 CID B105E00D PID 000BB00C SCS-M7
T595C 000:115.197   CPU_ReadMem(32 bytes @ 0xE0001FE0)
T595C 000:115.602   [0][1]: E0001000 CID B105E00D PID 003BB002 DWT
T595C 000:115.608   CPU_ReadMem(32 bytes @ 0xE0002FE0)
T595C 000:115.940   [0][2]: E0002000 CID B105E00D PID 002BB003 FPB
T595C 000:115.947   CPU_ReadMem(32 bytes @ 0xE0000FE0)
T595C 000:116.338   [0][3]: E0000000 CID B105E00D PID 003BB001 ITM
T595C 000:116.344   CPU_ReadMem(32 bytes @ 0xE0040FE0)
T595C 000:116.726   [0][4]: E0040000 CID B105900D PID 000BB9A1 TPIU
T595C 000:116.733   CPU_ReadMem(32 bytes @ 0xE0041FE0)
T595C 000:117.119   [0][5]: E0041000 CID 00000000 PID 00000000 ???
T595C 000:117.147 - 13.997ms returns 0x00
T595C 000:117.159 JLINK_GetIdData(pIdData)
T595C 000:117.295   pIdData->ScanLen=4
T595C 000:117.300   
T595C 000:117.304   pIdData->NumDevices=1
T595C 000:117.308   
T595C 000:117.312   pIdData->aId[0]=0x2BA01477
T595C 000:117.316   
T595C 000:117.320   pIdData->aIrRead[0]=0
T595C 000:117.324   
T595C 000:117.327   pIdData->aScanLen[0]=0
T595C 000:117.332   
T595C 000:117.335   pIdData->aScanRead[0]=0
T595C 000:117.340   
T595C 000:117.343 - 0.185ms
T595C 000:117.352 JLINK_GetMemZones(...)
T595C 000:117.356 - 0.005ms returns 0
T595C 000:117.361 JLINK_HasError()
T595C 000:117.366 JLINK_CORE_GetFound()
T595C 000:117.370 - 0.005ms returns 0xE0000FF
T595C 000:117.405 JLINK_ReadMem(0x20000074, 0x2 Bytes, ...)
T595C 000:117.433   CPU_ReadMem(2 bytes @ 0x20000074)
T595C 000:117.645   Data:  D2 00
T595C 000:117.651 - 0.248ms returns 0
T595C 000:117.657 JLINK_HasError()
T595C 000:117.674 JLINK_ReadMem(0x20000078, 0x2 Bytes, ...)
T595C 000:117.681   CPU_ReadMem(2 bytes @ 0x20000078)
T595C 000:117.892   Data:  03 00
T595C 000:117.898 - 0.225ms returns 0
T595C 000:117.903 JLINK_HasError()
T595C 000:117.915 JLINK_ReadMem(0x2000007E, 0x1 Bytes, ...)
T595C 000:117.921   CPU_ReadMem(1 bytes @ 0x2000007E)
T595C 000:118.134   Data:  40
T595C 000:118.140 - 0.227ms returns 0
T595C 000:118.145 JLINK_HasError()
T595C 000:118.156 JLINK_ReadMem(0x20000080, 0x2 Bytes, ...)
T595C 000:118.162   CPU_ReadMem(2 bytes @ 0x20000080)
T595C 000:118.388   Data:  10 00
T595C 000:118.395 - 0.240ms returns 0
T595C 000:118.399 JLINK_HasError()
T595C 000:118.410 JLINK_ReadMem(0x20000087, 0x1 Bytes, ...)
T595C 000:118.415   CPU_ReadMem(1 bytes @ 0x20000087)
T595C 000:118.625   Data:  00
T595C 000:118.631 - 0.223ms returns 0
T595C 000:118.636 JLINK_HasError()
T595C 000:118.647 JLINK_ReadMem(0x2000008E, 0x2 Bytes, ...)
T595C 000:118.652   CPU_ReadMem(2 bytes @ 0x2000008E)
T595C 000:118.858   Data:  D2 03
T595C 000:118.864 - 0.219ms returns 0
T595C 000:118.869 JLINK_HasError()
T595C 000:118.880 JLINK_ReadMem(0x20000096, 0x2 Bytes, ...)
T595C 000:118.885   CPU_ReadMem(2 bytes @ 0x20000096)
T595C 000:119.092   Data:  00 00
T595C 000:119.098 - 0.219ms returns 0
T595C 000:119.102 JLINK_HasError()
T595C 000:119.113 JLINK_ReadMem(0x20000098, 0x2 Bytes, ...)
T595C 000:119.118   CPU_ReadMem(2 bytes @ 0x20000098)
T595C 000:119.388   Data:  00 A6
T595C 000:119.394 - 0.283ms returns 0
T595C 000:119.399 JLINK_HasError()
T595C 000:119.410 JLINK_ReadMem(0x2000009A, 0x1 Bytes, ...)
T595C 000:119.415   CPU_ReadMem(1 bytes @ 0x2000009A)
T595C 000:119.624   Data:  00
T595C 000:119.630 - 0.222ms returns 0
T595C 000:119.635 JLINK_HasError()
T595C 000:119.645 JLINK_ReadMem(0x2000009B, 0x1 Bytes, ...)
T595C 000:119.651   CPU_ReadMem(1 bytes @ 0x2000009B)
T595C 000:119.857   Data:  03
T595C 000:119.863 - 0.219ms returns 0
T595C 000:119.868 JLINK_HasError()
T595C 000:119.880 JLINK_ReadMem(0x2000009C, 0x1 Bytes, ...)
T595C 000:119.885   CPU_ReadMem(1 bytes @ 0x2000009C)
T595C 000:120.091   Data:  00
T595C 000:120.097 - 0.239ms returns 0
T595C 000:120.125 JLINK_HasError()
T595C 000:120.137 JLINK_ReadMem(0x2000009D, 0x1 Bytes, ...)
T595C 000:120.143   CPU_ReadMem(1 bytes @ 0x2000009D)
T595C 000:120.388   Data:  00
T595C 000:120.394 - 0.259ms returns 0
T595C 000:120.399 JLINK_HasError()
T595C 000:120.410 JLINK_ReadMem(0x2000009E, 0x1 Bytes, ...)
T595C 000:120.415   CPU_ReadMem(1 bytes @ 0x2000009E)
T595C 000:120.618   Data:  00
T595C 000:120.624 - 0.216ms returns 0
T595C 000:120.628 JLINK_HasError()
T595C 000:120.639 JLINK_ReadMem(0x2000009F, 0x1 Bytes, ...)
T595C 000:120.645   CPU_ReadMem(1 bytes @ 0x2000009F)
T595C 000:120.857   Data:  10
T595C 000:120.863 - 0.225ms returns 0
T595C 000:120.868 JLINK_HasError()
T595C 000:120.879 JLINK_ReadMem(0x200000A4, 0x1 Bytes, ...)
T595C 000:120.885   CPU_ReadMem(1 bytes @ 0x200000A4)
T595C 000:121.092   Data:  00
T595C 000:121.098 - 0.220ms returns 0
T595C 000:121.103 JLINK_HasError()
T595C 000:121.153 JLINK_ReadMem(0x200000A8, 0x2 Bytes, ...)
T595C 000:121.161   CPU_ReadMem(2 bytes @ 0x200000A8)
T595C 000:121.389   Data:  00 00
T595C 000:121.395 - 0.243ms returns 0
T595C 000:121.400 JLINK_HasError()
T595C 000:121.413 JLINK_ReadMem(0x200000AA, 0x2 Bytes, ...)
T595C 000:121.419   CPU_ReadMem(2 bytes @ 0x200000AA)
T595C 000:121.625   Data:  00 00
T595C 000:121.631 - 0.219ms returns 0
T595C 000:121.635 JLINK_HasError()
T595C 000:121.646 JLINK_ReadMem(0x200000AC, 0x2 Bytes, ...)
T595C 000:121.651   CPU_ReadMem(2 bytes @ 0x200000AC)
T595C 000:121.857   Data:  00 FA
T595C 000:121.864 - 0.219ms returns 0
T595C 000:121.868 JLINK_HasError()
T595C 000:121.879 JLINK_ReadMem(0x200000AE, 0x2 Bytes, ...)
T595C 000:121.885   CPU_ReadMem(2 bytes @ 0x200000AE)
T595C 000:122.093   Data:  01 F4
T595C 000:122.099 - 0.221ms returns 0
T595C 000:122.103 JLINK_HasError()
T595C 000:122.114 JLINK_ReadMem(0x200000B0, 0x1 Bytes, ...)
T595C 000:122.120   CPU_ReadMem(1 bytes @ 0x200000B0)
T595C 000:122.388   Data:  00
T595C 000:122.394 - 0.281ms returns 0
T595C 000:122.399 JLINK_HasError()
T595C 000:122.409 JLINK_ReadMem(0x200000B1, 0x1 Bytes, ...)
T595C 000:122.415   CPU_ReadMem(1 bytes @ 0x200000B1)
T595C 000:122.624   Data:  D2
T595C 000:122.631 - 0.223ms returns 0
T595C 000:122.635 JLINK_HasError()
T595C 000:122.646 JLINK_ReadMem(0x200000B4, 0x1 Bytes, ...)
T595C 000:122.651   CPU_ReadMem(1 bytes @ 0x200000B4)
T595C 000:122.859   Data:  00
T595C 000:122.865 - 0.221ms returns 0
T595C 000:122.869 JLINK_HasError()
T595C 000:122.880 JLINK_ReadMem(0x200000B5, 0x1 Bytes, ...)
T595C 000:122.886   CPU_ReadMem(1 bytes @ 0x200000B5)
T595C 000:123.092   Data:  00
T595C 000:123.098 - 0.219ms returns 0
T595C 000:123.102 JLINK_HasError()
T595C 000:123.113 JLINK_ReadMem(0x200000B6, 0x2 Bytes, ...)
T595C 000:123.118   CPU_ReadMem(2 bytes @ 0x200000B6)
T595C 000:123.388   Data:  00 00
T595C 000:123.394 - 0.283ms returns 0
T595C 000:123.399 JLINK_HasError()
T595C 000:123.414 JLINK_IsOpen()
T595C 000:123.418 - 0.005ms returns 0x01
T595C 000:131.987 JLINK_Close()
T595C 000:134.531   OnDisconnectTarget() start
T595C 000:134.540    J-Link Script File: Executing OnDisconnectTarget()
T595C 000:134.554   CPU_WriteMem(4 bytes @ 0xE0042004)
T595C 000:134.833   OnDisconnectTarget() end
T595C 000:134.843   CPU_ReadMem(4 bytes @ 0xE0001000)
T595C 000:153.267 - 21.291ms
T595C 000:153.282   
T595C 000:153.285   Closed
