T1624 000:000.281   SEGGER J-Link V7.82 Log File
T1624 000:000.395   DLL Compiled: Oct 13 2022 13:37:46
T1624 000:000.409   Logging started @ 2026-05-07 08:20
T1624 000:000.421 - 0.427ms
T1624 000:000.500 JLINK_SetWarnOutHandler(...)
T1624 000:000.518 - 0.023ms
T1624 000:000.533 JLINK_OpenEx(...)
T1624 000:004.958   Firmware: J-Link V9 compiled Jun  2 2222 22:22:22
T1624 000:005.423   Firmware: J-Link V9 compiled Jun  2 2222 22:22:22
T1624 000:005.568   Decompressing FW timestamp took 107 us
T1624 000:012.482   Hardware: V9.60
T1624 000:012.519   S/N: 59611001
T1624 000:012.537   OEM: SEGGER
T1624 000:012.555   Feature(s): GDB, RDI, FlashBP, FlashDL, JFlash, RDDI
T1624 000:013.993   TELNET listener socket opened on port 19021
T1624 000:014.296   WEBSRV WEBSRV_Init(): Starting webserver thread(s)
T1624 000:014.408   WEBSRV Webserver running on local port 19080
T1624 000:090.682 - 90.160ms returns "O.K."
T1624 000:090.776 JLINK_GetFirmwareString(...)
T1624 000:090.783 - 0.009ms
T1624 000:090.793 JLINK_GetHardwareVersion()
T1624 000:090.797 - 0.005ms returns 96000
T1624 000:090.807 JLINK_GetHWInfo(...)
T1624 000:090.959 - 0.156ms returns 0
T1624 000:090.975 JLINK_GetSN()
T1624 000:090.983 - 0.009ms returns 59611001
T1624 000:090.993 JLINK_GetOEMString(...)
T1624 000:091.003 JLINK_EMU_GetCurrConnectionInfo()
T1624 000:091.148 - 0.149ms returns 0
T1624 000:091.163 JLINK_EMU_HasCapEx(0x00000026)
T1624 000:091.167 - 0.006ms returns 0
T1624 000:091.172 JLINK_GetEmuCaps()
T1624 000:091.175 - 0.005ms returns 0xB9FF7BBF
T1624 000:091.179 JLINK_GetEmuCaps()
T1624 000:091.182 - 0.005ms returns 0xB9FF7BBF
T1624 000:091.187 JLINK_GetHWStatus(...)
T1624 000:091.314 - 0.132ms returns 0
T1624 000:091.323 JLINK_EMU_HasCapEx(0x00000044)
T1624 000:091.327 - 0.005ms returns 0
T1624 000:091.343 JLINK_TIF_GetAvailable(...)
T1624 000:091.438 - 0.097ms
T1624 000:091.468 JLINK_ExecCommand("device=STM32F103VE", ...). 
T1624 000:101.802   Device "STM32F103VE" selected.
T1624 000:102.059 - 10.588ms returns 0x00
T1624 000:102.071 JLINK_EnableLog(...)
T1624 000:102.075 - 0.005ms
T1624 000:102.083 JLINK_GetEmuCaps()
T1624 000:102.087 - 0.005ms returns 0xB9FF7BBF
T1624 000:102.092 JLINK_TIF_GetAvailable(...)
T1624 000:102.354 - 0.268ms
T1624 000:102.366 JLINK_TIF_Select(JLINKARM_TIF_SWD)
T1624 000:103.020 - 0.660ms returns 0x00
T1624 000:103.039 JLINK_IsConnected()
T1624 000:103.045 - 0.007ms returns FALSE
T1624 000:103.051 JLINK_SetSpeed(4000)
T1624 000:103.144 - 0.098ms
T1624 000:103.158 JLINK_Connect()
T1624 000:103.361   InitTarget() start
T1624 000:103.371    J-Link Script File: Executing InitTarget()
T1624 000:108.514   InitTarget() end
T1624 000:108.989   Found SW-DP with ID 0x2BA01477
T1624 000:110.058   Old FW that does not support reading DPIDR via DAP jobs
T1624 000:110.549   DPv0 detected
T1624 000:110.558   CoreSight SoC-400 or earlier
T1624 000:110.566   Scanning AP map to find all available APs
T1624 000:110.957   AP[1]: Stopped AP scan as end of AP map has been reached
T1624 000:110.966   AP[0]: AHB-AP (IDR: 0x24770011)
T1624 000:110.973   Iterating through AP map to find AHB-AP to use
T1624 000:111.595   AP[0]: Core found
T1624 000:111.604   AP[0]: AHB-AP ROM base: 0xE00FF000
T1624 000:111.913   CPUID register: 0x410FC241. Implementer code: 0x41 (ARM)
T1624 000:111.923   Found Cortex-M4 r0p1, Little endian.
T1624 000:111.937   Identified core does not match configuration. (Found: Cortex-M4, Configured: Cortex-M3)
T1624 000:112.223   -- Max. mem block: 0x00010F20
T1624 000:112.310   CPU_ReadMem(4 bytes @ 0xE000EDF0)
T1624 000:112.560   CPU_ReadMem(4 bytes @ 0xE0002000)
T1624 000:112.775   FPUnit: 6 code (BP) slots and 2 literal slots
T1624 000:112.781   CPU_ReadMem(4 bytes @ 0xE000EDFC)
T1624 000:112.989   CPU_WriteMem(4 bytes @ 0xE000EDFC)
T1624 000:113.224   CPU_ReadMem(4 bytes @ 0xE0001000)
T1624 000:113.444   CPU_WriteMem(4 bytes @ 0xE0001000)
T1624 000:113.647   CPU_ReadMem(4 bytes @ 0xE000ED88)
T1624 000:113.855   CPU_WriteMem(4 bytes @ 0xE000ED88)
T1624 000:114.057   CPU_ReadMem(4 bytes @ 0xE000ED88)
T1624 000:114.310   CPU_WriteMem(4 bytes @ 0xE000ED88)
T1624 000:114.519   CoreSight components:
T1624 000:114.530   ROMTbl[0] @ E00FF000
T1624 000:114.535   CPU_ReadMem(64 bytes @ 0xE00FF000)
T1624 000:115.042   CPU_ReadMem(32 bytes @ 0xE000EFE0)
T1624 000:115.431   [0][0]: E000E000 CID B105E00D PID 000BB00C SCS-M7
T1624 000:115.437   CPU_ReadMem(32 bytes @ 0xE0001FE0)
T1624 000:115.823   [0][1]: E0001000 CID B105E00D PID 003BB002 DWT
T1624 000:115.829   CPU_ReadMem(32 bytes @ 0xE0002FE0)
T1624 000:116.161   [0][2]: E0002000 CID B105E00D PID 002BB003 FPB
T1624 000:116.167   CPU_ReadMem(32 bytes @ 0xE0000FE0)
T1624 000:116.555   [0][3]: E0000000 CID B105E00D PID 003BB001 ITM
T1624 000:116.561   CPU_ReadMem(32 bytes @ 0xE0040FE0)
T1624 000:116.966   [0][4]: E0040000 CID B105900D PID 000BB9A1 TPIU
T1624 000:116.972   CPU_ReadMem(32 bytes @ 0xE0041FE0)
T1624 000:117.382   [0][5]: E0041000 CID 00000000 PID 00000000 ???
T1624 000:117.415 - 14.259ms returns 0x00
T1624 000:117.427 JLINK_GetIdData(pIdData)
T1624 000:117.593   pIdData->ScanLen=4
T1624 000:117.601   
T1624 000:117.605   pIdData->NumDevices=1
T1624 000:117.610   
T1624 000:117.613   pIdData->aId[0]=0x2BA01477
T1624 000:117.618   
T1624 000:117.621   pIdData->aIrRead[0]=0
T1624 000:117.626   
T1624 000:117.629   pIdData->aScanLen[0]=0
T1624 000:117.634   
T1624 000:117.637   pIdData->aScanRead[0]=0
T1624 000:117.642   
T1624 000:117.645 - 0.220ms
T1624 000:117.657 JLINK_GetMemZones(...)
T1624 000:117.661 - 0.005ms returns 0
T1624 000:117.666 JLINK_HasError()
T1624 000:117.671 JLINK_CORE_GetFound()
T1624 000:117.675 - 0.005ms returns 0xE0000FF
T1624 000:117.709 JLINK_ReadMem(0x20000074, 0x2 Bytes, ...)
T1624 000:117.735   CPU_ReadMem(2 bytes @ 0x20000074)
T1624 000:117.978   Data:  00 13
T1624 000:117.985 - 0.277ms returns 0
T1624 000:117.990 JLINK_HasError()
T1624 000:118.007 JLINK_ReadMem(0x20000078, 0x2 Bytes, ...)
T1624 000:118.014   CPU_ReadMem(2 bytes @ 0x20000078)
T1624 000:118.257   Data:  00 10
T1624 000:118.263 - 0.258ms returns 0
T1624 000:118.268 JLINK_HasError()
T1624 000:118.280 JLINK_ReadMem(0x2000007E, 0x1 Bytes, ...)
T1624 000:118.285   CPU_ReadMem(1 bytes @ 0x2000007E)
T1624 000:118.492   Data:  00
T1624 000:118.498 - 0.220ms returns 0
T1624 000:118.503 JLINK_HasError()
T1624 000:118.514 JLINK_ReadMem(0x20000080, 0x2 Bytes, ...)
T1624 000:118.520   CPU_ReadMem(2 bytes @ 0x20000080)
T1624 000:118.727   Data:  00 00
T1624 000:118.733 - 0.220ms returns 0
T1624 000:118.737 JLINK_HasError()
T1624 000:118.748 JLINK_ReadMem(0x20000087, 0x1 Bytes, ...)
T1624 000:118.754   CPU_ReadMem(1 bytes @ 0x20000087)
T1624 000:118.963   Data:  D2
T1624 000:118.969 - 0.222ms returns 0
T1624 000:118.974 JLINK_HasError()
T1624 000:118.985 JLINK_ReadMem(0x2000008E, 0x2 Bytes, ...)
T1624 000:118.991   CPU_ReadMem(2 bytes @ 0x2000008E)
T1624 000:119.225   Data:  10 9A
T1624 000:119.232 - 0.248ms returns 0
T1624 000:119.236 JLINK_HasError()
T1624 000:119.248 JLINK_ReadMem(0x20000096, 0x2 Bytes, ...)
T1624 000:119.253   CPU_ReadMem(2 bytes @ 0x20000096)
T1624 000:119.461   Data:  03 1F
T1624 000:119.467 - 0.220ms returns 0
T1624 000:119.471 JLINK_HasError()
T1624 000:119.482 JLINK_ReadMem(0x20000098, 0x2 Bytes, ...)
T1624 000:119.487   CPU_ReadMem(2 bytes @ 0x20000098)
T1624 000:119.705   Data:  00 00
T1624 000:119.711 - 0.230ms returns 0
T1624 000:119.715 JLINK_HasError()
T1624 000:119.726 JLINK_ReadMem(0x2000009A, 0x1 Bytes, ...)
T1624 000:119.732   CPU_ReadMem(1 bytes @ 0x2000009A)
T1624 000:119.937   Data:  00
T1624 000:119.943 - 0.218ms returns 0
T1624 000:119.948 JLINK_HasError()
T1624 000:119.959 JLINK_ReadMem(0x2000009B, 0x1 Bytes, ...)
T1624 000:119.964   CPU_ReadMem(1 bytes @ 0x2000009B)
T1624 000:120.224   Data:  01
T1624 000:120.230 - 0.272ms returns 0
T1624 000:120.234 JLINK_HasError()
T1624 000:120.245 JLINK_ReadMem(0x2000009C, 0x1 Bytes, ...)
T1624 000:120.251   CPU_ReadMem(1 bytes @ 0x2000009C)
T1624 000:120.461   Data:  00
T1624 000:120.467 - 0.245ms returns 0
T1624 000:120.496 JLINK_HasError()
T1624 000:120.508 JLINK_ReadMem(0x2000009D, 0x1 Bytes, ...)
T1624 000:120.515   CPU_ReadMem(1 bytes @ 0x2000009D)
T1624 000:120.721   Data:  00
T1624 000:120.728 - 0.221ms returns 0
T1624 000:120.732 JLINK_HasError()
T1624 000:120.743 JLINK_ReadMem(0x2000009E, 0x1 Bytes, ...)
T1624 000:120.749   CPU_ReadMem(1 bytes @ 0x2000009E)
T1624 000:120.958   Data:  00
T1624 000:120.965 - 0.223ms returns 0
T1624 000:120.969 JLINK_HasError()
T1624 000:120.980 JLINK_ReadMem(0x2000009F, 0x1 Bytes, ...)
T1624 000:120.986   CPU_ReadMem(1 bytes @ 0x2000009F)
T1624 000:121.224   Data:  10
T1624 000:121.230 - 0.251ms returns 0
T1624 000:121.235 JLINK_HasError()
T1624 000:121.246 JLINK_ReadMem(0x200000A4, 0x1 Bytes, ...)
T1624 000:121.251   CPU_ReadMem(1 bytes @ 0x200000A4)
T1624 000:121.461   Data:  00
T1624 000:121.467 - 0.222ms returns 0
T1624 000:121.471 JLINK_HasError()
T1624 000:121.482 JLINK_ReadMem(0x200000A8, 0x2 Bytes, ...)
T1624 000:121.487   CPU_ReadMem(2 bytes @ 0x200000A8)
T1624 000:121.699   Data:  00 00
T1624 000:121.705 - 0.224ms returns 0
T1624 000:121.709 JLINK_HasError()
T1624 000:121.763 JLINK_ReadMem(0x200000AA, 0x2 Bytes, ...)
T1624 000:121.772   CPU_ReadMem(2 bytes @ 0x200000AA)
T1624 000:121.981   Data:  00 00
T1624 000:121.987 - 0.225ms returns 0
T1624 000:121.991 JLINK_HasError()
T1624 000:122.005 JLINK_ReadMem(0x200000AC, 0x2 Bytes, ...)
T1624 000:122.011   CPU_ReadMem(2 bytes @ 0x200000AC)
T1624 000:122.224   Data:  00 FA
T1624 000:122.230 - 0.226ms returns 0
T1624 000:122.235 JLINK_HasError()
T1624 000:122.246 JLINK_ReadMem(0x200000AE, 0x2 Bytes, ...)
T1624 000:122.251   CPU_ReadMem(2 bytes @ 0x200000AE)
T1624 000:122.471   Data:  01 F4
T1624 000:122.477 - 0.232ms returns 0
T1624 000:122.481 JLINK_HasError()
T1624 000:122.492 JLINK_ReadMem(0x200000B0, 0x1 Bytes, ...)
T1624 000:122.497   CPU_ReadMem(1 bytes @ 0x200000B0)
T1624 000:122.704   Data:  00
T1624 000:122.710 - 0.219ms returns 0
T1624 000:122.714 JLINK_HasError()
T1624 000:122.725 JLINK_ReadMem(0x200000B1, 0x1 Bytes, ...)
T1624 000:122.730   CPU_ReadMem(1 bytes @ 0x200000B1)
T1624 000:122.991   Data:  D2
T1624 000:123.033 - 0.310ms returns 0
T1624 000:123.040 JLINK_HasError()
T1624 000:123.057 JLINK_ReadMem(0x200000B4, 0x1 Bytes, ...)
T1624 000:123.066   CPU_ReadMem(1 bytes @ 0x200000B4)
T1624 000:123.345   Data:  00
T1624 000:123.354 - 0.299ms returns 0
T1624 000:123.360 JLINK_HasError()
T1624 000:123.375 JLINK_ReadMem(0x200000B5, 0x1 Bytes, ...)
T1624 000:123.384   CPU_ReadMem(1 bytes @ 0x200000B5)
T1624 000:123.614   Data:  00
T1624 000:123.622 - 0.248ms returns 0
T1624 000:123.627 JLINK_HasError()
T1624 000:123.640 JLINK_ReadMem(0x200000B6, 0x2 Bytes, ...)
T1624 000:123.647   CPU_ReadMem(2 bytes @ 0x200000B6)
T1624 000:123.863   Data:  00 00
T1624 000:123.869 - 0.230ms returns 0
T1624 000:123.873 JLINK_HasError()
T1624 000:123.890 JLINK_IsOpen()
T1624 000:123.894 - 0.005ms returns 0x01
T1624 000:130.201 JLINK_Close()
T1624 000:132.662   OnDisconnectTarget() start
T1624 000:132.670    J-Link Script File: Executing OnDisconnectTarget()
T1624 000:132.684   CPU_WriteMem(4 bytes @ 0xE0042004)
T1624 000:132.984   OnDisconnectTarget() end
T1624 000:132.995   CPU_ReadMem(4 bytes @ 0xE0001000)
T1624 000:153.813 - 23.625ms
T1624 000:153.829   
T1624 000:153.834   Closed
