T270C 000:000.283   SEGGER J-Link V7.82 Log File
T270C 000:000.394   DLL Compiled: Oct 13 2022 13:37:46
T270C 000:000.407   Logging started @ 2026-05-07 08:20
T270C 000:000.419 - 0.425ms
T270C 000:000.496 JLINK_SetWarnOutHandler(...)
T270C 000:000.514 - 0.023ms
T270C 000:000.530 JLINK_OpenEx(...)
T270C 000:004.696   Firmware: J-Link V9 compiled Jun  2 2222 22:22:22
T270C 000:005.020   Firmware: J-Link V9 compiled Jun  2 2222 22:22:22
T270C 000:005.167   Decompressing FW timestamp took 114 us
T270C 000:011.652   Hardware: V9.60
T270C 000:011.696   S/N: 59611001
T270C 000:011.714   OEM: SEGGER
T270C 000:011.732   Feature(s): GDB, RDI, FlashBP, FlashDL, JFlash, RDDI
T270C 000:012.845   TELNET listener socket opened on port 19021
T270C 000:013.267   WEBSRV WEBSRV_Init(): Starting webserver thread(s)
T270C 000:013.384   WEBSRV Webserver running on local port 19080
T270C 000:091.202 - 90.694ms returns "O.K."
T270C 000:091.313 JLINK_GetFirmwareString(...)
T270C 000:091.321 - 0.009ms
T270C 000:091.331 JLINK_GetHardwareVersion()
T270C 000:091.335 - 0.005ms returns 96000
T270C 000:091.345 JLINK_GetHWInfo(...)
T270C 000:091.567 - 0.228ms returns 0
T270C 000:091.587 JLINK_GetSN()
T270C 000:091.597 - 0.011ms returns 59611001
T270C 000:091.607 JLINK_GetOEMString(...)
T270C 000:091.616 JLINK_EMU_GetCurrConnectionInfo()
T270C 000:091.758 - 0.147ms returns 0
T270C 000:091.773 JLINK_EMU_HasCapEx(0x00000026)
T270C 000:091.778 - 0.006ms returns 0
T270C 000:091.782 JLINK_GetEmuCaps()
T270C 000:091.786 - 0.005ms returns 0xB9FF7BBF
T270C 000:091.790 JLINK_GetEmuCaps()
T270C 000:091.793 - 0.005ms returns 0xB9FF7BBF
T270C 000:091.798 JLINK_GetHWStatus(...)
T270C 000:091.906 - 0.113ms returns 0
T270C 000:091.915 JLINK_EMU_HasCapEx(0x00000044)
T270C 000:091.919 - 0.005ms returns 0
T270C 000:091.934 JLINK_TIF_GetAvailable(...)
T270C 000:092.098 - 0.169ms
T270C 000:092.136 JLINK_ExecCommand("device=STM32F103VE", ...). 
T270C 000:102.258   Device "STM32F103VE" selected.
T270C 000:102.523 - 10.384ms returns 0x00
T270C 000:102.536 JLINK_EnableLog(...)
T270C 000:102.539 - 0.005ms
T270C 000:102.548 JLINK_GetEmuCaps()
T270C 000:102.552 - 0.005ms returns 0xB9FF7BBF
T270C 000:102.557 JLINK_TIF_GetAvailable(...)
T270C 000:102.685 - 0.134ms
T270C 000:102.697 JLINK_TIF_Select(JLINKARM_TIF_SWD)
T270C 000:103.259 - 0.568ms returns 0x00
T270C 000:103.280 JLINK_IsConnected()
T270C 000:103.285 - 0.007ms returns FALSE
T270C 000:103.292 JLINK_SetSpeed(4000)
T270C 000:103.342 - 0.054ms
T270C 000:103.353 JLINK_Connect()
T270C 000:103.549   InitTarget() start
T270C 000:103.558    J-Link Script File: Executing InitTarget()
T270C 000:108.369   InitTarget() end
T270C 000:108.866   Found SW-DP with ID 0x2BA01477
T270C 000:109.965   Old FW that does not support reading DPIDR via DAP jobs
T270C 000:110.520   DPv0 detected
T270C 000:110.529   CoreSight SoC-400 or earlier
T270C 000:110.537   Scanning AP map to find all available APs
T270C 000:110.955   AP[1]: Stopped AP scan as end of AP map has been reached
T270C 000:110.964   AP[0]: AHB-AP (IDR: 0x24770011)
T270C 000:110.972   Iterating through AP map to find AHB-AP to use
T270C 000:111.630   AP[0]: Core found
T270C 000:111.641   AP[0]: AHB-AP ROM base: 0xE00FF000
T270C 000:111.993   CPUID register: 0x410FC241. Implementer code: 0x41 (ARM)
T270C 000:112.004   Found Cortex-M4 r0p1, Little endian.
T270C 000:112.018   Identified core does not match configuration. (Found: Cortex-M4, Configured: Cortex-M3)
T270C 000:112.274   -- Max. mem block: 0x00010F20
T270C 000:112.357   CPU_ReadMem(4 bytes @ 0xE000EDF0)
T270C 000:112.653   CPU_ReadMem(4 bytes @ 0xE0002000)
T270C 000:112.883   FPUnit: 6 code (BP) slots and 2 literal slots
T270C 000:112.890   CPU_ReadMem(4 bytes @ 0xE000EDFC)
T270C 000:113.121   CPU_WriteMem(4 bytes @ 0xE000EDFC)
T270C 000:113.351   CPU_ReadMem(4 bytes @ 0xE0001000)
T270C 000:113.629   CPU_WriteMem(4 bytes @ 0xE0001000)
T270C 000:113.901   CPU_ReadMem(4 bytes @ 0xE000ED88)
T270C 000:114.173   CPU_WriteMem(4 bytes @ 0xE000ED88)
T270C 000:114.420   CPU_ReadMem(4 bytes @ 0xE000ED88)
T270C 000:114.710   CPU_WriteMem(4 bytes @ 0xE000ED88)
T270C 000:114.961   CoreSight components:
T270C 000:114.977   ROMTbl[0] @ E00FF000
T270C 000:114.984   CPU_ReadMem(64 bytes @ 0xE00FF000)
T270C 000:115.577   CPU_ReadMem(32 bytes @ 0xE000EFE0)
T270C 000:115.951   [0][0]: E000E000 CID B105E00D PID 000BB00C SCS-M7
T270C 000:115.961   CPU_ReadMem(32 bytes @ 0xE0001FE0)
T270C 000:116.326   [0][1]: E0001000 CID B105E00D PID 003BB002 DWT
T270C 000:116.336   CPU_ReadMem(32 bytes @ 0xE0002FE0)
T270C 000:116.711   [0][2]: E0002000 CID B105E00D PID 002BB003 FPB
T270C 000:116.720   CPU_ReadMem(32 bytes @ 0xE0000FE0)
T270C 000:117.129   [0][3]: E0000000 CID B105E00D PID 003BB001 ITM
T270C 000:117.138   CPU_ReadMem(32 bytes @ 0xE0040FE0)
T270C 000:117.583   [0][4]: E0040000 CID B105900D PID 000BB9A1 TPIU
T270C 000:117.593   CPU_ReadMem(32 bytes @ 0xE0041FE0)
T270C 000:117.999   [0][5]: E0041000 CID 00000000 PID 00000000 ???
T270C 000:118.031 - 14.680ms returns 0x00
T270C 000:118.044 JLINK_GetIdData(pIdData)
T270C 000:118.212   pIdData->ScanLen=4
T270C 000:118.221   
T270C 000:118.224   pIdData->NumDevices=1
T270C 000:118.229   
T270C 000:118.233   pIdData->aId[0]=0x2BA01477
T270C 000:118.237   
T270C 000:118.241   pIdData->aIrRead[0]=0
T270C 000:118.245   
T270C 000:118.248   pIdData->aScanLen[0]=0
T270C 000:118.253   
T270C 000:118.256   pIdData->aScanRead[0]=0
T270C 000:118.261   
T270C 000:118.264 - 0.222ms
T270C 000:118.277 JLINK_GetMemZones(...)
T270C 000:118.281 - 0.005ms returns 0
T270C 000:118.286 JLINK_HasError()
T270C 000:118.291 JLINK_CORE_GetFound()
T270C 000:118.295 - 0.005ms returns 0xE0000FF
T270C 000:118.326 JLINK_ReadMem(0x20000074, 0x2 Bytes, ...)
T270C 000:118.351   CPU_ReadMem(2 bytes @ 0x20000074)
T270C 000:118.643   Data:  00 0F
T270C 000:118.650 - 0.326ms returns 0
T270C 000:118.655 JLINK_HasError()
T270C 000:118.672 JLINK_ReadMem(0x20000078, 0x2 Bytes, ...)
T270C 000:118.679   CPU_ReadMem(2 bytes @ 0x20000078)
T270C 000:118.917   Data:  00 10
T270C 000:118.923 - 0.252ms returns 0
T270C 000:118.928 JLINK_HasError()
T270C 000:118.940 JLINK_ReadMem(0x2000007E, 0x1 Bytes, ...)
T270C 000:118.945   CPU_ReadMem(1 bytes @ 0x2000007E)
T270C 000:119.206   Data:  00
T270C 000:119.212 - 0.274ms returns 0
T270C 000:119.217 JLINK_HasError()
T270C 000:119.228 JLINK_ReadMem(0x20000080, 0x2 Bytes, ...)
T270C 000:119.233   CPU_ReadMem(2 bytes @ 0x20000080)
T270C 000:119.491   Data:  00 00
T270C 000:119.498 - 0.271ms returns 0
T270C 000:119.502 JLINK_HasError()
T270C 000:119.514 JLINK_ReadMem(0x20000087, 0x1 Bytes, ...)
T270C 000:119.520   CPU_ReadMem(1 bytes @ 0x20000087)
T270C 000:119.758   Data:  D2
T270C 000:119.764 - 0.251ms returns 0
T270C 000:119.768 JLINK_HasError()
T270C 000:119.779 JLINK_ReadMem(0x2000008E, 0x2 Bytes, ...)
T270C 000:119.784   CPU_ReadMem(2 bytes @ 0x2000008E)
T270C 000:120.020   Data:  10 7C
T270C 000:120.026 - 0.248ms returns 0
T270C 000:120.030 JLINK_HasError()
T270C 000:120.042 JLINK_ReadMem(0x20000096, 0x2 Bytes, ...)
T270C 000:120.047   CPU_ReadMem(2 bytes @ 0x20000096)
T270C 000:120.291   Data:  02 E6
T270C 000:120.297 - 0.256ms returns 0
T270C 000:120.301 JLINK_HasError()
T270C 000:120.312 JLINK_ReadMem(0x20000098, 0x2 Bytes, ...)
T270C 000:120.318   CPU_ReadMem(2 bytes @ 0x20000098)
T270C 000:120.575   Data:  00 00
T270C 000:120.581 - 0.270ms returns 0
T270C 000:120.585 JLINK_HasError()
T270C 000:120.596 JLINK_ReadMem(0x2000009A, 0x1 Bytes, ...)
T270C 000:120.602   CPU_ReadMem(1 bytes @ 0x2000009A)
T270C 000:120.834   Data:  00
T270C 000:120.840 - 0.246ms returns 0
T270C 000:120.845 JLINK_HasError()
T270C 000:120.856 JLINK_ReadMem(0x2000009B, 0x1 Bytes, ...)
T270C 000:120.861   CPU_ReadMem(1 bytes @ 0x2000009B)
T270C 000:121.082   Data:  01
T270C 000:121.088 - 0.234ms returns 0
T270C 000:121.093 JLINK_HasError()
T270C 000:121.104 JLINK_ReadMem(0x2000009C, 0x1 Bytes, ...)
T270C 000:121.109   CPU_ReadMem(1 bytes @ 0x2000009C)
T270C 000:121.317   Data:  00
T270C 000:121.323 - 0.244ms returns 0
T270C 000:121.353 JLINK_HasError()
T270C 000:121.366 JLINK_ReadMem(0x2000009D, 0x1 Bytes, ...)
T270C 000:121.372   CPU_ReadMem(1 bytes @ 0x2000009D)
T270C 000:121.651   Data:  00
T270C 000:121.658 - 0.293ms returns 0
T270C 000:121.662 JLINK_HasError()
T270C 000:121.674 JLINK_ReadMem(0x2000009E, 0x1 Bytes, ...)
T270C 000:121.680   CPU_ReadMem(1 bytes @ 0x2000009E)
T270C 000:121.888   Data:  00
T270C 000:121.894 - 0.221ms returns 0
T270C 000:121.898 JLINK_HasError()
T270C 000:121.909 JLINK_ReadMem(0x2000009F, 0x1 Bytes, ...)
T270C 000:121.915   CPU_ReadMem(1 bytes @ 0x2000009F)
T270C 000:122.120   Data:  14
T270C 000:122.126 - 0.218ms returns 0
T270C 000:122.131 JLINK_HasError()
T270C 000:122.142 JLINK_ReadMem(0x200000A4, 0x1 Bytes, ...)
T270C 000:122.147   CPU_ReadMem(1 bytes @ 0x200000A4)
T270C 000:122.352   Data:  00
T270C 000:122.358 - 0.217ms returns 0
T270C 000:122.362 JLINK_HasError()
T270C 000:122.409 JLINK_ReadMem(0x200000A8, 0x2 Bytes, ...)
T270C 000:122.417   CPU_ReadMem(2 bytes @ 0x200000A8)
T270C 000:122.643   Data:  00 00
T270C 000:122.649 - 0.241ms returns 0
T270C 000:122.653 JLINK_HasError()
T270C 000:122.667 JLINK_ReadMem(0x200000AA, 0x2 Bytes, ...)
T270C 000:122.673   CPU_ReadMem(2 bytes @ 0x200000AA)
T270C 000:122.877   Data:  00 00
T270C 000:122.883 - 0.218ms returns 0
T270C 000:122.888 JLINK_HasError()
T270C 000:122.899 JLINK_ReadMem(0x200000AC, 0x2 Bytes, ...)
T270C 000:122.904   CPU_ReadMem(2 bytes @ 0x200000AC)
T270C 000:123.112   Data:  00 FA
T270C 000:123.118 - 0.221ms returns 0
T270C 000:123.122 JLINK_HasError()
T270C 000:123.133 JLINK_ReadMem(0x200000AE, 0x2 Bytes, ...)
T270C 000:123.139   CPU_ReadMem(2 bytes @ 0x200000AE)
T270C 000:123.419   Data:  01 F4
T270C 000:123.506 - 0.376ms returns 0
T270C 000:123.514 JLINK_HasError()
T270C 000:123.532 JLINK_ReadMem(0x200000B0, 0x1 Bytes, ...)
T270C 000:123.541   CPU_ReadMem(1 bytes @ 0x200000B0)
T270C 000:123.761   Data:  00
T270C 000:123.769 - 0.238ms returns 0
T270C 000:123.774 JLINK_HasError()
T270C 000:123.788 JLINK_ReadMem(0x200000B1, 0x1 Bytes, ...)
T270C 000:123.795   CPU_ReadMem(1 bytes @ 0x200000B1)
T270C 000:124.004   Data:  D2
T270C 000:124.010 - 0.224ms returns 0
T270C 000:124.015 JLINK_HasError()
T270C 000:124.026 JLINK_ReadMem(0x200000B4, 0x1 Bytes, ...)
T270C 000:124.031   CPU_ReadMem(1 bytes @ 0x200000B4)
T270C 000:124.242   Data:  00
T270C 000:124.249 - 0.224ms returns 0
T270C 000:124.253 JLINK_HasError()
T270C 000:124.264 JLINK_ReadMem(0x200000B5, 0x1 Bytes, ...)
T270C 000:124.270   CPU_ReadMem(1 bytes @ 0x200000B5)
T270C 000:124.491   Data:  00
T270C 000:124.498 - 0.235ms returns 0
T270C 000:124.502 JLINK_HasError()
T270C 000:124.513 JLINK_ReadMem(0x200000B6, 0x2 Bytes, ...)
T270C 000:124.519   CPU_ReadMem(2 bytes @ 0x200000B6)
T270C 000:124.727   Data:  00 00
T270C 000:124.733 - 0.221ms returns 0
T270C 000:124.737 JLINK_HasError()
T270C 000:124.753 JLINK_IsOpen()
T270C 000:124.757 - 0.005ms returns 0x01
T270C 000:136.261 JLINK_Close()
T270C 000:139.349   OnDisconnectTarget() start
T270C 000:139.392    J-Link Script File: Executing OnDisconnectTarget()
T270C 000:139.450   CPU_WriteMem(4 bytes @ 0xE0042004)
T270C 000:139.884   OnDisconnectTarget() end
T270C 000:139.924   CPU_ReadMem(4 bytes @ 0xE0001000)
T270C 000:180.952 - 44.706ms
T270C 000:180.970   
T270C 000:180.974   Closed
