T0F84 000:000.281   SEGGER J-Link V7.82 Log File
T0F84 000:000.387   DLL Compiled: Oct 13 2022 13:37:46
T0F84 000:000.401   Logging started @ 2026-05-07 08:19
T0F84 000:000.413 - 0.419ms
T0F84 000:000.490 JLINK_SetWarnOutHandler(...)
T0F84 000:000.507 - 0.023ms
T0F84 000:000.522 JLINK_OpenEx(...)
T0F84 000:004.967   Firmware: J-Link V9 compiled Jun  2 2222 22:22:22
T0F84 000:005.408   Firmware: J-Link V9 compiled Jun  2 2222 22:22:22
T0F84 000:005.552   Decompressing FW timestamp took 107 us
T0F84 000:012.344   Hardware: V9.60
T0F84 000:012.373   S/N: 59611001
T0F84 000:012.391   OEM: SEGGER
T0F84 000:012.408   Feature(s): GDB, RDI, FlashBP, FlashDL, JFlash, RDDI
T0F84 000:013.630   TELNET listener socket opened on port 19021
T0F84 000:021.930   WEBSRV WEBSRV_Init(): Starting webserver thread(s)
T0F84 000:022.038   WEBSRV Webserver running on local port 19080
T0F84 000:110.865 - 110.358ms returns "O.K."
T0F84 000:110.964 JLINK_GetFirmwareString(...)
T0F84 000:110.972 - 0.009ms
T0F84 000:110.982 JLINK_GetHardwareVersion()
T0F84 000:110.986 - 0.005ms returns 96000
T0F84 000:110.996 JLINK_GetHWInfo(...)
T0F84 000:111.146 - 0.153ms returns 0
T0F84 000:111.156 JLINK_GetSN()
T0F84 000:111.162 - 0.007ms returns 59611001
T0F84 000:111.171 JLINK_GetOEMString(...)
T0F84 000:111.179 JLINK_EMU_GetCurrConnectionInfo()
T0F84 000:111.317 - 0.141ms returns 0
T0F84 000:111.326 JLINK_EMU_HasCapEx(0x00000026)
T0F84 000:111.330 - 0.005ms returns 0
T0F84 000:111.334 JLINK_GetEmuCaps()
T0F84 000:111.338 - 0.005ms returns 0xB9FF7BBF
T0F84 000:111.342 JLINK_GetEmuCaps()
T0F84 000:111.345 - 0.005ms returns 0xB9FF7BBF
T0F84 000:111.349 JLINK_GetHWStatus(...)
T0F84 000:111.451 - 0.104ms returns 0
T0F84 000:111.457 JLINK_EMU_HasCapEx(0x00000044)
T0F84 000:111.461 - 0.005ms returns 0
T0F84 000:111.472 JLINK_TIF_GetAvailable(...)
T0F84 000:111.596 - 0.127ms
T0F84 000:111.626 JLINK_ExecCommand("device=STM32F103VE", ...). 
T0F84 000:122.083   Device "STM32F103VE" selected.
T0F84 000:122.340 - 10.711ms returns 0x00
T0F84 000:122.354 JLINK_EnableLog(...)
T0F84 000:122.358 - 0.005ms
T0F84 000:122.366 JLINK_GetEmuCaps()
T0F84 000:122.370 - 0.005ms returns 0xB9FF7BBF
T0F84 000:122.375 JLINK_TIF_GetAvailable(...)
T0F84 000:122.597 - 0.229ms
T0F84 000:122.615 JLINK_TIF_Select(JLINKARM_TIF_SWD)
T0F84 000:123.286 - 0.677ms returns 0x00
T0F84 000:123.309 JLINK_IsConnected()
T0F84 000:123.314 - 0.007ms returns FALSE
T0F84 000:123.321 JLINK_SetSpeed(4000)
T0F84 000:123.443 - 0.128ms
T0F84 000:123.458 JLINK_Connect()
T0F84 000:123.729   InitTarget() start
T0F84 000:123.739    J-Link Script File: Executing InitTarget()
T0F84 000:128.329   InitTarget() end
T0F84 000:128.780   Found SW-DP with ID 0x2BA01477
T0F84 000:129.752   Old FW that does not support reading DPIDR via DAP jobs
T0F84 000:130.322   DPv0 detected
T0F84 000:130.331   CoreSight SoC-400 or earlier
T0F84 000:130.340   Scanning AP map to find all available APs
T0F84 000:130.716   AP[1]: Stopped AP scan as end of AP map has been reached
T0F84 000:130.725   AP[0]: AHB-AP (IDR: 0x24770011)
T0F84 000:130.732   Iterating through AP map to find AHB-AP to use
T0F84 000:131.439   AP[0]: Core found
T0F84 000:131.450   AP[0]: AHB-AP ROM base: 0xE00FF000
T0F84 000:131.798   CPUID register: 0x410FC241. Implementer code: 0x41 (ARM)
T0F84 000:131.811   Found Cortex-M4 r0p1, Little endian.
T0F84 000:131.826   Identified core does not match configuration. (Found: Cortex-M4, Configured: Cortex-M3)
T0F84 000:132.131   -- Max. mem block: 0x00010F20
T0F84 000:132.235   CPU_ReadMem(4 bytes @ 0xE000EDF0)
T0F84 000:132.519   CPU_ReadMem(4 bytes @ 0xE0002000)
T0F84 000:132.800   FPUnit: 6 code (BP) slots and 2 literal slots
T0F84 000:132.810   CPU_ReadMem(4 bytes @ 0xE000EDFC)
T0F84 000:133.118   CPU_WriteMem(4 bytes @ 0xE000EDFC)
T0F84 000:133.367   CPU_ReadMem(4 bytes @ 0xE0001000)
T0F84 000:133.611   CPU_WriteMem(4 bytes @ 0xE0001000)
T0F84 000:133.854   CPU_ReadMem(4 bytes @ 0xE000ED88)
T0F84 000:134.119   CPU_WriteMem(4 bytes @ 0xE000ED88)
T0F84 000:134.336   CPU_ReadMem(4 bytes @ 0xE000ED88)
T0F84 000:134.662   CPU_WriteMem(4 bytes @ 0xE000ED88)
T0F84 000:134.946   CoreSight components:
T0F84 000:134.961   ROMTbl[0] @ E00FF000
T0F84 000:134.967   CPU_ReadMem(64 bytes @ 0xE00FF000)
T0F84 000:135.552   CPU_ReadMem(32 bytes @ 0xE000EFE0)
T0F84 000:135.962   [0][0]: E000E000 CID B105E00D PID 000BB00C SCS-M7
T0F84 000:135.971   CPU_ReadMem(32 bytes @ 0xE0001FE0)
T0F84 000:136.415   [0][1]: E0001000 CID B105E00D PID 003BB002 DWT
T0F84 000:136.425   CPU_ReadMem(32 bytes @ 0xE0002FE0)
T0F84 000:136.822   [0][2]: E0002000 CID B105E00D PID 002BB003 FPB
T0F84 000:136.832   CPU_ReadMem(32 bytes @ 0xE0000FE0)
T0F84 000:137.203   [0][3]: E0000000 CID B105E00D PID 003BB001 ITM
T0F84 000:137.213   CPU_ReadMem(32 bytes @ 0xE0040FE0)
T0F84 000:137.555   [0][4]: E0040000 CID B105900D PID 000BB9A1 TPIU
T0F84 000:137.567   CPU_ReadMem(32 bytes @ 0xE0041FE0)
T0F84 000:137.914   [0][5]: E0041000 CID 00000000 PID 00000000 ???
T0F84 000:137.951 - 14.496ms returns 0x00
T0F84 000:137.962 JLINK_GetIdData(pIdData)
T0F84 000:138.174   pIdData->ScanLen=4
T0F84 000:138.181   
T0F84 000:138.184   pIdData->NumDevices=1
T0F84 000:138.189   
T0F84 000:138.192   pIdData->aId[0]=0x2BA01477
T0F84 000:138.197   
T0F84 000:138.200   pIdData->aIrRead[0]=0
T0F84 000:138.206   
T0F84 000:138.209   pIdData->aScanLen[0]=0
T0F84 000:138.215   
T0F84 000:138.218   pIdData->aScanRead[0]=0
T0F84 000:138.223   
T0F84 000:138.226 - 0.266ms
T0F84 000:138.237 JLINK_GetMemZones(...)
T0F84 000:138.240 - 0.005ms returns 0
T0F84 000:138.246 JLINK_HasError()
T0F84 000:138.251 JLINK_CORE_GetFound()
T0F84 000:138.254 - 0.005ms returns 0xE0000FF
T0F84 000:138.273 JLINK_ReadMem(0x20000074, 0x2 Bytes, ...)
T0F84 000:138.294   CPU_ReadMem(2 bytes @ 0x20000074)
T0F84 000:138.545   Data:  00 01
T0F84 000:138.554 - 0.283ms returns 0
T0F84 000:138.560 JLINK_HasError()
T0F84 000:138.579 JLINK_ReadMem(0x20000078, 0x2 Bytes, ...)
T0F84 000:138.587   CPU_ReadMem(2 bytes @ 0x20000078)
T0F84 000:138.869   Data:  00 00
T0F84 000:138.878 - 0.301ms returns 0
T0F84 000:138.884 JLINK_HasError()
T0F84 000:138.899 JLINK_ReadMem(0x2000007E, 0x1 Bytes, ...)
T0F84 000:138.907   CPU_ReadMem(1 bytes @ 0x2000007E)
T0F84 000:139.172   Data:  00
T0F84 000:139.181 - 0.283ms returns 0
T0F84 000:139.186 JLINK_HasError()
T0F84 000:139.201 JLINK_ReadMem(0x20000080, 0x2 Bytes, ...)
T0F84 000:139.209   CPU_ReadMem(2 bytes @ 0x20000080)
T0F84 000:139.450   Data:  00 00
T0F84 000:139.456 - 0.256ms returns 0
T0F84 000:139.461 JLINK_HasError()
T0F84 000:139.473 JLINK_ReadMem(0x20000087, 0x1 Bytes, ...)
T0F84 000:139.479   CPU_ReadMem(1 bytes @ 0x20000087)
T0F84 000:139.715   Data:  FA
T0F84 000:139.722 - 0.250ms returns 0
T0F84 000:139.726 JLINK_HasError()
T0F84 000:139.737 JLINK_ReadMem(0x2000008E, 0x2 Bytes, ...)
T0F84 000:139.743   CPU_ReadMem(2 bytes @ 0x2000008E)
T0F84 000:139.972   Data:  00 00
T0F84 000:139.978 - 0.242ms returns 0
T0F84 000:139.983 JLINK_HasError()
T0F84 000:139.995 JLINK_ReadMem(0x20000096, 0x2 Bytes, ...)
T0F84 000:140.000   CPU_ReadMem(2 bytes @ 0x20000096)
T0F84 000:140.262   Data:  03 BD
T0F84 000:140.268 - 0.275ms returns 0
T0F84 000:140.272 JLINK_HasError()
T0F84 000:140.284 JLINK_ReadMem(0x20000098, 0x2 Bytes, ...)
T0F84 000:140.289   CPU_ReadMem(2 bytes @ 0x20000098)
T0F84 000:140.523   Data:  00 00
T0F84 000:140.529 - 0.246ms returns 0
T0F84 000:140.533 JLINK_HasError()
T0F84 000:140.545 JLINK_ReadMem(0x2000009A, 0x1 Bytes, ...)
T0F84 000:140.550   CPU_ReadMem(1 bytes @ 0x2000009A)
T0F84 000:140.813   Data:  00
T0F84 000:140.819 - 0.275ms returns 0
T0F84 000:140.823 JLINK_HasError()
T0F84 000:140.834 JLINK_ReadMem(0x2000009B, 0x1 Bytes, ...)
T0F84 000:140.840   CPU_ReadMem(1 bytes @ 0x2000009B)
T0F84 000:141.111   Data:  01
T0F84 000:141.117 - 0.284ms returns 0
T0F84 000:141.122 JLINK_HasError()
T0F84 000:141.132 JLINK_ReadMem(0x2000009C, 0x1 Bytes, ...)
T0F84 000:141.138   CPU_ReadMem(1 bytes @ 0x2000009C)
T0F84 000:141.375   Data:  00
T0F84 000:141.385 - 0.289ms returns 0
T0F84 000:141.428 JLINK_HasError()
T0F84 000:141.444 JLINK_ReadMem(0x2000009D, 0x1 Bytes, ...)
T0F84 000:141.452   CPU_ReadMem(1 bytes @ 0x2000009D)
T0F84 000:141.729   Data:  00
T0F84 000:141.738 - 0.296ms returns 0
T0F84 000:141.744 JLINK_HasError()
T0F84 000:141.759 JLINK_ReadMem(0x2000009E, 0x1 Bytes, ...)
T0F84 000:141.767   CPU_ReadMem(1 bytes @ 0x2000009E)
T0F84 000:142.011   Data:  00
T0F84 000:142.020 - 0.262ms returns 0
T0F84 000:142.025 JLINK_HasError()
T0F84 000:142.040 JLINK_ReadMem(0x2000009F, 0x1 Bytes, ...)
T0F84 000:142.048   CPU_ReadMem(1 bytes @ 0x2000009F)
T0F84 000:142.323   Data:  00
T0F84 000:142.332 - 0.293ms returns 0
T0F84 000:142.338 JLINK_HasError()
T0F84 000:142.353 JLINK_ReadMem(0x200000A4, 0x1 Bytes, ...)
T0F84 000:142.361   CPU_ReadMem(1 bytes @ 0x200000A4)
T0F84 000:142.631   Data:  00
T0F84 000:142.640 - 0.288ms returns 0
T0F84 000:142.645 JLINK_HasError()
T0F84 000:142.661 JLINK_ReadMem(0x200000A8, 0x2 Bytes, ...)
T0F84 000:142.668   CPU_ReadMem(2 bytes @ 0x200000A8)
T0F84 000:142.946   Data:  00 00
T0F84 000:142.955 - 0.296ms returns 0
T0F84 000:142.960 JLINK_HasError()
T0F84 000:143.015 JLINK_ReadMem(0x200000AA, 0x2 Bytes, ...)
T0F84 000:143.025   CPU_ReadMem(2 bytes @ 0x200000AA)
T0F84 000:143.271   Data:  00 00
T0F84 000:143.278 - 0.264ms returns 0
T0F84 000:143.282 JLINK_HasError()
T0F84 000:143.298 JLINK_ReadMem(0x200000AC, 0x2 Bytes, ...)
T0F84 000:143.305   CPU_ReadMem(2 bytes @ 0x200000AC)
T0F84 000:143.536   Data:  00 FA
T0F84 000:143.543 - 0.246ms returns 0
T0F84 000:143.547 JLINK_HasError()
T0F84 000:143.559 JLINK_ReadMem(0x200000AE, 0x2 Bytes, ...)
T0F84 000:143.564   CPU_ReadMem(2 bytes @ 0x200000AE)
T0F84 000:143.794   Data:  01 F4
T0F84 000:143.801 - 0.243ms returns 0
T0F84 000:143.805 JLINK_HasError()
T0F84 000:143.816 JLINK_ReadMem(0x200000B0, 0x1 Bytes, ...)
T0F84 000:143.822   CPU_ReadMem(1 bytes @ 0x200000B0)
T0F84 000:144.109   Data:  00
T0F84 000:144.116 - 0.301ms returns 0
T0F84 000:144.120 JLINK_HasError()
T0F84 000:144.131 JLINK_ReadMem(0x200000B1, 0x1 Bytes, ...)
T0F84 000:144.137   CPU_ReadMem(1 bytes @ 0x200000B1)
T0F84 000:144.371   Data:  D2
T0F84 000:144.377 - 0.248ms returns 0
T0F84 000:144.382 JLINK_HasError()
T0F84 000:144.393 JLINK_ReadMem(0x200000B4, 0x1 Bytes, ...)
T0F84 000:144.398   CPU_ReadMem(1 bytes @ 0x200000B4)
T0F84 000:144.633   Data:  00
T0F84 000:144.639 - 0.247ms returns 0
T0F84 000:144.643 JLINK_HasError()
T0F84 000:144.654 JLINK_ReadMem(0x200000B5, 0x1 Bytes, ...)
T0F84 000:144.659   CPU_ReadMem(1 bytes @ 0x200000B5)
T0F84 000:144.889   Data:  00
T0F84 000:144.896 - 0.243ms returns 0
T0F84 000:144.900 JLINK_HasError()
T0F84 000:144.911 JLINK_ReadMem(0x200000B6, 0x2 Bytes, ...)
T0F84 000:144.916   CPU_ReadMem(2 bytes @ 0x200000B6)
T0F84 000:145.143   Data:  00 00
T0F84 000:145.149 - 0.240ms returns 0
T0F84 000:145.153 JLINK_HasError()
T0F84 000:145.170 JLINK_IsOpen()
T0F84 000:145.174 - 0.005ms returns 0x01
T0F84 000:153.695 JLINK_Close()
T0F84 000:156.222   OnDisconnectTarget() start
T0F84 000:156.231    J-Link Script File: Executing OnDisconnectTarget()
T0F84 000:156.245   CPU_WriteMem(4 bytes @ 0xE0042004)
T0F84 000:156.542   OnDisconnectTarget() end
T0F84 000:156.552   CPU_ReadMem(4 bytes @ 0xE0001000)
T0F84 000:195.288 - 41.604ms
T0F84 000:195.302   
T0F84 000:195.306   Closed
