T35A0 000:000.289   SEGGER J-Link V7.82 Log File
T35A0 000:000.394   DLL Compiled: Oct 13 2022 13:37:46
T35A0 000:000.408   Logging started @ 2026-05-07 08:19
T35A0 000:000.419 - 0.425ms
T35A0 000:000.495 JLINK_SetWarnOutHandler(...)
T35A0 000:000.512 - 0.023ms
T35A0 000:000.528 JLINK_OpenEx(...)
T35A0 000:004.881   Firmware: J-Link V9 compiled Jun  2 2222 22:22:22
T35A0 000:005.306   Firmware: J-Link V9 compiled Jun  2 2222 22:22:22
T35A0 000:005.451   Decompressing FW timestamp took 107 us
T35A0 000:012.155   Hardware: V9.60
T35A0 000:012.184   S/N: 59611001
T35A0 000:012.202   OEM: SEGGER
T35A0 000:012.220   Feature(s): GDB, RDI, FlashBP, FlashDL, JFlash, RDDI
T35A0 000:013.547   TELNET listener socket opened on port 19021
T35A0 000:013.819   WEBSRV WEBSRV_Init(): Starting webserver thread(s)
T35A0 000:013.907   WEBSRV Webserver running on local port 19080
T35A0 000:090.877 - 90.359ms returns "O.K."
T35A0 000:090.962 JLINK_GetFirmwareString(...)
T35A0 000:090.970 - 0.009ms
T35A0 000:090.979 JLINK_GetHardwareVersion()
T35A0 000:090.983 - 0.005ms returns 96000
T35A0 000:090.993 JLINK_GetHWInfo(...)
T35A0 000:091.180 - 0.191ms returns 0
T35A0 000:091.196 JLINK_GetSN()
T35A0 000:091.204 - 0.009ms returns 59611001
T35A0 000:091.213 JLINK_GetOEMString(...)
T35A0 000:091.222 JLINK_EMU_GetCurrConnectionInfo()
T35A0 000:091.387 - 0.169ms returns 0
T35A0 000:091.401 JLINK_EMU_HasCapEx(0x00000026)
T35A0 000:091.405 - 0.006ms returns 0
T35A0 000:091.410 JLINK_GetEmuCaps()
T35A0 000:091.414 - 0.005ms returns 0xB9FF7BBF
T35A0 000:091.418 JLINK_GetEmuCaps()
T35A0 000:091.421 - 0.005ms returns 0xB9FF7BBF
T35A0 000:091.425 JLINK_GetHWStatus(...)
T35A0 000:091.581 - 0.161ms returns 0
T35A0 000:091.590 JLINK_EMU_HasCapEx(0x00000044)
T35A0 000:091.594 - 0.005ms returns 0
T35A0 000:091.610 JLINK_TIF_GetAvailable(...)
T35A0 000:091.744 - 0.137ms
T35A0 000:091.775 JLINK_ExecCommand("device=STM32F103VE", ...). 
T35A0 000:102.198   Device "STM32F103VE" selected.
T35A0 000:102.458 - 10.680ms returns 0x00
T35A0 000:102.470 JLINK_EnableLog(...)
T35A0 000:102.474 - 0.005ms
T35A0 000:102.483 JLINK_GetEmuCaps()
T35A0 000:102.487 - 0.005ms returns 0xB9FF7BBF
T35A0 000:102.491 JLINK_TIF_GetAvailable(...)
T35A0 000:102.694 - 0.208ms
T35A0 000:102.706 JLINK_TIF_Select(JLINKARM_TIF_SWD)
T35A0 000:103.425 - 0.724ms returns 0x00
T35A0 000:103.444 JLINK_IsConnected()
T35A0 000:103.450 - 0.007ms returns FALSE
T35A0 000:103.456 JLINK_SetSpeed(4000)
T35A0 000:103.549 - 0.098ms
T35A0 000:103.563 JLINK_Connect()
T35A0 000:103.765   InitTarget() start
T35A0 000:103.775    J-Link Script File: Executing InitTarget()
T35A0 000:108.601   InitTarget() end
T35A0 000:109.066   Found SW-DP with ID 0x2BA01477
T35A0 000:110.154   Old FW that does not support reading DPIDR via DAP jobs
T35A0 000:110.740   DPv0 detected
T35A0 000:110.749   CoreSight SoC-400 or earlier
T35A0 000:110.757   Scanning AP map to find all available APs
T35A0 000:111.224   AP[1]: Stopped AP scan as end of AP map has been reached
T35A0 000:111.235   AP[0]: AHB-AP (IDR: 0x24770011)
T35A0 000:111.243   Iterating through AP map to find AHB-AP to use
T35A0 000:111.932   AP[0]: Core found
T35A0 000:111.943   AP[0]: AHB-AP ROM base: 0xE00FF000
T35A0 000:112.290   CPUID register: 0x410FC241. Implementer code: 0x41 (ARM)
T35A0 000:112.303   Found Cortex-M4 r0p1, Little endian.
T35A0 000:112.317   Identified core does not match configuration. (Found: Cortex-M4, Configured: Cortex-M3)
T35A0 000:112.616   -- Max. mem block: 0x00010F20
T35A0 000:112.741   CPU_ReadMem(4 bytes @ 0xE000EDF0)
T35A0 000:113.039   CPU_ReadMem(4 bytes @ 0xE0002000)
T35A0 000:113.283   FPUnit: 6 code (BP) slots and 2 literal slots
T35A0 000:113.293   CPU_ReadMem(4 bytes @ 0xE000EDFC)
T35A0 000:113.530   CPU_WriteMem(4 bytes @ 0xE000EDFC)
T35A0 000:113.775   CPU_ReadMem(4 bytes @ 0xE0001000)
T35A0 000:114.020   CPU_WriteMem(4 bytes @ 0xE0001000)
T35A0 000:114.258   CPU_ReadMem(4 bytes @ 0xE000ED88)
T35A0 000:114.496   CPU_WriteMem(4 bytes @ 0xE000ED88)
T35A0 000:114.731   CPU_ReadMem(4 bytes @ 0xE000ED88)
T35A0 000:115.004   CPU_WriteMem(4 bytes @ 0xE000ED88)
T35A0 000:115.248   CoreSight components:
T35A0 000:115.262   ROMTbl[0] @ E00FF000
T35A0 000:115.269   CPU_ReadMem(64 bytes @ 0xE00FF000)
T35A0 000:115.773   CPU_ReadMem(32 bytes @ 0xE000EFE0)
T35A0 000:116.125   [0][0]: E000E000 CID B105E00D PID 000BB00C SCS-M7
T35A0 000:116.134   CPU_ReadMem(32 bytes @ 0xE0001FE0)
T35A0 000:116.496   [0][1]: E0001000 CID B105E00D PID 003BB002 DWT
T35A0 000:116.502   CPU_ReadMem(32 bytes @ 0xE0002FE0)
T35A0 000:116.866   [0][2]: E0002000 CID B105E00D PID 002BB003 FPB
T35A0 000:116.872   CPU_ReadMem(32 bytes @ 0xE0000FE0)
T35A0 000:117.239   [0][3]: E0000000 CID B105E00D PID 003BB001 ITM
T35A0 000:117.246   CPU_ReadMem(32 bytes @ 0xE0040FE0)
T35A0 000:117.672   [0][4]: E0040000 CID B105900D PID 000BB9A1 TPIU
T35A0 000:117.679   CPU_ReadMem(32 bytes @ 0xE0041FE0)
T35A0 000:118.029   [0][5]: E0041000 CID 00000000 PID 00000000 ???
T35A0 000:118.058 - 14.497ms returns 0x00
T35A0 000:118.069 JLINK_GetIdData(pIdData)
T35A0 000:118.246   pIdData->ScanLen=4
T35A0 000:118.252   
T35A0 000:118.255   pIdData->NumDevices=1
T35A0 000:118.260   
T35A0 000:118.263   pIdData->aId[0]=0x2BA01477
T35A0 000:118.268   
T35A0 000:118.271   pIdData->aIrRead[0]=0
T35A0 000:118.276   
T35A0 000:118.279   pIdData->aScanLen[0]=0
T35A0 000:118.284   
T35A0 000:118.287   pIdData->aScanRead[0]=0
T35A0 000:118.292   
T35A0 000:118.295 - 0.228ms
T35A0 000:118.305 JLINK_GetMemZones(...)
T35A0 000:118.308 - 0.005ms returns 0
T35A0 000:118.313 JLINK_HasError()
T35A0 000:118.318 JLINK_CORE_GetFound()
T35A0 000:118.322 - 0.005ms returns 0xE0000FF
T35A0 000:118.351 JLINK_ReadMem(0x20000074, 0x2 Bytes, ...)
T35A0 000:118.371   CPU_ReadMem(2 bytes @ 0x20000074)
T35A0 000:118.617   Data:  01 F4
T35A0 000:118.624 - 0.274ms returns 0
T35A0 000:118.628 JLINK_HasError()
T35A0 000:118.643 JLINK_ReadMem(0x20000078, 0x2 Bytes, ...)
T35A0 000:118.649   CPU_ReadMem(2 bytes @ 0x20000078)
T35A0 000:118.890   Data:  03 E8
T35A0 000:118.896 - 0.255ms returns 0
T35A0 000:118.901 JLINK_HasError()
T35A0 000:118.912 JLINK_ReadMem(0x2000007E, 0x1 Bytes, ...)
T35A0 000:118.917   CPU_ReadMem(1 bytes @ 0x2000007E)
T35A0 000:119.178   Data:  10
T35A0 000:119.185 - 0.274ms returns 0
T35A0 000:119.189 JLINK_HasError()
T35A0 000:119.200 JLINK_ReadMem(0x20000080, 0x2 Bytes, ...)
T35A0 000:119.206   CPU_ReadMem(2 bytes @ 0x20000080)
T35A0 000:119.465   Data:  ED AA
T35A0 000:119.471 - 0.272ms returns 0
T35A0 000:119.476 JLINK_HasError()
T35A0 000:119.487 JLINK_ReadMem(0x20000087, 0x1 Bytes, ...)
T35A0 000:119.492   CPU_ReadMem(1 bytes @ 0x20000087)
T35A0 000:119.728   Data:  17
T35A0 000:119.734 - 0.248ms returns 0
T35A0 000:119.738 JLINK_HasError()
T35A0 000:119.749 JLINK_ReadMem(0x2000008E, 0x2 Bytes, ...)
T35A0 000:119.754   CPU_ReadMem(2 bytes @ 0x2000008E)
T35A0 000:119.989   Data:  01 00
T35A0 000:119.995 - 0.247ms returns 0
T35A0 000:119.999 JLINK_HasError()
T35A0 000:120.010 JLINK_ReadMem(0x20000096, 0x2 Bytes, ...)
T35A0 000:120.015   CPU_ReadMem(2 bytes @ 0x20000096)
T35A0 000:120.221   Data:  04 DF
T35A0 000:120.227 - 0.219ms returns 0
T35A0 000:120.231 JLINK_HasError()
T35A0 000:120.242 JLINK_ReadMem(0x20000098, 0x2 Bytes, ...)
T35A0 000:120.248   CPU_ReadMem(2 bytes @ 0x20000098)
T35A0 000:120.465   Data:  00 00
T35A0 000:120.471 - 0.230ms returns 0
T35A0 000:120.475 JLINK_HasError()
T35A0 000:120.486 JLINK_ReadMem(0x2000009A, 0x1 Bytes, ...)
T35A0 000:120.491   CPU_ReadMem(1 bytes @ 0x2000009A)
T35A0 000:120.694   Data:  00
T35A0 000:120.700 - 0.216ms returns 0
T35A0 000:120.704 JLINK_HasError()
T35A0 000:120.715 JLINK_ReadMem(0x2000009B, 0x1 Bytes, ...)
T35A0 000:120.721   CPU_ReadMem(1 bytes @ 0x2000009B)
T35A0 000:120.925   Data:  01
T35A0 000:120.931 - 0.217ms returns 0
T35A0 000:120.936 JLINK_HasError()
T35A0 000:120.946 JLINK_ReadMem(0x2000009C, 0x1 Bytes, ...)
T35A0 000:120.953   CPU_ReadMem(1 bytes @ 0x2000009C)
T35A0 000:121.156   Data:  00
T35A0 000:121.162 - 0.244ms returns 0
T35A0 000:121.196 JLINK_HasError()
T35A0 000:121.208 JLINK_ReadMem(0x2000009D, 0x1 Bytes, ...)
T35A0 000:121.215   CPU_ReadMem(1 bytes @ 0x2000009D)
T35A0 000:121.465   Data:  00
T35A0 000:121.471 - 0.264ms returns 0
T35A0 000:121.476 JLINK_HasError()
T35A0 000:121.486 JLINK_ReadMem(0x2000009E, 0x1 Bytes, ...)
T35A0 000:121.492   CPU_ReadMem(1 bytes @ 0x2000009E)
T35A0 000:121.701   Data:  00
T35A0 000:121.707 - 0.222ms returns 0
T35A0 000:121.711 JLINK_HasError()
T35A0 000:121.722 JLINK_ReadMem(0x2000009F, 0x1 Bytes, ...)
T35A0 000:121.727   CPU_ReadMem(1 bytes @ 0x2000009F)
T35A0 000:121.931   Data:  00
T35A0 000:121.937 - 0.217ms returns 0
T35A0 000:121.942 JLINK_HasError()
T35A0 000:121.953 JLINK_ReadMem(0x200000A4, 0x1 Bytes, ...)
T35A0 000:121.959   CPU_ReadMem(1 bytes @ 0x200000A4)
T35A0 000:122.166   Data:  00
T35A0 000:122.172 - 0.220ms returns 0
T35A0 000:122.177 JLINK_HasError()
T35A0 000:122.188 JLINK_ReadMem(0x200000A8, 0x2 Bytes, ...)
T35A0 000:122.193   CPU_ReadMem(2 bytes @ 0x200000A8)
T35A0 000:122.465   Data:  00 00
T35A0 000:122.471 - 0.284ms returns 0
T35A0 000:122.475 JLINK_HasError()
T35A0 000:122.524 JLINK_ReadMem(0x200000AA, 0x2 Bytes, ...)
T35A0 000:122.532   CPU_ReadMem(2 bytes @ 0x200000AA)
T35A0 000:122.739   Data:  00 00
T35A0 000:122.745 - 0.223ms returns 0
T35A0 000:122.750 JLINK_HasError()
T35A0 000:122.763 JLINK_ReadMem(0x200000AC, 0x2 Bytes, ...)
T35A0 000:122.769   CPU_ReadMem(2 bytes @ 0x200000AC)
T35A0 000:122.974   Data:  00 FA
T35A0 000:122.980 - 0.218ms returns 0
T35A0 000:122.985 JLINK_HasError()
T35A0 000:122.996 JLINK_ReadMem(0x200000AE, 0x2 Bytes, ...)
T35A0 000:123.001   CPU_ReadMem(2 bytes @ 0x200000AE)
T35A0 000:123.207   Data:  01 F4
T35A0 000:123.213 - 0.219ms returns 0
T35A0 000:123.218 JLINK_HasError()
T35A0 000:123.229 JLINK_ReadMem(0x200000B0, 0x1 Bytes, ...)
T35A0 000:123.234   CPU_ReadMem(1 bytes @ 0x200000B0)
T35A0 000:123.465   Data:  00
T35A0 000:123.471 - 0.243ms returns 0
T35A0 000:123.475 JLINK_HasError()
T35A0 000:123.486 JLINK_ReadMem(0x200000B1, 0x1 Bytes, ...)
T35A0 000:123.491   CPU_ReadMem(1 bytes @ 0x200000B1)
T35A0 000:123.694   Data:  D2
T35A0 000:123.700 - 0.216ms returns 0
T35A0 000:123.704 JLINK_HasError()
T35A0 000:123.715 JLINK_ReadMem(0x200000B4, 0x1 Bytes, ...)
T35A0 000:123.720   CPU_ReadMem(1 bytes @ 0x200000B4)
T35A0 000:123.925   Data:  00
T35A0 000:123.931 - 0.218ms returns 0
T35A0 000:123.936 JLINK_HasError()
T35A0 000:123.947 JLINK_ReadMem(0x200000B5, 0x1 Bytes, ...)
T35A0 000:123.953   CPU_ReadMem(1 bytes @ 0x200000B5)
T35A0 000:124.157   Data:  00
T35A0 000:124.163 - 0.217ms returns 0
T35A0 000:124.167 JLINK_HasError()
T35A0 000:124.178 JLINK_ReadMem(0x200000B6, 0x2 Bytes, ...)
T35A0 000:124.183   CPU_ReadMem(2 bytes @ 0x200000B6)
T35A0 000:124.465   Data:  00 00
T35A0 000:124.471 - 0.295ms returns 0
T35A0 000:124.475 JLINK_HasError()
T35A0 000:124.491 JLINK_IsOpen()
T35A0 000:124.494 - 0.005ms returns 0x01
T35A0 000:132.252 JLINK_Close()
T35A0 000:134.790   OnDisconnectTarget() start
T35A0 000:134.802    J-Link Script File: Executing OnDisconnectTarget()
T35A0 000:134.818   CPU_WriteMem(4 bytes @ 0xE0042004)
T35A0 000:135.215   OnDisconnectTarget() end
T35A0 000:135.226   CPU_ReadMem(4 bytes @ 0xE0001000)
T35A0 000:153.585 - 21.346ms
T35A0 000:153.601   
T35A0 000:153.604   Closed
