T5D24 000:000.262   SEGGER J-Link V7.82 Log File
T5D24 000:000.362   DLL Compiled: Oct 13 2022 13:37:46
T5D24 000:000.375   Logging started @ 2026-05-07 08:19
T5D24 000:000.387 - 0.393ms
T5D24 000:000.463 JLINK_SetWarnOutHandler(...)
T5D24 000:000.480 - 0.023ms
T5D24 000:000.496 JLINK_OpenEx(...)
T5D24 000:013.820   Firmware: J-Link V9 compiled Jun  2 2222 22:22:22
T5D24 000:014.121   Firmware: J-Link V9 compiled Jun  2 2222 22:22:22
T5D24 000:014.258   Decompressing FW timestamp took 108 us
T5D24 000:020.680   Hardware: V9.60
T5D24 000:020.710   S/N: 59611001
T5D24 000:020.728   OEM: SEGGER
T5D24 000:020.745   Feature(s): GDB, RDI, FlashBP, FlashDL, JFlash, RDDI
T5D24 000:022.069   TELNET listener socket opened on port 19021
T5D24 000:022.361   WEBSRV WEBSRV_Init(): Starting webserver thread(s)
T5D24 000:022.445   WEBSRV Webserver running on local port 19080
T5D24 000:089.914 - 89.427ms returns "O.K."
T5D24 000:090.020 JLINK_GetFirmwareString(...)
T5D24 000:090.032 - 0.013ms
T5D24 000:090.043 JLINK_GetHardwareVersion()
T5D24 000:090.047 - 0.005ms returns 96000
T5D24 000:090.057 JLINK_GetHWInfo(...)
T5D24 000:090.241 - 0.188ms returns 0
T5D24 000:090.256 JLINK_GetSN()
T5D24 000:090.264 - 0.009ms returns 59611001
T5D24 000:090.274 JLINK_GetOEMString(...)
T5D24 000:090.282 JLINK_EMU_GetCurrConnectionInfo()
T5D24 000:090.483 - 0.206ms returns 0
T5D24 000:090.498 JLINK_EMU_HasCapEx(0x00000026)
T5D24 000:090.502 - 0.006ms returns 0
T5D24 000:090.507 JLINK_GetEmuCaps()
T5D24 000:090.510 - 0.005ms returns 0xB9FF7BBF
T5D24 000:090.514 JLINK_GetEmuCaps()
T5D24 000:090.518 - 0.004ms returns 0xB9FF7BBF
T5D24 000:090.522 JLINK_GetHWStatus(...)
T5D24 000:090.690 - 0.173ms returns 0
T5D24 000:090.700 JLINK_EMU_HasCapEx(0x00000044)
T5D24 000:090.704 - 0.005ms returns 0
T5D24 000:090.719 JLINK_TIF_GetAvailable(...)
T5D24 000:090.873 - 0.159ms
T5D24 000:090.913 JLINK_ExecCommand("device=STM32F103VE", ...). 
T5D24 000:101.213   Device "STM32F103VE" selected.
T5D24 000:101.482 - 10.566ms returns 0x00
T5D24 000:101.495 JLINK_EnableLog(...)
T5D24 000:101.499 - 0.005ms
T5D24 000:101.507 JLINK_GetEmuCaps()
T5D24 000:101.511 - 0.005ms returns 0xB9FF7BBF
T5D24 000:101.515 JLINK_TIF_GetAvailable(...)
T5D24 000:101.730 - 0.219ms
T5D24 000:101.741 JLINK_TIF_Select(JLINKARM_TIF_SWD)
T5D24 000:102.454 - 0.718ms returns 0x00
T5D24 000:102.473 JLINK_IsConnected()
T5D24 000:102.478 - 0.007ms returns FALSE
T5D24 000:102.484 JLINK_SetSpeed(4000)
T5D24 000:102.579 - 0.099ms
T5D24 000:102.592 JLINK_Connect()
T5D24 000:102.837   InitTarget() start
T5D24 000:102.847    J-Link Script File: Executing InitTarget()
T5D24 000:107.507   InitTarget() end
T5D24 000:108.083   Found SW-DP with ID 0x2BA01477
T5D24 000:109.034   Old FW that does not support reading DPIDR via DAP jobs
T5D24 000:109.541   DPv0 detected
T5D24 000:109.550   CoreSight SoC-400 or earlier
T5D24 000:109.558   Scanning AP map to find all available APs
T5D24 000:110.000   AP[1]: Stopped AP scan as end of AP map has been reached
T5D24 000:110.009   AP[0]: AHB-AP (IDR: 0x24770011)
T5D24 000:110.016   Iterating through AP map to find AHB-AP to use
T5D24 000:110.652   AP[0]: Core found
T5D24 000:110.660   AP[0]: AHB-AP ROM base: 0xE00FF000
T5D24 000:111.042   CPUID register: 0x410FC241. Implementer code: 0x41 (ARM)
T5D24 000:111.052   Found Cortex-M4 r0p1, Little endian.
T5D24 000:111.065   Identified core does not match configuration. (Found: Cortex-M4, Configured: Cortex-M3)
T5D24 000:111.338   -- Max. mem block: 0x00010F20
T5D24 000:111.430   CPU_ReadMem(4 bytes @ 0xE000EDF0)
T5D24 000:111.746   CPU_ReadMem(4 bytes @ 0xE0002000)
T5D24 000:112.002   FPUnit: 6 code (BP) slots and 2 literal slots
T5D24 000:112.011   CPU_ReadMem(4 bytes @ 0xE000EDFC)
T5D24 000:112.265   CPU_WriteMem(4 bytes @ 0xE000EDFC)
T5D24 000:112.512   CPU_ReadMem(4 bytes @ 0xE0001000)
T5D24 000:112.819   CPU_WriteMem(4 bytes @ 0xE0001000)
T5D24 000:113.064   CPU_ReadMem(4 bytes @ 0xE000ED88)
T5D24 000:113.325   CPU_WriteMem(4 bytes @ 0xE000ED88)
T5D24 000:113.564   CPU_ReadMem(4 bytes @ 0xE000ED88)
T5D24 000:113.847   CPU_WriteMem(4 bytes @ 0xE000ED88)
T5D24 000:114.084   CoreSight components:
T5D24 000:114.096   ROMTbl[0] @ E00FF000
T5D24 000:114.102   CPU_ReadMem(64 bytes @ 0xE00FF000)
T5D24 000:114.693   CPU_ReadMem(32 bytes @ 0xE000EFE0)
T5D24 000:115.091   [0][0]: E000E000 CID B105E00D PID 000BB00C SCS-M7
T5D24 000:115.098   CPU_ReadMem(32 bytes @ 0xE0001FE0)
T5D24 000:115.465   [0][1]: E0001000 CID B105E00D PID 003BB002 DWT
T5D24 000:115.472   CPU_ReadMem(32 bytes @ 0xE0002FE0)
T5D24 000:115.886   [0][2]: E0002000 CID B105E00D PID 002BB003 FPB
T5D24 000:115.893   CPU_ReadMem(32 bytes @ 0xE0000FE0)
T5D24 000:116.250   [0][3]: E0000000 CID B105E00D PID 003BB001 ITM
T5D24 000:116.256   CPU_ReadMem(32 bytes @ 0xE0040FE0)
T5D24 000:116.658   [0][4]: E0040000 CID B105900D PID 000BB9A1 TPIU
T5D24 000:116.664   CPU_ReadMem(32 bytes @ 0xE0041FE0)
T5D24 000:117.134   [0][5]: E0041000 CID 00000000 PID 00000000 ???
T5D24 000:117.164 - 14.574ms returns 0x00
T5D24 000:117.176 JLINK_GetIdData(pIdData)
T5D24 000:117.337   pIdData->ScanLen=4
T5D24 000:117.343   
T5D24 000:117.347   pIdData->NumDevices=1
T5D24 000:117.351   
T5D24 000:117.355   pIdData->aId[0]=0x2BA01477
T5D24 000:117.359   
T5D24 000:117.362   pIdData->aIrRead[0]=0
T5D24 000:117.367   
T5D24 000:117.370   pIdData->aScanLen[0]=0
T5D24 000:117.375   
T5D24 000:117.378   pIdData->aScanRead[0]=0
T5D24 000:117.383   
T5D24 000:117.386 - 0.211ms
T5D24 000:117.395 JLINK_GetMemZones(...)
T5D24 000:117.399 - 0.005ms returns 0
T5D24 000:117.404 JLINK_HasError()
T5D24 000:117.409 JLINK_CORE_GetFound()
T5D24 000:117.413 - 0.005ms returns 0xE0000FF
T5D24 000:117.451 JLINK_ReadMem(0x20000074, 0x2 Bytes, ...)
T5D24 000:117.477   CPU_ReadMem(2 bytes @ 0x20000074)
T5D24 000:117.691   Data:  00 00
T5D24 000:117.697 - 0.248ms returns 0
T5D24 000:117.702 JLINK_HasError()
T5D24 000:117.719 JLINK_ReadMem(0x20000078, 0x2 Bytes, ...)
T5D24 000:117.726   CPU_ReadMem(2 bytes @ 0x20000078)
T5D24 000:117.963   Data:  10 DC
T5D24 000:117.969 - 0.251ms returns 0
T5D24 000:117.974 JLINK_HasError()
T5D24 000:117.985 JLINK_ReadMem(0x2000007E, 0x1 Bytes, ...)
T5D24 000:117.991   CPU_ReadMem(1 bytes @ 0x2000007E)
T5D24 000:118.255   Data:  27
T5D24 000:118.261 - 0.277ms returns 0
T5D24 000:118.265 JLINK_HasError()
T5D24 000:118.276 JLINK_ReadMem(0x20000080, 0x2 Bytes, ...)
T5D24 000:118.282   CPU_ReadMem(2 bytes @ 0x20000080)
T5D24 000:118.525   Data:  0F 17
T5D24 000:118.531 - 0.256ms returns 0
T5D24 000:118.535 JLINK_HasError()
T5D24 000:118.546 JLINK_ReadMem(0x20000087, 0x1 Bytes, ...)
T5D24 000:118.552   CPU_ReadMem(1 bytes @ 0x20000087)
T5D24 000:118.787   Data:  00
T5D24 000:118.793 - 0.248ms returns 0
T5D24 000:118.798 JLINK_HasError()
T5D24 000:118.809 JLINK_ReadMem(0x2000008E, 0x2 Bytes, ...)
T5D24 000:118.814   CPU_ReadMem(2 bytes @ 0x2000008E)
T5D24 000:119.037   Data:  00 00
T5D24 000:119.043 - 0.236ms returns 0
T5D24 000:119.048 JLINK_HasError()
T5D24 000:119.059 JLINK_ReadMem(0x20000096, 0x2 Bytes, ...)
T5D24 000:119.064   CPU_ReadMem(2 bytes @ 0x20000096)
T5D24 000:119.274   Data:  00 00
T5D24 000:119.280 - 0.223ms returns 0
T5D24 000:119.285 JLINK_HasError()
T5D24 000:119.295 JLINK_ReadMem(0x20000098, 0x2 Bytes, ...)
T5D24 000:119.301   CPU_ReadMem(2 bytes @ 0x20000098)
T5D24 000:119.507   Data:  00 58
T5D24 000:119.513 - 0.219ms returns 0
T5D24 000:119.518 JLINK_HasError()
T5D24 000:119.528 JLINK_ReadMem(0x2000009A, 0x1 Bytes, ...)
T5D24 000:119.534   CPU_ReadMem(1 bytes @ 0x2000009A)
T5D24 000:119.787   Data:  00
T5D24 000:119.793 - 0.266ms returns 0
T5D24 000:119.797 JLINK_HasError()
T5D24 000:119.808 JLINK_ReadMem(0x2000009B, 0x1 Bytes, ...)
T5D24 000:119.813   CPU_ReadMem(1 bytes @ 0x2000009B)
T5D24 000:120.018   Data:  01
T5D24 000:120.024 - 0.217ms returns 0
T5D24 000:120.028 JLINK_HasError()
T5D24 000:120.039 JLINK_ReadMem(0x2000009C, 0x1 Bytes, ...)
T5D24 000:120.044   CPU_ReadMem(1 bytes @ 0x2000009C)
T5D24 000:120.252   Data:  00
T5D24 000:120.258 - 0.243ms returns 0
T5D24 000:120.287 JLINK_HasError()
T5D24 000:120.300 JLINK_ReadMem(0x2000009D, 0x1 Bytes, ...)
T5D24 000:120.306   CPU_ReadMem(1 bytes @ 0x2000009D)
T5D24 000:120.516   Data:  00
T5D24 000:120.522 - 0.223ms returns 0
T5D24 000:120.526 JLINK_HasError()
T5D24 000:120.537 JLINK_ReadMem(0x2000009E, 0x1 Bytes, ...)
T5D24 000:120.543   CPU_ReadMem(1 bytes @ 0x2000009E)
T5D24 000:120.788   Data:  00
T5D24 000:120.794 - 0.258ms returns 0
T5D24 000:120.799 JLINK_HasError()
T5D24 000:120.809 JLINK_ReadMem(0x2000009F, 0x1 Bytes, ...)
T5D24 000:120.815   CPU_ReadMem(1 bytes @ 0x2000009F)
T5D24 000:121.024   Data:  00
T5D24 000:121.030 - 0.221ms returns 0
T5D24 000:121.034 JLINK_HasError()
T5D24 000:121.045 JLINK_ReadMem(0x200000A4, 0x1 Bytes, ...)
T5D24 000:121.050   CPU_ReadMem(1 bytes @ 0x200000A4)
T5D24 000:121.257   Data:  00
T5D24 000:121.263 - 0.219ms returns 0
T5D24 000:121.267 JLINK_HasError()
T5D24 000:121.278 JLINK_ReadMem(0x200000A8, 0x2 Bytes, ...)
T5D24 000:121.284   CPU_ReadMem(2 bytes @ 0x200000A8)
T5D24 000:121.490   Data:  00 00
T5D24 000:121.496 - 0.219ms returns 0
T5D24 000:121.501 JLINK_HasError()
T5D24 000:121.548 JLINK_ReadMem(0x200000AA, 0x2 Bytes, ...)
T5D24 000:121.556   CPU_ReadMem(2 bytes @ 0x200000AA)
T5D24 000:121.798   Data:  00 00
T5D24 000:121.804 - 0.258ms returns 0
T5D24 000:121.809 JLINK_HasError()
T5D24 000:121.823 JLINK_ReadMem(0x200000AC, 0x2 Bytes, ...)
T5D24 000:121.828   CPU_ReadMem(2 bytes @ 0x200000AC)
T5D24 000:122.036   Data:  00 FA
T5D24 000:122.042 - 0.221ms returns 0
T5D24 000:122.047 JLINK_HasError()
T5D24 000:122.058 JLINK_ReadMem(0x200000AE, 0x2 Bytes, ...)
T5D24 000:122.064   CPU_ReadMem(2 bytes @ 0x200000AE)
T5D24 000:122.274   Data:  01 F4
T5D24 000:122.280 - 0.224ms returns 0
T5D24 000:122.285 JLINK_HasError()
T5D24 000:122.295 JLINK_ReadMem(0x200000B0, 0x1 Bytes, ...)
T5D24 000:122.301   CPU_ReadMem(1 bytes @ 0x200000B0)
T5D24 000:122.506   Data:  00
T5D24 000:122.512 - 0.218ms returns 0
T5D24 000:122.517 JLINK_HasError()
T5D24 000:122.527 JLINK_ReadMem(0x200000B1, 0x1 Bytes, ...)
T5D24 000:122.533   CPU_ReadMem(1 bytes @ 0x200000B1)
T5D24 000:122.788   Data:  D2
T5D24 000:122.794 - 0.268ms returns 0
T5D24 000:122.798 JLINK_HasError()
T5D24 000:122.809 JLINK_ReadMem(0x200000B4, 0x1 Bytes, ...)
T5D24 000:122.814   CPU_ReadMem(1 bytes @ 0x200000B4)
T5D24 000:123.017   Data:  00
T5D24 000:123.023 - 0.216ms returns 0
T5D24 000:123.028 JLINK_HasError()
T5D24 000:123.038 JLINK_ReadMem(0x200000B5, 0x1 Bytes, ...)
T5D24 000:123.044   CPU_ReadMem(1 bytes @ 0x200000B5)
T5D24 000:123.250   Data:  00
T5D24 000:123.257 - 0.219ms returns 0
T5D24 000:123.261 JLINK_HasError()
T5D24 000:123.272 JLINK_ReadMem(0x200000B6, 0x2 Bytes, ...)
T5D24 000:123.278   CPU_ReadMem(2 bytes @ 0x200000B6)
T5D24 000:123.484   Data:  00 00
T5D24 000:123.490 - 0.219ms returns 0
T5D24 000:123.494 JLINK_HasError()
T5D24 000:123.509 JLINK_IsOpen()
T5D24 000:123.513 - 0.005ms returns 0x01
T5D24 000:130.434 JLINK_Close()
T5D24 000:132.990   OnDisconnectTarget() start
T5D24 000:132.999    J-Link Script File: Executing OnDisconnectTarget()
T5D24 000:133.014   CPU_WriteMem(4 bytes @ 0xE0042004)
T5D24 000:133.324   OnDisconnectTarget() end
T5D24 000:133.335   CPU_ReadMem(4 bytes @ 0xE0001000)
T5D24 000:153.305 - 22.882ms
T5D24 000:153.319   
T5D24 000:153.322   Closed
